<html>
<body>
<pre>
<h1>µVision Build Log</h1>
<h2>Project:</h2>
D:\Electronic Design\Aircraft\Program\CrazePony-II_Vber4.1.1\Aircraft\IMU_AHRS.uvproj
Project File Date:  08/23/2014

<h2>Output:</h2>
Build target 'IMU_AHRS'
linking...
Program Size: Code=30214 RO-data=2682 RW-data=136 ZI-data=3488  
FromELF: creating hex file...
".\Output\Aircraft.axf" - 0 Error(s), 0 Warning(s).
Build target 'IMU_AHRS'
linking...
Program Size: Code=30214 RO-data=2682 RW-data=136 ZI-data=3488  
FromELF: creating hex file...
".\Output\Aircraft.axf" - 0 Error(s), 0 Warning(s).
Build target 'IMU_AHRS'
compiling Control.c...
linking...
Program Size: Code=30218 RO-data=2678 RW-data=136 ZI-data=3488  
FromELF: creating hex file...
".\Output\Aircraft.axf" - 0 Error(s), 0 Warning(s).
Build target 'IMU_AHRS'
linking...
Program Size: Code=30218 RO-data=2678 RW-data=136 ZI-data=3488  
FromELF: creating hex file...
".\Output\Aircraft.axf" - 0 Error(s), 0 Warning(s).
Build target 'IMU_AHRS'
linking...
Program Size: Code=30218 RO-data=2678 RW-data=136 ZI-data=3488  
FromELF: creating hex file...
".\Output\Aircraft.axf" - 0 Error(s), 0 Warning(s).
Build target 'IMU_AHRS'
compiling main.c...
User_Src\main.c(37): warning:  #177-D: variable "i" was declared but never referenced
User_Src\main.c(76): error:  #169: expected a declaration
User_Src\main.c(79): warning: At end of source:  #12-D: parsing restarts here after previous syntax error
Target not created
