<html>
<body>
<pre>
<h1>礦ision Build Log</h1>
<h2>Project:</h2>
D:\Electronic Design\Aircraft\Program\飞行器程序_SYL改-考研后_Vber1.0\Aircraft_Vber1.0\IMU_AHRS.uvproj
Project File Date:  01/28/2014

<h2>Output:</h2>
Rebuild target 'IMU_AHRS'
compiling core_cm3.c...
compiling system_stm32f10x.c...
assembling startup_stm32f10x_md.s...
compiling delay.c...
compiling Led.c...
compiling MPU6050.c...
compiling IIC.c...
compiling Tim.c...
compiling Moto.c...
compiling NRF24L01.c...
compiling SPI.c...
compiling main.c...
compiling stm32f10x_it.c...
compiling Sys_Fun.c...
compiling misc.c...
compiling stm32f10x_gpio.c...
compiling stm32f10x_rcc.c...
compiling stm32f10x_tim.c...
compiling stm32f10x_usart.c...
compiling stm32f10x_flash.c...
compiling stm32f10x_i2c.c...
compiling stm32f10x_spi.c...
compiling Control.c...
compiling IMU.c...
compiling ReceiveData.c...
linking...
Program Size: Code=20300 RO-data=508 RW-data=192 ZI-data=1944  
FromELF: creating hex file...
".\Output\Aircraft.hex.axf" - 0 Error(s), 0 Warning(s).
Build target 'IMU_AHRS'
compiling main.c...
linking...
Program Size: Code=20300 RO-data=508 RW-data=192 ZI-data=1944  
FromELF: creating hex file...
".\Output\Aircraft.hex.axf" - 0 Error(s), 0 Warning(s).
Build target 'IMU_AHRS'
linking...
Program Size: Code=20300 RO-data=508 RW-data=192 ZI-data=1944  
FromELF: creating hex file...
".\Output\Aircraft.hex.axf" - 0 Error(s), 0 Warning(s).
Build target 'IMU_AHRS'
linking...
Program Size: Code=20300 RO-data=508 RW-data=192 ZI-data=1944  
FromELF: creating hex file...
".\Output\Aircraft.hex.axf" - 0 Error(s), 0 Warning(s).
Load "D:\\Electronic Design\\Aircraft\\Program\\飞行器程序_SYL改-考研后_Vber1.0\\Aircraft_Vber1.0\\Output\\Aircraft.hex" 
_____^
*** error 56: cannot open file
Build target 'IMU_AHRS'
linking...
Program Size: Code=20300 RO-data=508 RW-data=192 ZI-data=1944  
FromELF: creating hex file...
".\Output\Aircraft.hex.axf" - 0 Error(s), 0 Warning(s).
Build target 'IMU_AHRS'
linking...
Program Size: Code=20300 RO-data=508 RW-data=192 ZI-data=1944  
FromELF: creating hex file...
".\Output\Aircraft.hex.axf" - 0 Error(s), 0 Warning(s).
Build target 'IMU_AHRS'
linking...
Program Size: Code=20300 RO-data=508 RW-data=192 ZI-data=1944  
FromELF: creating hex file...
".\Output\Aircraft.hex.axf" - 0 Error(s), 0 Warning(s).
Build target 'IMU_AHRS'
linking...
Program Size: Code=20300 RO-data=508 RW-data=192 ZI-data=1944  
FromELF: creating hex file...
".\Output\Aircraft.hex.axf" - 0 Error(s), 0 Warning(s).
Build target 'IMU_AHRS'
linking...
Program Size: Code=20300 RO-data=508 RW-data=192 ZI-data=1944  
FromELF: creating hex file...
".\Output\Aircraft.hex.axf" - 0 Error(s), 0 Warning(s).
Build target 'IMU_AHRS'
linking...
Program Size: Code=20300 RO-data=508 RW-data=192 ZI-data=1944  
FromELF: creating hex file...
".\Output\Aircraft.hex.axf" - 0 Error(s), 0 Warning(s).
Load "D:\\Electronic Design\\Aircraft\\Program\\飞行器程序_SYL改-考研后_Vber1.0\\Aircraft_Vber1.0\\Output\\Aircraft.hex" 
_____^
*** error 56: cannot open file
Load "D:\\Electronic Design\\Aircraft\\Program\\飞行器程序_SYL改-考研后_Vber1.0\\Aircraft_Vber1.0\\Output\\Aircraft.hex" 
_____^
*** error 56: cannot open file
Build target 'IMU_AHRS'
linking...
Program Size: Code=20300 RO-data=508 RW-data=192 ZI-data=1944  
FromELF: creating hex file...
".\Output\Aircraft.hex.axf" - 0 Error(s), 0 Warning(s).
Load "D:\\Electronic Design\\Aircraft\\Program\\飞行器程序_SYL改-考研后_Vber1.0\\Aircraft_Vber1.0\\Output\\Aircraft.hex" 
_____^
*** error 56: cannot open file
Build target 'IMU_AHRS'
linking...
Program Size: Code=20300 RO-data=508 RW-data=192 ZI-data=1944  
FromELF: creating hex file...
".\Output\Aircraft.hex.axf" - 0 Error(s), 0 Warning(s).
Build target 'IMU_AHRS'
linking...
Program Size: Code=20300 RO-data=508 RW-data=192 ZI-data=1944  
FromELF: creating hex file...
".\Output\Aircraft.hex.axf" - 0 Error(s), 0 Warning(s).
Load "D:\\Electronic Design\\Aircraft\\Program\\飞行器程序_SYL改-考研后_Vber1.0\\Aircraft_Vber1.0\\Output\\Aircraft.hex" 
_____^
*** error 56: cannot open file
Build target 'IMU_AHRS'
linking...
Program Size: Code=20300 RO-data=508 RW-data=192 ZI-data=1944  
".\Output\Aircraft.axf" - 0 Error(s), 0 Warning(s).
Load "D:\\Electronic Design\\Aircraft\\Program\\飞行器程序_SYL改-考研后_Vber1.0\\Aircraft_Vber1.0\\Output\\Aircraft.AXF" 
Internal DLL Error
Build target 'IMU_AHRS'
linking...
Program Size: Code=20300 RO-data=508 RW-data=192 ZI-data=1944  
".\Output\Aircraft.axf" - 0 Error(s), 0 Warning(s).
Load "D:\\Electronic Design\\Aircraft\\Program\\飞行器程序_SYL改-考研后_Vber1.0\\Aircraft_Vber1.0\\Output\\Aircraft.AXF" 
Internal DLL Error
Build target 'IMU_AHRS'
linking...
Program Size: Code=20300 RO-data=508 RW-data=192 ZI-data=1944  
".\Output\Aircraft.axf" - 0 Error(s), 0 Warning(s).
Build target 'IMU_AHRS'
compiling Tim.c...
linking...
Program Size: Code=20300 RO-data=508 RW-data=192 ZI-data=1944  
".\Output\Aircraft.axf" - 0 Error(s), 0 Warning(s).
Build target 'IMU_AHRS'
linking...
Program Size: Code=20300 RO-data=508 RW-data=192 ZI-data=1944  
".\Output\Aircraft.axf" - 0 Error(s), 0 Warning(s).
Rebuild target 'IMU_AHRS'
compiling core_cm3.c...
compiling system_stm32f10x.c...
assembling startup_stm32f10x_md.s...
compiling delay.c...
compiling Led.c...
compiling MPU6050.c...
compiling IIC.c...
compiling Tim.c...
compiling Moto.c...
compiling NRF24L01.c...
compiling SPI.c...
compiling main.c...
compiling stm32f10x_it.c...
compiling Sys_Fun.c...
compiling misc.c...
compiling stm32f10x_gpio.c...
compiling stm32f10x_rcc.c...
compiling stm32f10x_tim.c...
compiling stm32f10x_usart.c...
compiling stm32f10x_flash.c...
compiling stm32f10x_i2c.c...
compiling stm32f10x_spi.c...
compiling Control.c...
compiling IMU.c...
compiling ReceiveData.c...
linking...
Program Size: Code=20300 RO-data=508 RW-data=192 ZI-data=1944  
".\Output\Aircraft.axf" - 0 Error(s), 0 Warning(s).
Build target 'IMU_AHRS'
linking...
Program Size: Code=20300 RO-data=508 RW-data=192 ZI-data=1944  
".\Output\Aircraft.axf" - 0 Error(s), 0 Warning(s).
Load "D:\\Electronic Design\\Aircraft\\Program\\飞行器程序_SYL改-考研后_Vber1.0\\Aircraft_Vber1.0\\Output\\Aircraft.AXF" 
Internal DLL Error
Build target 'IMU_AHRS'
compiling MPU6050.c...
compiling IIC.c...
compiling Tim.c...
compiling Moto.c...
compiling main.c...
compiling Sys_Fun.c...
compiling Control.c...
Control\C\Control.c(33): error:  #20: identifier "While1_Lasttime" is undefined
compiling IMU.c...
compiling ReceiveData.c...
Target not created
Build target 'IMU_AHRS'
compiling MPU6050.c...
compiling IIC.c...
compiling Tim.c...
compiling Moto.c...
compiling main.c...
compiling Sys_Fun.c...
compiling Control.c...
compiling IMU.c...
compiling ReceiveData.c...
linking...
Program Size: Code=20300 RO-data=508 RW-data=192 ZI-data=1944  
".\Output\Aircraft.axf" - 0 Error(s), 0 Warning(s).
Rebuild target 'IMU_AHRS'
compiling core_cm3.c...
compiling system_stm32f10x.c...
assembling startup_stm32f10x_md.s...
compiling delay.c...
compiling Led.c...
compiling MPU6050.c...
compiling IIC.c...
compiling Tim.c...
compiling Moto.c...
compiling NRF24L01.c...
compiling SPI.c...
compiling main.c...
compiling stm32f10x_it.c...
compiling Sys_Fun.c...
compiling misc.c...
compiling stm32f10x_gpio.c...
compiling stm32f10x_rcc.c...
compiling stm32f10x_tim.c...
compiling stm32f10x_usart.c...
compiling stm32f10x_flash.c...
compiling stm32f10x_i2c.c...
compiling stm32f10x_spi.c...
compiling Control.c...
compiling IMU.c...
compiling ReceiveData.c...
linking...
Program Size: Code=20300 RO-data=508 RW-data=192 ZI-data=1944  
".\Output\Aircraft.axf" - 0 Error(s), 0 Warning(s).
Build target 'IMU_AHRS'
compiling main.c...
User_Src\main.c(48): warning:  #223-D: function "PWR_BackupAccessCmd" declared implicitly
linking...
.\Output\Aircraft.axf: Error: L6218E: Undefined symbol PWR_BackupAccessCmd (referred from main.o).
Target not created
Build target 'IMU_AHRS'
compiling main.c...
linking...
Program Size: Code=20300 RO-data=508 RW-data=192 ZI-data=1944  
".\Output\Aircraft.axf" - 0 Error(s), 0 Warning(s).
Build target 'IMU_AHRS'
compiling main.c...
linking...
Program Size: Code=20300 RO-data=508 RW-data=192 ZI-data=1944  
".\Output\Aircraft.axf" - 0 Error(s), 0 Warning(s).
Rebuild target 'IMU_AHRS'
compiling core_cm3.c...
compiling system_stm32f10x.c...
assembling startup_stm32f10x_md.s...
compiling delay.c...
compiling Led.c...
compiling MPU6050.c...
compiling IIC.c...
compiling Tim.c...
compiling Moto.c...
compiling NRF24L01.c...
compiling SPI.c...
compiling main.c...
compiling stm32f10x_it.c...
compiling Sys_Fun.c...
compiling misc.c...
compiling stm32f10x_gpio.c...
compiling stm32f10x_rcc.c...
compiling stm32f10x_tim.c...
compiling stm32f10x_usart.c...
compiling stm32f10x_flash.c...
compiling stm32f10x_i2c.c...
compiling stm32f10x_spi.c...
compiling Control.c...
compiling IMU.c...
compiling ReceiveData.c...
linking...
Program Size: Code=20300 RO-data=508 RW-data=192 ZI-data=1944  
".\Output\Aircraft.axf" - 0 Error(s), 0 Warning(s).
Rebuild target 'IMU_AHRS'
compiling core_cm3.c...
compiling system_stm32f10x.c...
assembling startup_stm32f10x_md.s...
compiling delay.c...
compiling Led.c...
compiling MPU6050.c...
compiling IIC.c...
compiling Tim.c...
compiling Moto.c...
compiling NRF24L01.c...
compiling SPI.c...
compiling main.c...
compiling stm32f10x_it.c...
compiling Sys_Fun.c...
compiling misc.c...
compiling stm32f10x_gpio.c...
compiling stm32f10x_rcc.c...
compiling stm32f10x_tim.c...
compiling stm32f10x_usart.c...
compiling stm32f10x_flash.c...
compiling stm32f10x_i2c.c...
compiling stm32f10x_spi.c...
compiling Control.c...
compiling IMU.c...
compiling ReceiveData.c...
linking...
Program Size: Code=20300 RO-data=508 RW-data=192 ZI-data=1944  
".\Output\Aircraft.axf" - 0 Error(s), 0 Warning(s).
Rebuild target 'IMU_AHRS'
compiling core_cm3.c...
compiling system_stm32f10x.c...
assembling startup_stm32f10x_md.s...
compiling delay.c...
compiling Led.c...
compiling MPU6050.c...
compiling IIC.c...
compiling Tim.c...
compiling Moto.c...
compiling NRF24L01.c...
compiling SPI.c...
compiling main.c...
compiling stm32f10x_it.c...
compiling Sys_Fun.c...
compiling misc.c...
compiling stm32f10x_gpio.c...
compiling stm32f10x_rcc.c...
compiling stm32f10x_tim.c...
compiling stm32f10x_usart.c...
compiling stm32f10x_flash.c...
compiling stm32f10x_i2c.c...
compiling stm32f10x_spi.c...
compiling Control.c...
compiling IMU.c...
compiling ReceiveData.c...
linking...
Program Size: Code=20300 RO-data=508 RW-data=192 ZI-data=1944  
".\Output\Aircraft.axf" - 0 Error(s), 0 Warning(s).
Rebuild target 'IMU_AHRS'
compiling core_cm3.c...
compiling system_stm32f10x.c...
assembling startup_stm32f10x_md.s...
compiling delay.c...
compiling Led.c...
compiling MPU6050.c...
compiling IIC.c...
compiling Tim.c...
compiling Moto.c...
compiling NRF24L01.c...
compiling SPI.c...
compiling main.c...
compiling stm32f10x_it.c...
compiling Sys_Fun.c...
compiling misc.c...
compiling stm32f10x_gpio.c...
compiling stm32f10x_rcc.c...
compiling stm32f10x_tim.c...
compiling stm32f10x_usart.c...
compiling stm32f10x_flash.c...
compiling stm32f10x_i2c.c...
compiling stm32f10x_spi.c...
compiling Control.c...
compiling IMU.c...
compiling ReceiveData.c...
linking...
Program Size: Code=20300 RO-data=508 RW-data=192 ZI-data=1944  
".\Output\Aircraft.axf" - 0 Error(s), 0 Warning(s).
