ARM Linker, 5.02 [Build 28] [MDK-ARM Standard]

==============================================================================

Section Cross References

    system_stm32f10x.o(.text) refers to system_stm32f10x.o(.data) for SystemCoreClock
    startup_stm32f10x_md.o(STACK) refers (Special) to heapauxi.o(.text) for __use_two_region_memory
    startup_stm32f10x_md.o(HEAP) refers (Special) to heapauxi.o(.text) for __use_two_region_memory
    startup_stm32f10x_md.o(RESET) refers (Special) to heapauxi.o(.text) for __use_two_region_memory
    startup_stm32f10x_md.o(RESET) refers to startup_stm32f10x_md.o(STACK) for __initial_sp
    startup_stm32f10x_md.o(RESET) refers to startup_stm32f10x_md.o(.text) for Reset_Handler
    startup_stm32f10x_md.o(RESET) refers to stm32f10x_it.o(.text) for NMI_Handler
    startup_stm32f10x_md.o(RESET) refers to tim.o(.text) for TIM3_IRQHandler
    startup_stm32f10x_md.o(RESET) refers to uart1.o(.text) for USART1_IRQHandler
    startup_stm32f10x_md.o(.text) refers (Special) to heapauxi.o(.text) for __use_two_region_memory
    startup_stm32f10x_md.o(.text) refers to system_stm32f10x.o(.text) for SystemInit
    startup_stm32f10x_md.o(.text) refers to __main.o(!!!main) for __main
    startup_stm32f10x_md.o(.text) refers to startup_stm32f10x_md.o(HEAP) for Heap_Mem
    startup_stm32f10x_md.o(.text) refers to startup_stm32f10x_md.o(STACK) for Stack_Mem
    delay.o(.text) refers to noretval__2printf.o(.text) for __2printf
    delay.o(.text) refers to delay.o(.data) for fac_us
    led.o(.text) refers to stm32f10x_gpio.o(.text) for GPIO_ResetBits
    led.o(.text) refers to noretval__2printf.o(.text) for __2printf
    mpu6050.o(.text) refers to stm32f10x_gpio.o(.text) for GPIO_ReadInputDataBit
    mpu6050.o(.text) refers to iic.o(.text) for IICwriteBits
    mpu6050.o(.text) refers to noretval__2printf.o(.text) for __2printf
    mpu6050.o(.text) refers to mpu6050.o(.bss) for buffer
    iic.o(.text) refers to stm32f10x_rcc.o(.text) for RCC_APB2PeriphClockCmd
    iic.o(.text) refers to stm32f10x_gpio.o(.text) for GPIO_Init
    iic.o(.text) refers to noretval__2printf.o(.text) for __2printf
    iic.o(.text) refers to delay.o(.text) for delay_us
    tim.o(.text) refers to stm32f10x_tim.o(.text) for TIM_GetITStatus
    tim.o(.text) refers to control.o(.text) for Controler
    tim.o(.text) refers to f2d.o(x$fpl$f2d) for __aeabi_f2d
    tim.o(.text) refers to drleqf.o(x$fpl$drleqf) for __aeabi_cdrcmple
    tim.o(.text) refers to stm32f10x_gpio.o(.text) for GPIO_ResetBits
    tim.o(.text) refers to battery.o(.text) for GetBatteryAD
    tim.o(.text) refers to dflt_clz.o(x$fpl$dflt) for __aeabi_i2d
    tim.o(.text) refers to ddiv.o(x$fpl$ddiv) for __aeabi_ddiv
    tim.o(.text) refers to dmul.o(x$fpl$dmul) for __aeabi_dmul
    tim.o(.text) refers to d2f.o(x$fpl$d2f) for __aeabi_d2f
    tim.o(.text) refers to stm32f10x_rcc.o(.text) for RCC_APB1PeriphClockCmd
    tim.o(.text) refers to noretval__2printf.o(.text) for __2printf
    tim.o(.text) refers to misc.o(.text) for NVIC_PriorityGroupConfig
    tim.o(.text) refers to tim.o(.data) for LedCounter
    tim.o(.text) refers to battery.o(.data) for BatteryVal
    moto.o(.text) refers to stm32f10x_rcc.o(.text) for RCC_APB2PeriphClockCmd
    moto.o(.text) refers to stm32f10x_gpio.o(.text) for GPIO_Init
    moto.o(.text) refers to stm32f10x_tim.o(.text) for TIM_DeInit
    moto.o(.text) refers to noretval__2printf.o(.text) for __2printf
    moto.o(.text) refers to system_stm32f10x.o(.data) for SystemCoreClock
    nrf24l01.o(.text) refers to stm32f10x_gpio.o(.text) for GPIO_ResetBits
    nrf24l01.o(.text) refers to spi.o(.text) for SPI_RW
    nrf24l01.o(.text) refers to noretval__2printf.o(.text) for __2printf
    nrf24l01.o(.text) refers to receivedata.o(.text) for ReceiveDataFormNRF
    nrf24l01.o(.text) refers to nrf24l01.o(.data) for RX_ADDRESS
    nrf24l01.o(.text) refers to nrf24l01.o(.bss) for NRF24L01_RXDATA
    spi.o(.text) refers to stm32f10x_rcc.o(.text) for RCC_APB2PeriphClockCmd
    spi.o(.text) refers to stm32f10x_gpio.o(.text) for GPIO_Init
    spi.o(.text) refers to stm32f10x_spi.o(.text) for SPI_Init
    spi.o(.text) refers to noretval__2printf.o(.text) for __2printf
    stmflash.o(.text) refers to noretval__2printf.o(.text) for __2printf
    stmflash.o(.text) refers to delay.o(.text) for delay_us
    stmflash.o(.text) refers to stmflash.o(.bss) for STMFLASH_BUF
    uart1.o(.text) refers (Special) to use_no_semi_2.o(.text) for __use_no_semihosting
    uart1.o(.text) refers to _printf_percent.o(.ARM.Collect$$_printf_percent$$00000000) for _printf_percent
    uart1.o(.text) refers to _printf_d.o(.ARM.Collect$$_printf_percent$$00000009) for _printf_d
    uart1.o(.text) refers to _printf_dec.o(.text) for _printf_int_dec
    uart1.o(.text) refers to misc.o(.text) for NVIC_Init
    uart1.o(.text) refers to fflt_clz.o(x$fpl$ffltu) for __aeabi_ui2f
    uart1.o(.text) refers to fdiv.o(x$fpl$fdiv) for __aeabi_fdiv
[...]
    .text                                    0x08005b82   Section        0  _printf_intcommon.o(.text)
    .text                                    0x08005c3c   Section        0  _printf_char_file.o(.text)
    .text                                    0x08005c60   Section        8  rt_errno_addr_intlibspace.o(.text)
    .text                                    0x08005c68   Section        0  _printf_char_common.o(.text)
    _printf_input_char                       0x08005c69   Thumb Code    10  _printf_char_common.o(.text)
    .text                                    0x08005c98   Section        0  ferror.o(.text)
    .text                                    0x08005ca0   Section        8  libspace.o(.text)
    .text                                    0x08005ca8   Section       74  sys_stackheap_outer.o(.text)
    .text                                    0x08005cf2   Section        0  exit.o(.text)
    i.__ARM_fpclassify                       0x08005cfe   Section        0  fpclassify.o(i.__ARM_fpclassify)
    i.__kernel_poly                          0x08005d26   Section        0  poly.o(i.__kernel_poly)
    i.__mathlib_dbl_underflow                0x08005dd0   Section        0  dunder.o(i.__mathlib_dbl_underflow)
    i.asin                                   0x08005de0   Section        0  asin.o(i.asin)
    i.atan                                   0x0800605c   Section        0  atan.o(i.atan)
    i.atan2                                  0x08006280   Section        0  atan2.o(i.atan2)
    i.sqrt                                   0x08006400   Section        0  sqrt.o(i.sqrt)
    x$fpl$d2f                                0x08006450   Section       98  d2f.o(x$fpl$d2f)
    x$fpl$dadd                               0x080064b4   Section      336  daddsub_clz.o(x$fpl$dadd)
    _dadd1                                   0x080064c5   Thumb Code     0  daddsub_clz.o(x$fpl$dadd)
    x$fpl$dcheck1                            0x08006604   Section       16  dcheck1.o(x$fpl$dcheck1)
    x$fpl$dcmpinf                            0x08006614   Section       24  dcmpi.o(x$fpl$dcmpinf)
    x$fpl$ddiv                               0x0800662c   Section      688  ddiv.o(x$fpl$ddiv)
    ddiv_entry                               0x08006633   Thumb Code     0  ddiv.o(x$fpl$ddiv)
    x$fpl$dfix                               0x080068dc   Section       94  dfix.o(x$fpl$dfix)
    x$fpl$dflt                               0x0800693a   Section       46  dflt_clz.o(x$fpl$dflt)
    x$fpl$dleqf                              0x08006968   Section      120  dleqf.o(x$fpl$dleqf)
    x$fpl$dmul                               0x080069e0   Section      340  dmul.o(x$fpl$dmul)
    x$fpl$dnaninf                            0x08006b34   Section      156  dnaninf.o(x$fpl$dnaninf)
    x$fpl$dretinf                            0x08006bd0   Section       12  dretinf.o(x$fpl$dretinf)
    x$fpl$drleqf                             0x08006bdc   Section      108  drleqf.o(x$fpl$drleqf)
    x$fpl$drsb                               0x08006c48   Section       22  daddsub_clz.o(x$fpl$drsb)
    x$fpl$dsqrt                              0x08006c60   Section      460  dsqrt_noumaal.o(x$fpl$dsqrt)
    x$fpl$dsub                               0x08006e2c   Section      468  daddsub_clz.o(x$fpl$dsub)
    _dsub1                                   0x08006e3d   Thumb Code     0  daddsub_clz.o(x$fpl$dsub)
    x$fpl$f2d                                0x08007000   Section       86  f2d.o(x$fpl$f2d)
    x$fpl$fadd                               0x08007058   Section      196  faddsub_clz.o(x$fpl$fadd)
    _fadd1                                   0x08007067   Thumb Code     0  faddsub_clz.o(x$fpl$fadd)
    x$fpl$fdiv                               0x0800711c   Section      388  fdiv.o(x$fpl$fdiv)
    _fdiv1                                   0x0800711d   Thumb Code     0  fdiv.o(x$fpl$fdiv)
    x$fpl$ffix                               0x080072a0   Section       54  ffix.o(x$fpl$ffix)
    x$fpl$ffixu                              0x080072d8   Section       62  ffixu.o(x$fpl$ffixu)
    x$fpl$fflt                               0x08007318   Section       48  fflt_clz.o(x$fpl$fflt)
    x$fpl$ffltu                              0x08007348   Section       38  fflt_clz.o(x$fpl$ffltu)
    x$fpl$fmul                               0x08007370   Section      258  fmul.o(x$fpl$fmul)
    x$fpl$fnaninf                            0x08007472   Section      140  fnaninf.o(x$fpl$fnaninf)
    x$fpl$fretinf                            0x080074fe   Section       10  fretinf.o(x$fpl$fretinf)
    x$fpl$frsb                               0x08007508   Section       20  faddsub_clz.o(x$fpl$frsb)
    x$fpl$fsub                               0x0800751c   Section      234  faddsub_clz.o(x$fpl$fsub)
    _fsub1                                   0x0800752b   Thumb Code     0  faddsub_clz.o(x$fpl$fsub)
    x$fpl$retnan                             0x08007606   Section      100  retnan.o(x$fpl$retnan)
    x$fpl$scalbn                             0x0800766a   Section       92  scalbn.o(x$fpl$scalbn)
    x$fpl$trapveneer                         0x080076c6   Section       48  trapv.o(x$fpl$trapveneer)
    .constdata                               0x080076f6   Section     2168  dmp.o(.constdata)
    x$fpl$usenofp                            0x080076f6   Section        0  usenofp.o(x$fpl$usenofp)
    .constdata                               0x08007f70   Section       80  asin.o(.constdata)
    pS                                       0x08007f70   Data          48  asin.o(.constdata)
    qS                                       0x08007fa0   Data          32  asin.o(.constdata)
    .constdata                               0x08007fc0   Section      152  atan.o(.constdata)
    atanhi                                   0x08007fc0   Data          32  atan.o(.constdata)
    atanlo                                   0x08007fe0   Data          32  atan.o(.constdata)
    aTodd                                    0x08008000   Data          40  atan.o(.constdata)
    aTeven                                   0x08008028   Data          48  atan.o(.constdata)
    .constdata                               0x08008058   Section        8  qnan.o(.constdata)
    .data                                    0x20000000   Section       20  system_stm32f10x.o(.data)
    .data                                    0x20000014   Section        4  delay.o(.data)
    fac_us                                   0x20000014   Data           1  delay.o(.data)
    fac_ms                                   0x20000016   Data           2  delay.o(.data)
    .data                                    0x20000018   Section        8  tim.o(.data)
    .data                                    0x20000020   Section       10  nrf24l01.o(.data)
    .data                                    0x2000002c   Section        5  uart1.o(.data)
    .data                                    0x20000034   Section        8  battery.o(.data)
    .data                                    0x2000003c   Section        6  dmp.o(.data)
    .data                                    0x20000042   Section        1  sys_fun.o(.data)
    .data                                    0x20000043   Section       20  stm32f10x_rcc.o(.data)
    APBAHBPrescTable                         0x20000043   Data          16  stm32f10x_rcc.o(.data)
    ADCPrescTable                            0x20000053   Data           4  stm32f10x_rcc.o(.data)
    .data                                    0x20000058   Section       36  control.o(.data)
    Counter_Cnt                              0x2000005c   Data           1  control.o(.data)
    Thr                                      0x20000060   Data           4  control.o(.data)
    Rool                                     0x20000064   Data           4  control.o(.data)
    Pitch                                    0x20000068   Data           4  control.o(.data)
    Yaw                                      0x2000006c   Data           4  control.o(.data)
    .data                                    0x2000007c   Section       12  receivedata.o(.data)
    .bss                                     0x20000088   Section      178  mpu6050.o(.bss)
    .bss                                     0x2000013a   Section       64  nrf24l01.o(.bss)
    .bss                                     0x2000017a   Section     1024  stmflash.o(.bss)
    .bss                                     0x2000057c   Section       88  uart1.o(.bss)
    .bss                                     0x200005d4   Section      156  dmp.o(.bss)
    .bss                                     0x20000670   Section      324  control.o(.bss)
    .bss                                     0x200007b4   Section       16  receivedata.o(.bss)
    .bss                                     0x200007c4   Section       96  libspace.o(.bss)
    HEAP                                     0x20000828   Section      512  startup_stm32f10x_md.o(HEAP)
    Heap_Mem                                 0x20000828   Data         512  startup_stm32f10x_md.o(HEAP)
    STACK                                    0x20000a28   Section     1024  startup_stm32f10x_md.o(STACK)
    Stack_Mem                                0x20000a28   Data        1024  startup_stm32f10x_md.o(STACK)
    __initial_sp                             0x20000e28   Data           0  startup_stm32f10x_md.o(STACK)

    Global Symbols

    Symbol Name                              Value     Ov Type        Size  Object(Section)

    BuildAttributes$$THM_ISAv4$P$D$K$B$S$PE$A:L22UL41UL21$X:L11$S22US41US21$IEEE1$IW$USESV6$~STKCKD$USESV7$~SHL$OTIME$ROPI$IEEEX$EBA8$UX$STANDARDLIB$REQ8$PRES8$EABIv2 0x00000000   Number         0  anon$$obj.o ABSOLUTE
    __ARM_use_no_argv                        0x00000000   Number         0  main.o ABSOLUTE
    __ARM_exceptions_init                     - Undefined Weak Reference
    __alloca_initialize                       - Undefined Weak Reference
    __cpp_initialize__aeabi_                  - Undefined Weak Reference
    __cxa_finalize                            - Undefined Weak Reference
    __rt_locale                               - Undefined Weak Reference
    __sigvec_lookup                           - Undefined Weak Reference
    _atexit_init                              - Undefined Weak Reference
    _call_atexit_fns                          - Undefined Weak Reference
    _clock_init                               - Undefined Weak Reference
    _fp_trap_init                             - Undefined Weak Reference
    _fp_trap_shutdown                         - Undefined Weak Reference
    _get_lc_collate                           - Undefined Weak Reference
    _get_lc_ctype                             - Undefined Weak Reference
    _get_lc_monetary                          - Undefined Weak Reference
    _get_lc_numeric                           - Undefined Weak Reference
    _get_lc_time                              - Undefined Weak Reference
    _getenv_init                              - Undefined Weak Reference
    _handle_redirection                       - Undefined Weak Reference
    _init_alloc                               - Undefined Weak Reference
    _init_user_alloc                          - Undefined Weak Reference
    _initio                                   - Undefined Weak Reference
    _mutex_acquire                            - Undefined Weak Reference
    _mutex_release                            - Undefined Weak Reference
    _printf_post_padding                      - Undefined Weak Reference
    _printf_pre_padding                       - Undefined Weak Reference
    _printf_truncate_signed                   - Undefined Weak Reference
    _printf_truncate_unsigned                 - Undefined Weak Reference
    _rand_init                                - Undefined Weak Reference
    _signal_finish                            - Undefined Weak Reference
    _signal_init                              - Undefined Weak Reference
    _terminate_alloc                          - Undefined Weak Reference
    _terminate_user_alloc                     - Undefined Weak Reference
    _terminateio                              - Undefined Weak Reference
    __Vectors_Size                           0x000000ec   Number         0  startup_stm32f10x_md.o ABSOLUTE
    __Vectors                                0x08000000   Data           4  startup_stm32f10x_md.o(RESET)
    __Vectors_End                            0x080000ec   Data           0  startup_stm32f10x_md.o(RESET)
    __main                                   0x080000ed   Thumb Code     8  __main.o(!!!main)
    __scatterload                            0x080000f5   Thumb Code     0  __scatter.o(!!!scatter)
    __scatterload_rt2                        0x080000f5   Thumb Code    44  __scatter.o(!!!scatter)
    __scatterload_rt2_thumb_only             0x080000f5   Thumb Code     0  __scatter.o(!!!scatter)
    __scatterload_null                       0x08000103   Thumb Code     0  __scatter.o(!!!scatter)
    __scatterload_copy                       0x08000129   Thumb Code    26  __scatter_copy.o(!!handler_copy)
    __scatterload_zeroinit                   0x08000145   Thumb Code    28  __scatter_zi.o(!!handler_zi)
    _printf_d                                0x08000161   Thumb Code     0  _printf_d.o(.ARM.Collect$$_printf_percent$$00000009)
    _printf_percent                          0x08000161   Thumb Code     0  _printf_percent.o(.ARM.Collect$$_printf_percent$$00000000)
    _printf_percent_end                      0x08000167   Thumb Code     0  _printf_percent_end.o(.ARM.Collect$$_printf_percent$$00000017)
    __rt_lib_init                            0x0800016b   Thumb Code     0  libinit.o(.ARM.Collect$$libinit$$00000000)
    __rt_lib_init_alloca_1                   0x0800016d   Thumb Code     0  libinit2.o(.ARM.Collect$$libinit$$0000002C)
    __rt_lib_init_argv_1                     0x0800016d   Thumb Code     0  libinit2.o(.ARM.Collect$$libinit$$0000002A)
    __rt_lib_init_atexit_1                   0x0800016d   Thumb Code     0  libinit2.o(.ARM.Collect$$libinit$$00000019)
    __rt_lib_init_clock_1                    0x0800016d   Thumb Code     0  libinit2.o(.ARM.Collect$$libinit$$0000001F)
    __rt_lib_init_cpp_1                      0x0800016d   Thumb Code     0  libinit2.o(.ARM.Collect$$libinit$$00000030)
    __rt_lib_init_exceptions_1               0x0800016d   Thumb Code     0  libinit2.o(.ARM.Collect$$libinit$$0000002E)
    __rt_lib_init_fp_1                       0x0800016d   Thumb Code     0  libinit2.o(.ARM.Collect$$libinit$$00000002)
    __rt_lib_init_fp_trap_1                  0x0800016d   Thumb Code     0  libinit2.o(.ARM.Collect$$libinit$$0000001D)
    __rt_lib_init_getenv_1                   0x0800016d   Thumb Code     0  libinit2.o(.ARM.Collect$$libinit$$00000021)
    __rt_lib_init_heap_1                     0x0800016d   Thumb Code     0  libinit2.o(.ARM.Collect$$libinit$$00000008)
    __rt_lib_init_lc_collate_1               0x0800016d   Thumb Code     0  libinit2.o(.ARM.Collect$$libinit$$0000000F)
    __rt_lib_init_lc_ctype_1                 0x0800016d   Thumb Code     0  libinit2.o(.ARM.Collect$$libinit$$00000011)
    __rt_lib_init_lc_monetary_1              0x0800016d   Thumb Code     0  libinit2.o(.ARM.Collect$$libinit$$00000013)
    __rt_lib_init_lc_numeric_1               0x0800016d   Thumb Code     0  libinit2.o(.ARM.Collect$$libinit$$00000015)
    __rt_lib_init_lc_time_1                  0x0800016d   Thumb Code     0  libinit2.o(.ARM.Collect$$libinit$$00000017)
    __rt_lib_init_rand_1                     0x0800016d   Thumb Code     0  libinit2.o(.ARM.Collect$$libinit$$0000000C)
    __rt_lib_init_return                     0x0800016d   Thumb Code     0  libinit2.o(.ARM.Collect$$libinit$$00000031)
    __rt_lib_init_signal_1                   0x0800016d   Thumb Code     0  libinit2.o(.ARM.Collect$$libinit$$0000001B)
    __rt_lib_init_stdio_1                    0x0800016d   Thumb Code     0  libinit2.o(.ARM.Collect$$libinit$$00000023)
    __rt_lib_init_user_alloc_1               0x0800016d   Thumb Code     0  libinit2.o(.ARM.Collect$$libinit$$0000000A)
    __rt_lib_shutdown                        0x0800016f   Thumb Code     0  libshutdown.o(.ARM.Collect$$libshutdown$$00000000)
    __rt_lib_shutdown_fp_trap_1              0x08000171   Thumb Code     0  libshutdown2.o(.ARM.Collect$$libshutdown$$00000006)
    __rt_lib_shutdown_heap_1                 0x08000171   Thumb Code     0  libshutdown2.o(.ARM.Collect$$libshutdown$$0000000E)
    __rt_lib_shutdown_return                 0x08000171   Thumb Code     0  libshutdown2.o(.ARM.Collect$$libshutdown$$0000000F)
    __rt_lib_shutdown_signal_1               0x08000171   Thumb Code     0  libshutdown2.o(.ARM.Collect$$libshutdown$$00000009)
    __rt_lib_shutdown_stdio_1                0x08000171   Thumb Code     0  libshutdown2.o(.ARM.Collect$$libshutdown$$00000003)
    __rt_lib_shutdown_user_alloc_1           0x08000171   Thumb Code     0  libshutdown2.o(.ARM.Collect$$libshutdown$$0000000B)
    __rt_entry                               0x08000173   Thumb Code     0  rtentry.o(.ARM.Collect$$rtentry$$00000000)
    __rt_entry_presh_1                       0x08000173   Thumb Code     0  rtentry2.o(.ARM.Collect$$rtentry$$00000002)
    __rt_entry_sh                            0x08000173   Thumb Code     0  rtentry4.o(.ARM.Collect$$rtentry$$00000004)
    __rt_entry_li                            0x08000179   Thumb Code     0  rtentry2.o(.ARM.Collect$$rtentry$$0000000A)
    __rt_entry_postsh_1                      0x08000179   Thumb Code     0  rtentry2.o(.ARM.Collect$$rtentry$$00000009)
    __rt_entry_main                          0x0800017d   Thumb Code     0  rtentry2.o(.ARM.Collect$$rtentry$$0000000D)
    __rt_entry_postli_1                      0x0800017d   Thumb Code     0  rtentry2.o(.ARM.Collect$$rtentry$$0000000C)
    __rt_exit                                0x08000185   Thumb Code     0  rtexit.o(.ARM.Collect$$rtexit$$00000000)
    __rt_exit_ls                             0x08000187   Thumb Code     0  rtexit2.o(.ARM.Collect$$rtexit$$00000003)
    __rt_exit_prels_1                        0x08000187   Thumb Code     0  rtexit2.o(.ARM.Collect$$rtexit$$00000002)
    __rt_exit_exit                           0x0800018b   Thumb Code     0  rtexit2.o(.ARM.Collect$$rtexit$$00000004)
    SystemInit                               0x08000259   Thumb Code    78  system_stm32f10x.o(.text)
    SystemCoreClockUpdate                    0x080002a7   Thumb Code   142  system_stm32f10x.o(.text)
    Reset_Handler                            0x08000359   Thumb Code     8  startup_stm32f10x_md.o(.text)
    ADC1_2_IRQHandler                        0x08000373   Thumb Code     0  startup_stm32f10x_md.o(.text)
    CAN1_RX1_IRQHandler                      0x08000373   Thumb Code     0  startup_stm32f10x_md.o(.text)
    CAN1_SCE_IRQHandler                      0x08000373   Thumb Code     0  startup_stm32f10x_md.o(.text)
    DMA1_Channel1_IRQHandler                 0x08000373   Thumb Code     0  startup_stm32f10x_md.o(.text)
    DMA1_Channel2_IRQHandler                 0x08000373   Thumb Code     0  startup_stm32f10x_md.o(.text)
    DMA1_Channel3_IRQHandler                 0x08000373   Thumb Code     0  startup_stm32f10x_md.o(.text)
    DMA1_Channel4_IRQHandler                 0x08000373   Thumb Code     0  startup_stm32f10x_md.o(.text)
    DMA1_Channel5_IRQHandler                 0x08000373   Thumb Code     0  startup_stm32f10x_md.o(.text)
    DMA1_Channel6_IRQHandler                 0x08000373   Thumb Code     0  startup_stm32f10x_md.o(.text)
    DMA1_Channel7_IRQHandler                 0x08000373   Thumb Code     0  startup_stm32f10x_md.o(.text)
    EXTI0_IRQHandler                         0x08000373   Thumb Code     0  startup_stm32f10x_md.o(.text)
    EXTI15_10_IRQHandler                     0x08000373   Thumb Code     0  startup_stm32f10x_md.o(.text)
    EXTI1_IRQHandler                         0x08000373   Thumb Code     0  startup_stm32f10x_md.o(.text)
    EXTI2_IRQHandler                         0x08000373   Thumb Code     0  startup_stm32f10x_md.o(.text)
    EXTI3_IRQHandler                         0x08000373   Thumb Code     0  startup_stm32f10x_md.o(.text)
    EXTI4_IRQHandler                         0x08000373   Thumb Code     0  startup_stm32f10x_md.o(.text)
    EXTI9_5_IRQHandler                       0x08000373   Thumb Code     0  startup_stm32f10x_md.o(.text)
    FLASH_IRQHandler                         0x08000373   Thumb Code     0  startup_stm32f10x_md.o(.text)
    I2C1_ER_IRQHandler                       0x08000373   Thumb Code     0  startup_stm32f10x_md.o(.text)
    I2C1_EV_IRQHandler                       0x08000373   Thumb Code     0  startup_stm32f10x_md.o(.text)
    I2C2_ER_IRQHandler                       0x08000373   Thumb Code     0  startup_stm32f10x_md.o(.text)
    I2C2_EV_IRQHandler                       0x08000373   Thumb Code     0  startup_stm32f10x_md.o(.text)
    PVD_IRQHandler                           0x08000373   Thumb Code     0  startup_stm32f10x_md.o(.text)
    RCC_IRQHandler                           0x08000373   Thumb Code     0  startup_stm32f10x_md.o(.text)
    RTCAlarm_IRQHandler                      0x08000373   Thumb Code     0  startup_stm32f10x_md.o(.text)
    RTC_IRQHandler                           0x08000373   Thumb Code     0  startup_stm32f10x_md.o(.text)
    SPI1_IRQHandler                          0x08000373   Thumb Code     0  startup_stm32f10x_md.o(.text)
    SPI2_IRQHandler                          0x08000373   Thumb Code     0  startup_stm32f10x_md.o(.text)
    TAMPER_IRQHandler                        0x08000373   Thumb Code     0  startup_stm32f10x_md.o(.text)
    TIM1_BRK_IRQHandler                      0x08000373   Thumb Code     0  startup_stm32f10x_md.o(.text)
    TIM1_CC_IRQHandler                       0x08000373   Thumb Code     0  startup_stm32f10x_md.o(.text)
    TIM1_TRG_COM_IRQHandler                  0x08000373   Thumb Code     0  startup_stm32f10x_md.o(.text)
    TIM1_UP_IRQHandler                       0x08000373   Thumb Code     0  startup_stm32f10x_md.o(.text)
    TIM2_IRQHandler                          0x08000373   Thumb Code     0  startup_stm32f10x_md.o(.text)
    USART2_IRQHandler                        0x08000373   Thumb Code     0  startup_stm32f10x_md.o(.text)
    USART3_IRQHandler                        0x08000373   Thumb Code     0  startup_stm32f10x_md.o(.text)
    USBWakeUp_IRQHandler                     0x08000373   Thumb Code     0  startup_stm32f10x_md.o(.text)
    USB_HP_CAN1_TX_IRQHandler                0x08000373   Thumb Code     0  startup_stm32f10x_md.o(.text)
    USB_LP_CAN1_RX0_IRQHandler               0x08000373   Thumb Code     0  startup_stm32f10x_md.o(.text)
    WWDG_IRQHandler                          0x08000373   Thumb Code     0  startup_stm32f10x_md.o(.text)
    __user_initial_stackheap                 0x08000375   Thumb Code     0  startup_stm32f10x_md.o(.text)
    delay_init                               0x08000399   Thumb Code    64  delay.o(.text)
    delay_ms                                 0x080003d9   Thumb Code    54  delay.o(.text)
    delay_us                                 0x0800040f   Thumb Code    54  delay.o(.text)
    Delay                                    0x08000445   Thumb Code    12  delay.o(.text)
    LedInit                                  0x08000471   Thumb Code   180  led.o(.text)
    MPU6050_is_DRY                           0x08000551   Thumb Code    20  mpu6050.o(.text)
    MPU6050_setClockSource                   0x08000565   Thumb Code    20  mpu6050.o(.text)
    MPU6050_reset                            0x08000579   Thumb Code    16  mpu6050.o(.text)
    MPU6050_setFullScaleGyroRange            0x08000589   Thumb Code    20  mpu6050.o(.text)
    MPU6050_setFullScaleAccelRange           0x0800059d   Thumb Code    20  mpu6050.o(.text)
    MPU6050_setSleepEnabled                  0x080005b1   Thumb Code    18  mpu6050.o(.text)
    MPU6050_getDeviceID                      0x080005c3   Thumb Code    20  mpu6050.o(.text)
    MPU6050_testConnection                   0x080005d7   Thumb Code    18  mpu6050.o(.text)
    MPU6050_setI2CMasterModeEnabled          0x080005e9   Thumb Code    18  mpu6050.o(.text)
    MPU6050_setI2CBypassEnabled              0x080005fb   Thumb Code    18  mpu6050.o(.text)
    MPU6050_Check                            0x0800060d   Thumb Code    34  mpu6050.o(.text)
    MPU6050_initialize                       0x0800062f   Thumb Code    92  mpu6050.o(.text)
    MPU6050_setMemoryBank                    0x0800068b   Thumb Code    36  mpu6050.o(.text)
    MPU6050_setMemoryStartAddress            0x080006af   Thumb Code    16  mpu6050.o(.text)
    MPU6050_readMemoryByte                   0x080006bf   Thumb Code    20  mpu6050.o(.text)
    MPU6050_getXGyroOffset                   0x080006d3   Thumb Code    30  mpu6050.o(.text)
    MPU6050_getYGyroOffset                   0x080006f1   Thumb Code    30  mpu6050.o(.text)
    MPU6050_getZGyroOffset                   0x0800070f   Thumb Code    30  mpu6050.o(.text)
    MPU6050_writeMemoryBlock                 0x0800072d   Thumb Code   188  mpu6050.o(.text)
    MPU6050_writeDMPConfigurationSet         0x080007e9   Thumb Code   130  mpu6050.o(.text)
    MPU6050_writeProgMemoryBlock             0x0800086b   Thumb Code    38  mpu6050.o(.text)
    MPU6050_writeProgDMPConfigurationSet     0x08000891   Thumb Code    18  mpu6050.o(.text)
    MPU6050_setIntEnabled                    0x080008a3   Thumb Code    16  mpu6050.o(.text)
    MPU6050_setRate                          0x080008b3   Thumb Code    16  mpu6050.o(.text)
    MPU6050_setDLPFMode                      0x080008c3   Thumb Code    20  mpu6050.o(.text)
    MPU6050_setExternalFrameSync             0x080008d7   Thumb Code    20  mpu6050.o(.text)
    MPU6050_setDMPConfig1                    0x080008eb   Thumb Code    16  mpu6050.o(.text)
    MPU6050_setDMPConfig2                    0x080008fb   Thumb Code    16  mpu6050.o(.text)
    MPU6050_setOTPBankValid                  0x0800090b   Thumb Code    18  mpu6050.o(.text)
    MPU6050_setXGyroOffset                   0x0800091d   Thumb Code    88  mpu6050.o(.text)
    MPU6050_setYGyroOffset                   0x08000975   Thumb Code    26  mpu6050.o(.text)
    MPU6050_setZGyroOffset                   0x0800098f   Thumb Code    26  mpu6050.o(.text)
    MPU6050_resetFIFO                        0x080009a9   Thumb Code    16  mpu6050.o(.text)
    MPU6050_getFIFOCount                     0x080009b9   Thumb Code    28  mpu6050.o(.text)
    MPU6050_setMotionDetectionThreshold      0x080009d5   Thumb Code    16  mpu6050.o(.text)
    MPU6050_setZeroMotionDetectionThreshold  0x080009e5   Thumb Code    16  mpu6050.o(.text)
    MPU6050_setMotionDetectionDuration       0x080009f5   Thumb Code    16  mpu6050.o(.text)
    MPU6050_setZeroMotionDetectionDuration   0x08000a05   Thumb Code    16  mpu6050.o(.text)
    MPU6050_readMemoryBlock                  0x08000a15   Thumb Code   116  mpu6050.o(.text)
    MPU6050_getFIFOBytes                     0x08000a89   Thumb Code    20  mpu6050.o(.text)
    MPU6050_getIntStatus                     0x08000a9d   Thumb Code    12  mpu6050.o(.text)
    MPU6050_setDMPEnabled                    0x08000aa9   Thumb Code    18  mpu6050.o(.text)
    MPU6050_getOTPBankValid                  0x08000abb   Thumb Code    18  mpu6050.o(.text)
    MPU6050_getXGyroOffsetTC                 0x08000acd   Thumb Code    20  mpu6050.o(.text)
    MPU6050_setXGyroOffsetTC                 0x08000ae1   Thumb Code    22  mpu6050.o(.text)
    MPU6050_getYGyroOffsetTC                 0x08000af7   Thumb Code    20  mpu6050.o(.text)
    MPU6050_setYGyroOffsetTC                 0x08000b0b   Thumb Code    22  mpu6050.o(.text)
    MPU6050_getZGyroOffsetTC                 0x08000b21   Thumb Code    20  mpu6050.o(.text)
    MPU6050_setZGyroOffsetTC                 0x08000b35   Thumb Code    22  mpu6050.o(.text)
    MPU6050_setSlaveAddress                  0x08000b4b   Thumb Code    32  mpu6050.o(.text)
    MPU6050_resetI2CMaster                   0x08000b6b   Thumb Code    16  mpu6050.o(.text)
    MPU6050_setFIFOEnabled                   0x08000b7b   Thumb Code    18  mpu6050.o(.text)
    MPU6050_resetDMP                         0x08000b8d   Thumb Code    16  mpu6050.o(.text)
    IIC_Init                                 0x08000ba1   Thumb Code    44  iic.o(.text)
    IIC_Start                                0x08000bcd   Thumb Code    68  iic.o(.text)
    IIC_Stop                                 0x08000c11   Thumb Code    66  iic.o(.text)
    IIC_Wait_Ack                             0x08000c53   Thumb Code    88  iic.o(.text)
    IIC_Ack                                  0x08000cab   Thumb Code    72  iic.o(.text)
    IIC_NAck                                 0x08000cf3   Thumb Code    72  iic.o(.text)
    IIC_Send_Byte                            0x08000d3b   Thumb Code    96  iic.o(.text)
    IIC_Read_Byte                            0x08000d9b   Thumb Code    98  iic.o(.text)
    I2C_ReadOneByte                          0x08000dfd   Thumb Code    70  iic.o(.text)
    IICreadBytes                             0x08000e43   Thumb Code   104  iic.o(.text)
    IICwriteBytes                            0x08000eab   Thumb Code    70  iic.o(.text)
    IICreadByte                              0x08000ef1   Thumb Code    22  iic.o(.text)
    IICwriteByte                             0x08000f07   Thumb Code    20  iic.o(.text)
    IICwriteBits                             0x08000f1b   Thumb Code   106  iic.o(.text)
    IICwriteBit                              0x08000f85   Thumb Code   110  iic.o(.text)
    TIM4_IRQHandler                          0x08000ff5   Thumb Code   234  tim.o(.text)
    TIM3_IRQHandler                          0x080010df   Thumb Code    84  tim.o(.text)
    TIM4_Init                                0x08001133   Thumb Code    86  tim.o(.text)
    TIM3_Init                                0x08001189   Thumb Code    86  tim.o(.text)
    TimerNVIC_Configuration                  0x080011df   Thumb Code    68  tim.o(.text)
    MotorPwmFlash                            0x08001285   Thumb Code    82  moto.o(.text)
    MotorInit                                0x080012d7   Thumb Code   220  moto.o(.text)
    NRF_Write_Reg                            0x080013d9   Thumb Code    40  nrf24l01.o(.text)
    NRF_Read_Reg                             0x08001401   Thumb Code    38  nrf24l01.o(.text)
    NRF_Write_Buf                            0x08001427   Thumb Code    58  nrf24l01.o(.text)
    NRF_Read_Buf                             0x08001461   Thumb Code    60  nrf24l01.o(.text)
    NRF_TxPacket                             0x0800149d   Thumb Code    38  nrf24l01.o(.text)
    NRF24L01_Check                           0x080014c3   Thumb Code    82  nrf24l01.o(.text)
    NRF24L01_INIT                            0x08001515   Thumb Code    12  nrf24l01.o(.text)
    SetRX_Mode                               0x08001521   Thumb Code    96  nrf24l01.o(.text)
    SetTX_Mode                               0x08001581   Thumb Code   100  nrf24l01.o(.text)
    Nrf_Irq                                  0x080015e5   Thumb Code    40  nrf24l01.o(.text)
    NRF24L01_RxPacket                        0x0800160d   Thumb Code    52  nrf24l01.o(.text)
    SPI1_INIT                                0x080016a5   Thumb Code   196  spi.o(.text)
    SPI_RW                                   0x08001769   Thumb Code    50  spi.o(.text)
    STMFLASH_Unlock                          0x080017bd   Thumb Code    20  stmflash.o(.text)
    STMFLASH_Lock                            0x080017d1   Thumb Code    14  stmflash.o(.text)
    STMFLASH_GetStatus                       0x080017df   Thumb Code    38  stmflash.o(.text)
    STMFLASH_WaitDone                        0x08001805   Thumb Code    42  stmflash.o(.text)
    STMFLASH_ErasePage                       0x0800182f   Thumb Code    72  stmflash.o(.text)
    STMFLASH_WriteHalfWord                   0x08001877   Thumb Code    58  stmflash.o(.text)
    STMFLASH_ReadHalfWord                    0x080018b1   Thumb Code     6  stmflash.o(.text)
    STMFLASH_Write_NoCheck                   0x080018b7   Thumb Code    38  stmflash.o(.text)
    STMFLASH_Read                            0x080018dd   Thumb Code    34  stmflash.o(.text)
    STMFLASH_Write                           0x080018ff   Thumb Code   222  stmflash.o(.text)
    Test_Write                               0x080019dd   Thumb Code    16  stmflash.o(.text)
    _sys_exit                                0x08001a19   Thumb Code     6  uart1.o(.text)
    fputc                                    0x08001a1f   Thumb Code    22  uart1.o(.text)
    UART1NVIC_Configuration                  0x08001a35   Thumb Code    32  uart1.o(.text)
    UART1_init                               0x08001a55   Thumb Code   254  uart1.o(.text)
    UartBuf_WD                               0x08001b53   Thumb Code    18  uart1.o(.text)
    UART1_Put_Char                           0x08001b65   Thumb Code    26  uart1.o(.text)
    Uart1_Put_Char                           0x08001b7f   Thumb Code    28  uart1.o(.text)
    UartBuf_RD                               0x08001b9b   Thumb Code    20  uart1.o(.text)
    UartBuf_Cnt                              0x08001baf   Thumb Code    14  uart1.o(.text)
    USART1_IRQHandler                        0x08001bbd   Thumb Code   134  uart1.o(.text)
    BatteryCheckInit                         0x08001c9d   Thumb Code   314  battery.o(.text)
    Get_Adc                                  0x08001dd7   Thumb Code    66  battery.o(.text)
    Get_Adc_Average                          0x08001e19   Thumb Code    36  battery.o(.text)
    Get_Temp                                 0x08001e3d   Thumb Code   140  battery.o(.text)
    GetBatteryAD                             0x08001ec9   Thumb Code    12  battery.o(.text)
    min                                      0x08001f19   Thumb Code    14  dmp.o(.text)
    MPU6050_DMP_Initialize                   0x08001f27   Thumb Code  2162  dmp.o(.text)
    dmpsafe_asin                             0x08002799   Thumb Code    90  dmp.o(.text)
    dmpinvSqrt                               0x080027f3   Thumb Code    72  dmp.o(.text)
    DMP_Covert_Data                          0x0800283b   Thumb Code  1344  dmp.o(.text)
    DMP_Routing                              0x08002d7b   Thumb Code   158  dmp.o(.text)
    DMP_getYawPitchRoll                      0x08002e19   Thumb Code    22  dmp.o(.text)
    BT_PowerInit                             0x08002e5d   Thumb Code    68  bt.o(.text)
    main                                     0x08002ec5   Thumb Code   194  main.o(.text)
    NMI_Handler                              0x08002fe1   Thumb Code     2  stm32f10x_it.o(.text)
    HardFault_Handler                        0x08002fe3   Thumb Code     4  stm32f10x_it.o(.text)
    MemManage_Handler                        0x08002fe7   Thumb Code     4  stm32f10x_it.o(.text)
    BusFault_Handler                         0x08002feb   Thumb Code     4  stm32f10x_it.o(.text)
    UsageFault_Handler                       0x08002fef   Thumb Code     4  stm32f10x_it.o(.text)
    SVC_Handler                              0x08002ff3   Thumb Code     2  stm32f10x_it.o(.text)
    DebugMon_Handler                         0x08002ff5   Thumb Code     2  stm32f10x_it.o(.text)
    PendSV_Handler                           0x08002ff7   Thumb Code     2  stm32f10x_it.o(.text)
    SysTick_Handler                          0x08002ff9   Thumb Code     2  stm32f10x_it.o(.text)
    NVIC_INIT                                0x08002ffd   Thumb Code    12  sys_fun.o(.text)
    MYRCC_DeInit                             0x08003009   Thumb Code    78  sys_fun.o(.text)
    SystemClock_HSI                          0x08003057   Thumb Code   110  sys_fun.o(.text)
    SystemClock_HSE                          0x080030c5   Thumb Code   144  sys_fun.o(.text)
    PowerOn                                  0x08003155   Thumb Code   502  sys_fun.o(.text)
    NVIC_PriorityGroupConfig                 0x080033cd   Thumb Code    10  misc.o(.text)
    NVIC_Init                                0x080033d7   Thumb Code   102  misc.o(.text)
    NVIC_SetVectorTable                      0x0800343d   Thumb Code    14  misc.o(.text)
    NVIC_SystemLPConfig                      0x0800344b   Thumb Code    34  misc.o(.text)
    SysTick_CLKSourceConfig                  0x0800346d   Thumb Code    40  misc.o(.text)
    GPIO_DeInit                              0x080034a9   Thumb Code   172  stm32f10x_gpio.o(.text)
    GPIO_AFIODeInit                          0x08003555   Thumb Code    20  stm32f10x_gpio.o(.text)
    GPIO_Init                                0x08003569   Thumb Code   274  stm32f10x_gpio.o(.text)
    GPIO_StructInit                          0x0800367b   Thumb Code    16  stm32f10x_gpio.o(.text)
    GPIO_ReadInputDataBit                    0x0800368b   Thumb Code    18  stm32f10x_gpio.o(.text)
    GPIO_ReadInputData                       0x0800369d   Thumb Code     8  stm32f10x_gpio.o(.text)
    GPIO_ReadOutputDataBit                   0x080036a5   Thumb Code    18  stm32f10x_gpio.o(.text)
    GPIO_ReadOutputData                      0x080036b7   Thumb Code     8  stm32f10x_gpio.o(.text)
    GPIO_SetBits                             0x080036bf   Thumb Code     4  stm32f10x_gpio.o(.text)
    GPIO_ResetBits                           0x080036c3   Thumb Code     4  stm32f10x_gpio.o(.text)
    GPIO_WriteBit                            0x080036c7   Thumb Code    10  stm32f10x_gpio.o(.text)
    GPIO_Write                               0x080036d1   Thumb Code     4  stm32f10x_gpio.o(.text)
    GPIO_PinLockConfig                       0x080036d5   Thumb Code    18  stm32f10x_gpio.o(.text)
    GPIO_EventOutputConfig                   0x080036e7   Thumb Code    26  stm32f10x_gpio.o(.text)
    GPIO_EventOutputCmd                      0x08003701   Thumb Code     6  stm32f10x_gpio.o(.text)
    GPIO_PinRemapConfig                      0x08003707   Thumb Code   138  stm32f10x_gpio.o(.text)
    GPIO_EXTILineConfig                      0x08003791   Thumb Code    66  stm32f10x_gpio.o(.text)
    GPIO_ETH_MediaInterfaceConfig            0x080037d3   Thumb Code     6  stm32f10x_gpio.o(.text)
    RCC_DeInit                               0x08003801   Thumb Code    64  stm32f10x_rcc.o(.text)
    RCC_HSEConfig                            0x08003841   Thumb Code    70  stm32f10x_rcc.o(.text)
    RCC_GetFlagStatus                        0x08003887   Thumb Code    56  stm32f10x_rcc.o(.text)
    RCC_WaitForHSEStartUp                    0x080038bf   Thumb Code    48  stm32f10x_rcc.o(.text)
    RCC_AdjustHSICalibrationValue            0x080038ef   Thumb Code    20  stm32f10x_rcc.o(.text)
    RCC_HSICmd                               0x08003903   Thumb Code     6  stm32f10x_rcc.o(.text)
    RCC_PLLConfig                            0x08003909   Thumb Code    24  stm32f10x_rcc.o(.text)
    RCC_PLLCmd                               0x08003921   Thumb Code     6  stm32f10x_rcc.o(.text)
    RCC_SYSCLKConfig                         0x08003927   Thumb Code    18  stm32f10x_rcc.o(.text)
    RCC_GetSYSCLKSource                      0x08003939   Thumb Code    10  stm32f10x_rcc.o(.text)
    RCC_HCLKConfig                           0x08003943   Thumb Code    18  stm32f10x_rcc.o(.text)
    RCC_PCLK1Config                          0x08003955   Thumb Code    18  stm32f10x_rcc.o(.text)
    RCC_PCLK2Config                          0x08003967   Thumb Code    20  stm32f10x_rcc.o(.text)
    RCC_ITConfig                             0x0800397b   Thumb Code    26  stm32f10x_rcc.o(.text)
    RCC_USBCLKConfig                         0x08003995   Thumb Code     6  stm32f10x_rcc.o(.text)
    RCC_ADCCLKConfig                         0x0800399b   Thumb Code    18  stm32f10x_rcc.o(.text)
    RCC_LSEConfig                            0x080039ad   Thumb Code    44  stm32f10x_rcc.o(.text)
    RCC_LSICmd                               0x080039d9   Thumb Code     6  stm32f10x_rcc.o(.text)
    RCC_RTCCLKConfig                         0x080039df   Thumb Code    12  stm32f10x_rcc.o(.text)
    RCC_RTCCLKCmd                            0x080039eb   Thumb Code     8  stm32f10x_rcc.o(.text)
    RCC_GetClocksFreq                        0x080039f3   Thumb Code   192  stm32f10x_rcc.o(.text)
    RCC_AHBPeriphClockCmd                    0x08003ab3   Thumb Code    26  stm32f10x_rcc.o(.text)
    RCC_APB2PeriphClockCmd                   0x08003acd   Thumb Code    26  stm32f10x_rcc.o(.text)
    RCC_APB1PeriphClockCmd                   0x08003ae7   Thumb Code    26  stm32f10x_rcc.o(.text)
    RCC_APB2PeriphResetCmd                   0x08003b01   Thumb Code    26  stm32f10x_rcc.o(.text)
    RCC_APB1PeriphResetCmd                   0x08003b1b   Thumb Code    26  stm32f10x_rcc.o(.text)
    RCC_BackupResetCmd                       0x08003b35   Thumb Code     8  stm32f10x_rcc.o(.text)
    RCC_ClockSecuritySystemCmd               0x08003b3d   Thumb Code     6  stm32f10x_rcc.o(.text)
    RCC_MCOConfig                            0x08003b43   Thumb Code     6  stm32f10x_rcc.o(.text)
    RCC_ClearFlag                            0x08003b49   Thumb Code    14  stm32f10x_rcc.o(.text)
    RCC_GetITStatus                          0x08003b57   Thumb Code    20  stm32f10x_rcc.o(.text)
    RCC_ClearITPendingBit                    0x08003b6b   Thumb Code     6  stm32f10x_rcc.o(.text)
    TIM_DeInit                               0x08003b9d   Thumb Code   424  stm32f10x_tim.o(.text)
    TIM_TimeBaseInit                         0x08003d45   Thumb Code   122  stm32f10x_tim.o(.text)
    TIM_OC1Init                              0x08003dbf   Thumb Code   132  stm32f10x_tim.o(.text)
    TIM_OC2Init                              0x08003e43   Thumb Code   154  stm32f10x_tim.o(.text)
    TIM_OC3Init                              0x08003edd   Thumb Code   150  stm32f10x_tim.o(.text)
    TIM_OC4Init                              0x08003f73   Thumb Code   182  stm32f10x_tim.o(.text)
    TIM_SetIC4Prescaler                      0x08004029   Thumb Code    26  stm32f10x_tim.o(.text)
    TIM_SetIC3Prescaler                      0x080040c5   Thumb Code    18  stm32f10x_tim.o(.text)
    TIM_SetIC2Prescaler                      0x08004151   Thumb Code    26  stm32f10x_tim.o(.text)
    TIM_SetIC1Prescaler                      0x080041ed   Thumb Code    18  stm32f10x_tim.o(.text)
    TIM_ICInit                               0x0800426b   Thumb Code   150  stm32f10x_tim.o(.text)
    TIM_PWMIConfig                           0x08004301   Thumb Code   124  stm32f10x_tim.o(.text)
    TIM_BDTRConfig                           0x0800437d   Thumb Code    32  stm32f10x_tim.o(.text)
    TIM_TimeBaseStructInit                   0x0800439d   Thumb Code    18  stm32f10x_tim.o(.text)
    TIM_OCStructInit                         0x080043af   Thumb Code    20  stm32f10x_tim.o(.text)
    TIM_ICStructInit                         0x080043c3   Thumb Code    18  stm32f10x_tim.o(.text)
    TIM_BDTRStructInit                       0x080043d5   Thumb Code    40  stm32f10x_tim.o(.text)
    TIM_Cmd                                  0x080043fd   Thumb Code    24  stm32f10x_tim.o(.text)
    TIM_CtrlPWMOutputs                       0x08004415   Thumb Code    30  stm32f10x_tim.o(.text)
    TIM_ITConfig                             0x08004433   Thumb Code    18  stm32f10x_tim.o(.text)
    TIM_GenerateEvent                        0x08004445   Thumb Code     4  stm32f10x_tim.o(.text)
    TIM_DMAConfig                            0x08004449   Thumb Code    10  stm32f10x_tim.o(.text)
    TIM_DMACmd                               0x08004453   Thumb Code    18  stm32f10x_tim.o(.text)
    TIM_InternalClockConfig                  0x08004465   Thumb Code    12  stm32f10x_tim.o(.text)
    TIM_SelectInputTrigger                   0x08004471   Thumb Code    18  stm32f10x_tim.o(.text)
    TIM_ITRxExternalClockConfig              0x08004483   Thumb Code    24  stm32f10x_tim.o(.text)
    TIM_TIxExternalClockConfig               0x0800449b   Thumb Code    62  stm32f10x_tim.o(.text)
    TIM_ETRConfig                            0x080044d9   Thumb Code    28  stm32f10x_tim.o(.text)
    TIM_ETRClockMode1Config                  0x080044f5   Thumb Code    54  stm32f10x_tim.o(.text)
    TIM_ETRClockMode2Config                  0x0800452b   Thumb Code    32  stm32f10x_tim.o(.text)
    TIM_PrescalerConfig                      0x0800454b   Thumb Code     6  stm32f10x_tim.o(.text)
    TIM_CounterModeConfig                    0x08004551   Thumb Code    18  stm32f10x_tim.o(.text)
    TIM_EncoderInterfaceConfig               0x08004563   Thumb Code    66  stm32f10x_tim.o(.text)
    TIM_ForcedOC1Config                      0x080045a5   Thumb Code    18  stm32f10x_tim.o(.text)
    TIM_ForcedOC2Config                      0x080045b7   Thumb Code    26  stm32f10x_tim.o(.text)
    TIM_ForcedOC3Config                      0x080045d1   Thumb Code    18  stm32f10x_tim.o(.text)
    TIM_ForcedOC4Config                      0x080045e3   Thumb Code    26  stm32f10x_tim.o(.text)
    TIM_ARRPreloadConfig                     0x080045fd   Thumb Code    24  stm32f10x_tim.o(.text)
    TIM_SelectCOM                            0x08004615   Thumb Code    24  stm32f10x_tim.o(.text)
    TIM_SelectCCDMA                          0x0800462d   Thumb Code    24  stm32f10x_tim.o(.text)
    TIM_CCPreloadControl                     0x08004645   Thumb Code    24  stm32f10x_tim.o(.text)
    TIM_OC1PreloadConfig                     0x0800465d   Thumb Code    18  stm32f10x_tim.o(.text)
    TIM_OC2PreloadConfig                     0x0800466f   Thumb Code    26  stm32f10x_tim.o(.text)
    TIM_OC3PreloadConfig                     0x08004689   Thumb Code    18  stm32f10x_tim.o(.text)
    TIM_OC4PreloadConfig                     0x0800469b   Thumb Code    26  stm32f10x_tim.o(.text)
    TIM_OC1FastConfig                        0x080046b5   Thumb Code    18  stm32f10x_tim.o(.text)
    TIM_OC2FastConfig                        0x080046c7   Thumb Code    26  stm32f10x_tim.o(.text)
    TIM_OC3FastConfig                        0x080046e1   Thumb Code    18  stm32f10x_tim.o(.text)
    TIM_OC4FastConfig                        0x080046f3   Thumb Code    26  stm32f10x_tim.o(.text)
    TIM_ClearOC1Ref                          0x0800470d   Thumb Code    18  stm32f10x_tim.o(.text)
    TIM_ClearOC2Ref                          0x0800471f   Thumb Code    24  stm32f10x_tim.o(.text)
    TIM_ClearOC3Ref                          0x08004737   Thumb Code    18  stm32f10x_tim.o(.text)
    TIM_ClearOC4Ref                          0x08004749   Thumb Code    24  stm32f10x_tim.o(.text)
    TIM_OC1PolarityConfig                    0x08004761   Thumb Code    18  stm32f10x_tim.o(.text)
    TIM_OC1NPolarityConfig                   0x08004773   Thumb Code    18  stm32f10x_tim.o(.text)
    TIM_OC2PolarityConfig                    0x08004785   Thumb Code    26  stm32f10x_tim.o(.text)
    TIM_OC2NPolarityConfig                   0x0800479f   Thumb Code    26  stm32f10x_tim.o(.text)
    TIM_OC3PolarityConfig                    0x080047b9   Thumb Code    26  stm32f10x_tim.o(.text)
    TIM_OC3NPolarityConfig                   0x080047d3   Thumb Code    26  stm32f10x_tim.o(.text)
    TIM_OC4PolarityConfig                    0x080047ed   Thumb Code    26  stm32f10x_tim.o(.text)
    TIM_CCxCmd                               0x08004807   Thumb Code    30  stm32f10x_tim.o(.text)
    TIM_CCxNCmd                              0x08004825   Thumb Code    30  stm32f10x_tim.o(.text)
    TIM_SelectOCxM                           0x08004843   Thumb Code    82  stm32f10x_tim.o(.text)
    TIM_UpdateDisableConfig                  0x08004895   Thumb Code    24  stm32f10x_tim.o(.text)
    TIM_UpdateRequestConfig                  0x080048ad   Thumb Code    24  stm32f10x_tim.o(.text)
    TIM_SelectHallSensor                     0x080048c5   Thumb Code    24  stm32f10x_tim.o(.text)
    TIM_SelectOnePulseMode                   0x080048dd   Thumb Code    18  stm32f10x_tim.o(.text)
    TIM_SelectOutputTrigger                  0x080048ef   Thumb Code    18  stm32f10x_tim.o(.text)
    TIM_SelectSlaveMode                      0x08004901   Thumb Code    18  stm32f10x_tim.o(.text)
    TIM_SelectMasterSlaveMode                0x08004913   Thumb Code    18  stm32f10x_tim.o(.text)
    TIM_SetCounter                           0x08004925   Thumb Code     4  stm32f10x_tim.o(.text)
    TIM_SetAutoreload                        0x08004929   Thumb Code     4  stm32f10x_tim.o(.text)
    TIM_SetCompare1                          0x0800492d   Thumb Code     4  stm32f10x_tim.o(.text)
    TIM_SetCompare2                          0x08004931   Thumb Code     4  stm32f10x_tim.o(.text)
    TIM_SetCompare3                          0x08004935   Thumb Code     4  stm32f10x_tim.o(.text)
    TIM_SetCompare4                          0x08004939   Thumb Code     6  stm32f10x_tim.o(.text)
    TIM_SetClockDivision                     0x0800493f   Thumb Code    18  stm32f10x_tim.o(.text)
    TIM_GetCapture1                          0x08004951   Thumb Code     6  stm32f10x_tim.o(.text)
    TIM_GetCapture2                          0x08004957   Thumb Code     6  stm32f10x_tim.o(.text)
    TIM_GetCapture3                          0x0800495d   Thumb Code     6  stm32f10x_tim.o(.text)
    TIM_GetCapture4                          0x08004963   Thumb Code     8  stm32f10x_tim.o(.text)
    TIM_GetCounter                           0x0800496b   Thumb Code     6  stm32f10x_tim.o(.text)
    TIM_GetPrescaler                         0x08004971   Thumb Code     6  stm32f10x_tim.o(.text)
    TIM_GetFlagStatus                        0x08004977   Thumb Code    18  stm32f10x_tim.o(.text)
    TIM_ClearFlag                            0x08004989   Thumb Code     6  stm32f10x_tim.o(.text)
    TIM_GetITStatus                          0x0800498f   Thumb Code    34  stm32f10x_tim.o(.text)
    TIM_ClearITPendingBit                    0x080049b1   Thumb Code     6  stm32f10x_tim.o(.text)
    USART_DeInit                             0x080049b9   Thumb Code   134  stm32f10x_usart.o(.text)
    USART_Init                               0x08004a3f   Thumb Code   210  stm32f10x_usart.o(.text)
    USART_StructInit                         0x08004b11   Thumb Code    24  stm32f10x_usart.o(.text)
    USART_ClockInit                          0x08004b29   Thumb Code    34  stm32f10x_usart.o(.text)
    USART_ClockStructInit                    0x08004b4b   Thumb Code    12  stm32f10x_usart.o(.text)
    USART_Cmd                                0x08004b57   Thumb Code    24  stm32f10x_usart.o(.text)
    USART_ITConfig                           0x08004b6f   Thumb Code    74  stm32f10x_usart.o(.text)
    USART_DMACmd                             0x08004bb9   Thumb Code    18  stm32f10x_usart.o(.text)
    USART_SetAddress                         0x08004bcb   Thumb Code    18  stm32f10x_usart.o(.text)
    USART_WakeUpConfig                       0x08004bdd   Thumb Code    18  stm32f10x_usart.o(.text)
    USART_ReceiverWakeUpCmd                  0x08004bef   Thumb Code    24  stm32f10x_usart.o(.text)
    USART_LINBreakDetectLengthConfig         0x08004c07   Thumb Code    18  stm32f10x_usart.o(.text)
    USART_LINCmd                             0x08004c19   Thumb Code    24  stm32f10x_usart.o(.text)
    USART_SendData                           0x08004c31   Thumb Code     8  stm32f10x_usart.o(.text)
    USART_ReceiveData                        0x08004c39   Thumb Code    10  stm32f10x_usart.o(.text)
    USART_SendBreak                          0x08004c43   Thumb Code    10  stm32f10x_usart.o(.text)
    USART_SetGuardTime                       0x08004c4d   Thumb Code    16  stm32f10x_usart.o(.text)
    USART_SetPrescaler                       0x08004c5d   Thumb Code    16  stm32f10x_usart.o(.text)
    USART_SmartCardCmd                       0x08004c6d   Thumb Code    24  stm32f10x_usart.o(.text)
    USART_SmartCardNACKCmd                   0x08004c85   Thumb Code    24  stm32f10x_usart.o(.text)
    USART_HalfDuplexCmd                      0x08004c9d   Thumb Code    24  stm32f10x_usart.o(.text)
    USART_OverSampling8Cmd                   0x08004cb5   Thumb Code    22  stm32f10x_usart.o(.text)
    USART_OneBitMethodCmd                    0x08004ccb   Thumb Code    24  stm32f10x_usart.o(.text)
    USART_IrDAConfig                         0x08004ce3   Thumb Code    18  stm32f10x_usart.o(.text)
    USART_IrDACmd                            0x08004cf5   Thumb Code    24  stm32f10x_usart.o(.text)
    USART_GetFlagStatus                      0x08004d0d   Thumb Code    26  stm32f10x_usart.o(.text)
    USART_ClearFlag                          0x08004d27   Thumb Code    18  stm32f10x_usart.o(.text)
    USART_GetITStatus                        0x08004d39   Thumb Code    84  stm32f10x_usart.o(.text)
    USART_ClearITPendingBit                  0x08004d8d   Thumb Code    52  stm32f10x_usart.o(.text)
    SPI_I2S_DeInit                           0x08004dc1   Thumb Code    76  stm32f10x_spi.o(.text)
    SPI_Init                                 0x08004e0d   Thumb Code    60  stm32f10x_spi.o(.text)
    I2S_Init                                 0x08004e49   Thumb Code   226  stm32f10x_spi.o(.text)
    SPI_StructInit                           0x08004f2b   Thumb Code    24  stm32f10x_spi.o(.text)
    I2S_StructInit                           0x08004f43   Thumb Code    20  stm32f10x_spi.o(.text)
    SPI_Cmd                                  0x08004f57   Thumb Code    24  stm32f10x_spi.o(.text)
    I2S_Cmd                                  0x08004f6f   Thumb Code    24  stm32f10x_spi.o(.text)
    SPI_I2S_ITConfig                         0x08004f87   Thumb Code    32  stm32f10x_spi.o(.text)
    SPI_I2S_DMACmd                           0x08004fa7   Thumb Code    18  stm32f10x_spi.o(.text)
    SPI_I2S_SendData                         0x08004fb9   Thumb Code     4  stm32f10x_spi.o(.text)
    SPI_I2S_ReceiveData                      0x08004fbd   Thumb Code     6  stm32f10x_spi.o(.text)
    SPI_NSSInternalSoftwareConfig            0x08004fc3   Thumb Code    30  stm32f10x_spi.o(.text)
    SPI_SSOutputCmd                          0x08004fe1   Thumb Code    24  stm32f10x_spi.o(.text)
    SPI_DataSizeConfig                       0x08004ff9   Thumb Code    18  stm32f10x_spi.o(.text)
    SPI_TransmitCRC                          0x0800500b   Thumb Code    10  stm32f10x_spi.o(.text)
    SPI_CalculateCRC                         0x08005015   Thumb Code    24  stm32f10x_spi.o(.text)
    SPI_GetCRC                               0x0800502d   Thumb Code    16  stm32f10x_spi.o(.text)
    SPI_GetCRCPolynomial                     0x0800503d   Thumb Code     6  stm32f10x_spi.o(.text)
    SPI_BiDirectionalLineConfig              0x08005043   Thumb Code    28  stm32f10x_spi.o(.text)
    SPI_I2S_GetFlagStatus                    0x0800505f   Thumb Code    18  stm32f10x_spi.o(.text)
    SPI_I2S_ClearFlag                        0x08005071   Thumb Code     6  stm32f10x_spi.o(.text)
    SPI_I2S_GetITStatus                      0x08005077   Thumb Code    52  stm32f10x_spi.o(.text)
    SPI_I2S_ClearITPendingBit                0x080050ab   Thumb Code    20  stm32f10x_spi.o(.text)
    PID_Postion_Cal                          0x080050cd   Thumb Code   186  control.o(.text)
    PID_Calculate                            0x08005187   Thumb Code   538  control.o(.text)
    Controler                                0x080053a1   Thumb Code    48  control.o(.text)
    ParameterWrite                           0x080053d1   Thumb Code    36  control.o(.text)
    PID_INIT                                 0x080053f5   Thumb Code    92  control.o(.text)
    ParameterRead                            0x08005451   Thumb Code    26  control.o(.text)
    ReceiveDataFormNRF                       0x08005509   Thumb Code   484  receivedata.o(.text)
    ReceiveDataFormUART                      0x080056ed   Thumb Code   576  receivedata.o(.text)
    Send_AtitudeToPC                         0x0800592d   Thumb Code   290  receivedata.o(.text)
    __use_no_semihosting                     0x08005a65   Thumb Code     2  use_no_semi_2.o(.text)
    __2printf                                0x08005a69   Thumb Code    20  noretval__2printf.o(.text)
    __printf                                 0x08005a81   Thumb Code   106  __printf.o(.text)
    _printf_int_dec                          0x08005aed   Thumb Code   102  _printf_dec.o(.text)
    __use_two_region_memory                  0x08005b65   Thumb Code     2  heapauxi.o(.text)
    __rt_heap_escrow$2region                 0x08005b67   Thumb Code     2  heapauxi.o(.text)
    __rt_heap_expand$2region                 0x08005b69   Thumb Code     2  heapauxi.o(.text)
    __I$use$semihosting                      0x08005b6b   Thumb Code     0  use_no_semi.o(.text)
    __use_no_semihosting_swi                 0x08005b6b   Thumb Code     2  use_no_semi.o(.text)
    __read_errno                             0x08005b6d   Thumb Code    10  _rserrno.o(.text)
    __set_errno                              0x08005b77   Thumb Code    12  _rserrno.o(.text)
    _printf_int_common                       0x08005b83   Thumb Code   184  _printf_intcommon.o(.text)
    _printf_char_file                        0x08005c3d   Thumb Code    32  _printf_char_file.o(.text)
    __aeabi_errno_addr                       0x08005c61   Thumb Code     8  rt_errno_addr_intlibspace.o(.text)
    __errno$intlibspace                      0x08005c61   Thumb Code     0  rt_errno_addr_intlibspace.o(.text)
    __rt_errno_addr$intlibspace              0x08005c61   Thumb Code     0  rt_errno_addr_intlibspace.o(.text)
    _printf_char_common                      0x08005c73   Thumb Code    32  _printf_char_common.o(.text)
    ferror                                   0x08005c99   Thumb Code     8  ferror.o(.text)
    __user_libspace                          0x08005ca1   Thumb Code     8  libspace.o(.text)
    __user_perproc_libspace                  0x08005ca1   Thumb Code     0  libspace.o(.text)
    __user_perthread_libspace                0x08005ca1   Thumb Code     0  libspace.o(.text)
    __user_setup_stackheap                   0x08005ca9   Thumb Code    74  sys_stackheap_outer.o(.text)
    exit                                     0x08005cf3   Thumb Code    12  exit.o(.text)
    __ARM_fpclassify                         0x08005cff   Thumb Code    40  fpclassify.o(i.__ARM_fpclassify)
    __kernel_poly                            0x08005d27   Thumb Code   170  poly.o(i.__kernel_poly)
    __mathlib_dbl_underflow                  0x08005dd1   Thumb Code    10  dunder.o(i.__mathlib_dbl_underflow)
    asin                                     0x08005de1   Thumb Code   584  asin.o(i.asin)
    atan                                     0x0800605d   Thumb Code   478  atan.o(i.atan)
    atan2                                    0x08006281   Thumb Code   346  atan2.o(i.atan2)
    sqrt                                     0x08006401   Thumb Code    78  sqrt.o(i.sqrt)
    __aeabi_d2f                              0x08006451   Thumb Code     0  d2f.o(x$fpl$d2f)
    _d2f                                     0x08006451   Thumb Code    98  d2f.o(x$fpl$d2f)
    __aeabi_dadd                             0x080064b5   Thumb Code     0  daddsub_clz.o(x$fpl$dadd)
    _dadd                                    0x080064b5   Thumb Code   332  daddsub_clz.o(x$fpl$dadd)
    __fpl_dcheck_NaN1                        0x08006605   Thumb Code    10  dcheck1.o(x$fpl$dcheck1)
    __fpl_dcmp_Inf                           0x08006615   Thumb Code    24  dcmpi.o(x$fpl$dcmpinf)
    __aeabi_ddiv                             0x0800662d   Thumb Code     0  ddiv.o(x$fpl$ddiv)
    _ddiv                                    0x0800662d   Thumb Code   552  ddiv.o(x$fpl$ddiv)
    __aeabi_d2iz                             0x080068dd   Thumb Code     0  dfix.o(x$fpl$dfix)
    _dfix                                    0x080068dd   Thumb Code    94  dfix.o(x$fpl$dfix)
    __aeabi_i2d                              0x0800693b   Thumb Code     0  dflt_clz.o(x$fpl$dflt)
    _dflt                                    0x0800693b   Thumb Code    46  dflt_clz.o(x$fpl$dflt)
    __aeabi_cdcmple                          0x08006969   Thumb Code     0  dleqf.o(x$fpl$dleqf)
    _dcmple                                  0x08006969   Thumb Code   120  dleqf.o(x$fpl$dleqf)
    __fpl_dcmple_InfNaN                      0x080069cb   Thumb Code     0  dleqf.o(x$fpl$dleqf)
    __aeabi_dmul                             0x080069e1   Thumb Code     0  dmul.o(x$fpl$dmul)
    _dmul                                    0x080069e1   Thumb Code   332  dmul.o(x$fpl$dmul)
    __fpl_dnaninf                            0x08006b35   Thumb Code   156  dnaninf.o(x$fpl$dnaninf)
    __fpl_dretinf                            0x08006bd1   Thumb Code    12  dretinf.o(x$fpl$dretinf)
    __aeabi_cdrcmple                         0x08006bdd   Thumb Code     0  drleqf.o(x$fpl$drleqf)
    _drcmple                                 0x08006bdd   Thumb Code   108  drleqf.o(x$fpl$drleqf)
    __aeabi_drsub                            0x08006c49   Thumb Code     0  daddsub_clz.o(x$fpl$drsb)
    _drsb                                    0x08006c49   Thumb Code    22  daddsub_clz.o(x$fpl$drsb)
    _dsqrt                                   0x08006c61   Thumb Code   456  dsqrt_noumaal.o(x$fpl$dsqrt)
    __aeabi_dsub                             0x08006e2d   Thumb Code     0  daddsub_clz.o(x$fpl$dsub)
    _dsub                                    0x08006e2d   Thumb Code   464  daddsub_clz.o(x$fpl$dsub)
    __aeabi_f2d                              0x08007001   Thumb Code     0  f2d.o(x$fpl$f2d)
    _f2d                                     0x08007001   Thumb Code    86  f2d.o(x$fpl$f2d)
    __aeabi_fadd                             0x08007059   Thumb Code     0  faddsub_clz.o(x$fpl$fadd)
    _fadd                                    0x08007059   Thumb Code   196  faddsub_clz.o(x$fpl$fadd)
    __aeabi_fdiv                             0x0800711d   Thumb Code     0  fdiv.o(x$fpl$fdiv)
    _fdiv                                    0x0800711d   Thumb Code   384  fdiv.o(x$fpl$fdiv)
    __aeabi_f2iz                             0x080072a1   Thumb Code     0  ffix.o(x$fpl$ffix)
    _ffix                                    0x080072a1   Thumb Code    54  ffix.o(x$fpl$ffix)
    __aeabi_f2uiz                            0x080072d9   Thumb Code     0  ffixu.o(x$fpl$ffixu)
    _ffixu                                   0x080072d9   Thumb Code    62  ffixu.o(x$fpl$ffixu)
    __aeabi_i2f                              0x08007319   Thumb Code     0  fflt_clz.o(x$fpl$fflt)
    _fflt                                    0x08007319   Thumb Code    48  fflt_clz.o(x$fpl$fflt)
    __aeabi_ui2f                             0x08007349   Thumb Code     0  fflt_clz.o(x$fpl$ffltu)
    _ffltu                                   0x08007349   Thumb Code    38  fflt_clz.o(x$fpl$ffltu)
    __aeabi_fmul                             0x08007371   Thumb Code     0  fmul.o(x$fpl$fmul)
    _fmul                                    0x08007371   Thumb Code   258  fmul.o(x$fpl$fmul)
    __fpl_fnaninf                            0x08007473   Thumb Code   140  fnaninf.o(x$fpl$fnaninf)
    __fpl_fretinf                            0x080074ff   Thumb Code    10  fretinf.o(x$fpl$fretinf)
    __aeabi_frsub                            0x08007509   Thumb Code     0  faddsub_clz.o(x$fpl$frsb)
    _frsb                                    0x08007509   Thumb Code    20  faddsub_clz.o(x$fpl$frsb)
    __aeabi_fsub                             0x0800751d   Thumb Code     0  faddsub_clz.o(x$fpl$fsub)
    _fsub                                    0x0800751d   Thumb Code   234  faddsub_clz.o(x$fpl$fsub)
    __fpl_return_NaN                         0x08007607   Thumb Code   100  retnan.o(x$fpl$retnan)
    __ARM_scalbn                             0x0800766b   Thumb Code    92  scalbn.o(x$fpl$scalbn)
    __fpl_cmpreturn                          0x080076c7   Thumb Code    48  trapv.o(x$fpl$trapveneer)
    __I$use$fp                               0x080076f6   Number         0  usenofp.o(x$fpl$usenofp)
    dmpMemory                                0x080076f6   Data        1929  dmp.o(.constdata)
    dmpConfig                                0x08007e7f   Data         192  dmp.o(.constdata)
    dmpUpdates                               0x08007f3f   Data          47  dmp.o(.constdata)
    __mathlib_zero                           0x08008058   Data           8  qnan.o(.constdata)
    Region$$Table$$Base                      0x08008060   Number         0  anon$$obj.o(Region$$Table)
    Region$$Table$$Limit                     0x08008080   Number         0  anon$$obj.o(Region$$Table)
    SystemCoreClock                          0x20000000   Data           4  system_stm32f10x.o(.data)
    AHBPrescTable                            0x20000004   Data          16  system_stm32f10x.o(.data)
    LedCounter                               0x20000018   Data           4  tim.o(.data)
    DebugCounter                             0x2000001c   Data           4  tim.o(.data)
    TX_ADDRESS                               0x20000020   Data           5  nrf24l01.o(.data)
    RX_ADDRESS                               0x20000025   Data           5  nrf24l01.o(.data)
    __stdout                                 0x2000002c   Data           4  uart1.o(.data)
    Udatatmp                                 0x20000030   Data           1  uart1.o(.data)
    BatteryAD                                0x20000034   Data           4  battery.o(.data)
    BatteryVal                               0x20000038   Data           4  battery.o(.data)
    dmpPacketSize                            0x2000003c   Data           2  dmp.o(.data)
    mpuIntStatus                             0x2000003e   Data           1  dmp.o(.data)
    devStatus                                0x2000003f   Data           1  dmp.o(.data)
    fifoCount                                0x20000040   Data           2  dmp.o(.data)
    SysClock                                 0x20000042   Data           1  sys_fun.o(.data)
    PIDParameterAdd                          0x20000058   Data           4  control.o(.data)
    PIDWriteBuf                              0x20000070   Data           6  control.o(.data)
    PIDreadBuf                               0x20000076   Data           6  control.o(.data)
    FLY_ENABLE                               0x2000007c   Data           1  receivedata.o(.data)
    Rool_error_init                          0x20000080   Data           4  receivedata.o(.data)
    Pitch_error_init                         0x20000084   Data           4  receivedata.o(.data)
    buffer                                   0x20000088   Data          14  mpu6050.o(.bss)
    MPU6050_FIFO                             0x20000096   Data         132  mpu6050.o(.bss)
    verifyBuffer                             0x2000011a   Data          16  mpu6050.o(.bss)
    progBuffer                               0x2000012a   Data          16  mpu6050.o(.bss)
    NRF24L01_RXDATA                          0x2000013a   Data          32  nrf24l01.o(.bss)
    NRF24L01_TXDATA                          0x2000015a   Data          32  nrf24l01.o(.bss)
    STMFLASH_BUF                             0x2000017a   Data        1024  stmflash.o(.bss)
    UartTxbuf                                0x2000057c   Data          12  uart1.o(.bss)
    UartRxbuf                                0x20000588   Data          12  uart1.o(.bss)
    rx_buffer                                0x20000594   Data          32  uart1.o(.bss)
    tx_buffer                                0x200005b4   Data          32  uart1.o(.bss)
    Q_ANGLE                                  0x200005d4   Data          12  dmp.o(.bss)
    DMP_DATA                                 0x200005e0   Data          80  dmp.o(.bss)
    fifoBuffer                               0x20000630   Data          64  dmp.o(.bss)
    pitch_angle_PID                          0x20000670   Data          48  control.o(.bss)
    pitch_rate_PID                           0x200006a0   Data          48  control.o(.bss)
    roll_angle_PID                           0x200006d0   Data          48  control.o(.bss)
    roll_rate_PID                            0x20000700   Data          48  control.o(.bss)
    yaw_angle_PID                            0x20000730   Data          48  control.o(.bss)
    yaw_rate_PID                             0x20000760   Data          48  control.o(.bss)
    DIF_ACC                                  0x20000790   Data          12  control.o(.bss)
    EXP_ANGLE                                0x2000079c   Data          12  control.o(.bss)
    DIF_ANGLE                                0x200007a8   Data          12  control.o(.bss)
    RC_DATA                                  0x200007b4   Data          16  receivedata.o(.bss)
    __libspace_start                         0x200007c4   Data          96  libspace.o(.bss)
    __temporary_stack_top$libspace           0x20000824   Data           0  libspace.o(.bss)



==============================================================================

Memory Map of the image

  Image Entry point : 0x08000359

  Load Region LR_1 (Base: 0x08000000, Size: 0x00008108, Max: 0xffffffff, ABSOLUTE)

    Execution Region ER_RO (Base: 0x08000000, Size: 0x00008080, Max: 0xffffffff, ABSOLUTE)

    Base Addr    Size         Type   Attr      Idx    E Section Name        Object

    0x08000000   0x000000ec   Data   RO           89    RESET               startup_stm32f10x_md.o
    0x080000ec   0x00000008   Code   RO          680  * !!!main             c_w.l(__main.o)
    0x080000f4   0x00000034   Code   RO          972    !!!scatter          c_w.l(__scatter.o)
    0x08000128   0x0000001a   Code   RO          974    !!handler_copy      c_w.l(__scatter_copy.o)
    0x08000142   0x00000002   PAD
    0x08000144   0x0000001c   Code   RO          976    !!handler_zi        c_w.l(__scatter_zi.o)
    0x08000160   0x00000000   Code   RO          677    .ARM.Collect$$_printf_percent$$00000000  c_w.l(_printf_percent.o)
    0x08000160   0x00000006   Code   RO          676    .ARM.Collect$$_printf_percent$$00000009  c_w.l(_printf_d.o)
    0x08000166   0x00000004   Code   RO          765    .ARM.Collect$$_printf_percent$$00000017  c_w.l(_printf_percent_end.o)
    0x0800016a   0x00000002   Code   RO          848    .ARM.Collect$$libinit$$00000000  c_w.l(libinit.o)
    0x0800016c   0x00000000   Code   RO          854    .ARM.Collect$$libinit$$00000002  c_w.l(libinit2.o)
    0x0800016c   0x00000000   Code   RO          857    .ARM.Collect$$libinit$$00000008  c_w.l(libinit2.o)
    0x0800016c   0x00000000   Code   RO          859    .ARM.Collect$$libinit$$0000000A  c_w.l(libinit2.o)
    0x0800016c   0x00000000   Code   RO          861    .ARM.Collect$$libinit$$0000000C  c_w.l(libinit2.o)
    0x0800016c   0x00000000   Code   RO          864    .ARM.Collect$$libinit$$0000000F  c_w.l(libinit2.o)
    0x0800016c   0x00000000   Code   RO          866    .ARM.Collect$$libinit$$00000011  c_w.l(libinit2.o)
    0x0800016c   0x00000000   Code   RO          868    .ARM.Collect$$libinit$$00000013  c_w.l(libinit2.o)
    0x0800016c   0x00000000   Code   RO          870    .ARM.Collect$$libinit$$00000015  c_w.l(libinit2.o)
    0x0800016c   0x00000000   Code   RO          872    .ARM.Collect$$libinit$$00000017  c_w.l(libinit2.o)
    0x0800016c   0x00000000   Code   RO          874    .ARM.Collect$$libinit$$00000019  c_w.l(libinit2.o)
    0x0800016c   0x00000000   Code   RO          876    .ARM.Collect$$libinit$$0000001B  c_w.l(libinit2.o)
    0x0800016c   0x00000000   Code   RO          878    .ARM.Collect$$libinit$$0000001D  c_w.l(libinit2.o)
    0x0800016c   0x00000000   Code   RO          880    .ARM.Collect$$libinit$$0000001F  c_w.l(libinit2.o)
    0x0800016c   0x00000000   Code   RO          882    .ARM.Collect$$libinit$$00000021  c_w.l(libinit2.o)
    0x0800016c   0x00000000   Code   RO          884    .ARM.Collect$$libinit$$00000023  c_w.l(libinit2.o)
    0x0800016c   0x00000000   Code   RO          888    .ARM.Collect$$libinit$$0000002A  c_w.l(libinit2.o)
    0x0800016c   0x00000000   Code   RO          890    .ARM.Collect$$libinit$$0000002C  c_w.l(libinit2.o)
    0x0800016c   0x00000000   Code   RO          892    .ARM.Collect$$libinit$$0000002E  c_w.l(libinit2.o)
    0x0800016c   0x00000000   Code   RO          894    .ARM.Collect$$libinit$$00000030  c_w.l(libinit2.o)
    0x0800016c   0x00000002   Code   RO          895    .ARM.Collect$$libinit$$00000031  c_w.l(libinit2.o)
    0x0800016e   0x00000002   Code   RO          915    .ARM.Collect$$libshutdown$$00000000  c_w.l(libshutdown.o)
    0x08000170   0x00000000   Code   RO          926    .ARM.Collect$$libshutdown$$00000003  c_w.l(libshutdown2.o)
    0x08000170   0x00000000   Code   RO          929    .ARM.Collect$$libshutdown$$00000006  c_w.l(libshutdown2.o)
    0x08000170   0x00000000   Code   RO          932    .ARM.Collect$$libshutdown$$00000009  c_w.l(libshutdown2.o)
    0x08000170   0x00000000   Code   RO          934    .ARM.Collect$$libshutdown$$0000000B  c_w.l(libshutdown2.o)
    0x08000170   0x00000000   Code   RO          937    .ARM.Collect$$libshutdown$$0000000E  c_w.l(libshutdown2.o)
    0x08000170   0x00000002   Code   RO          938    .ARM.Collect$$libshutdown$$0000000F  c_w.l(libshutdown2.o)
    0x08000172   0x00000000   Code   RO          758    .ARM.Collect$$rtentry$$00000000  c_w.l(rtentry.o)
    0x08000172   0x00000000   Code   RO          805    .ARM.Collect$$rtentry$$00000002  c_w.l(rtentry2.o)
    0x08000172   0x00000006   Code   RO          817    .ARM.Collect$$rtentry$$00000004  c_w.l(rtentry4.o)
    0x08000178   0x00000000   Code   RO          807    .ARM.Collect$$rtentry$$00000009  c_w.l(rtentry2.o)
    0x08000178   0x00000004   Code   RO          808    .ARM.Collect$$rtentry$$0000000A  c_w.l(rtentry2.o)
    0x0800017c   0x00000000   Code   RO          810    .ARM.Collect$$rtentry$$0000000C  c_w.l(rtentry2.o)
    0x0800017c   0x00000008   Code   RO          811    .ARM.Collect$$rtentry$$0000000D  c_w.l(rtentry2.o)
    0x08000184   0x00000002   Code   RO          851    .ARM.Collect$$rtexit$$00000000  c_w.l(rtexit.o)
    0x08000186   0x00000000   Code   RO          899    .ARM.Collect$$rtexit$$00000002  c_w.l(rtexit2.o)
    0x08000186   0x00000004   Code   RO          900    .ARM.Collect$$rtexit$$00000003  c_w.l(rtexit2.o)
    0x0800018a   0x00000006   Code   RO          901    .ARM.Collect$$rtexit$$00000004  c_w.l(rtexit2.o)
    0x08000190   0x000001c8   Code   RO           17    .text               system_stm32f10x.o
    0x08000358   0x00000040   Code   RO           90  * .text               startup_stm32f10x_md.o
    0x08000398   0x000000d8   Code   RO           94    .text               delay.o
    0x08000470   0x000000e0   Code   RO          208    .text               led.o
    0x08000550   0x00000650   Code   RO          220    .text               mpu6050.o
    0x08000ba0   0x00000452   Code   RO          240    .text               iic.o
    0x08000ff2   0x00000002   PAD
    0x08000ff4   0x00000290   Code   RO          252    .text               tim.o
    0x08001284   0x00000154   Code   RO          271    .text               moto.o
    0x080013d8   0x000002cc   Code   RO          289    .text               nrf24l01.o
    0x080016a4   0x00000118   Code   RO          311    .text               spi.o
    0x080017bc   0x0000025c   Code   RO          323    .text               stmflash.o
    0x08001a18   0x00000284   Code   RO          338    .text               uart1.o
    0x08001c9c   0x0000027c   Code   RO          361    .text               battery.o
    0x08001f18   0x00000f44   Code   RO          379    .text               dmp.o
    0x08002e5c   0x00000068   Code   RO          410    .text               bt.o
    0x08002ec4   0x0000011c   Code   RO          441    .text               main.o
    0x08002fe0   0x0000001a   Code   RO          453    .text               stm32f10x_it.o
    0x08002ffa   0x00000002   PAD
    0x08002ffc   0x000003d0   Code   RO          468    .text               sys_fun.o
    0x080033cc   0x000000dc   Code   RO          486    .text               misc.o
    0x080034a8   0x00000358   Code   RO          498    .text               stm32f10x_gpio.o
    0x08003800   0x0000039c   Code   RO          510    .text               stm32f10x_rcc.o
    0x08003b9c   0x00000e1a   Code   RO          524    .text               stm32f10x_tim.o
    0x080049b6   0x00000002   PAD
    0x080049b8   0x00000408   Code   RO          536    .text               stm32f10x_usart.o
    0x08004dc0   0x0000030c   Code   RO          560    .text               stm32f10x_spi.o
    0x080050cc   0x0000043c   Code   RO          584    .text               control.o
    0x08005508   0x0000055c   Code   RO          617    .text               receivedata.o
    0x08005a64   0x00000002   Code   RO          646    .text               c_w.l(use_no_semi_2.o)
    0x08005a66   0x00000002   PAD
    0x08005a68   0x00000018   Code   RO          650    .text               c_w.l(noretval__2printf.o)
    0x08005a80   0x0000006a   Code   RO          652    .text               c_w.l(__printf.o)
    0x08005aea   0x00000002   PAD
    0x08005aec   0x00000078   Code   RO          654    .text               c_w.l(_printf_dec.o)
    0x08005b64   0x00000006   Code   RO          678    .text               c_w.l(heapauxi.o)
    0x08005b6a   0x00000002   Code   RO          756    .text               c_w.l(use_no_semi.o)
    0x08005b6c   0x00000016   Code   RO          759    .text               c_w.l(_rserrno.o)
    0x08005b82   0x000000b8   Code   RO          761    .text               c_w.l(_printf_intcommon.o)
    0x08005c3a   0x00000002   PAD
    0x08005c3c   0x00000024   Code   RO          763    .text               c_w.l(_printf_char_file.o)
    0x08005c60   0x00000008   Code   RO          822    .text               c_w.l(rt_errno_addr_intlibspace.o)
    0x08005c68   0x00000030   Code   RO          824    .text               c_w.l(_printf_char_common.o)
    0x08005c98   0x00000008   Code   RO          826    .text               c_w.l(ferror.o)
    0x08005ca0   0x00000008   Code   RO          834    .text               c_w.l(libspace.o)
    0x08005ca8   0x0000004a   Code   RO          837    .text               c_w.l(sys_stackheap_outer.o)
    0x08005cf2   0x0000000c   Code   RO          841    .text               c_w.l(exit.o)
    0x08005cfe   0x00000028   Code   RO          791    i.__ARM_fpclassify  m_ws.l(fpclassify.o)
    0x08005d26   0x000000aa   Code   RO          793    i.__kernel_poly     m_ws.l(poly.o)
    0x08005dd0   0x00000010   Code   RO          789    i.__mathlib_dbl_underflow  m_ws.l(dunder.o)
    0x08005de0   0x0000027c   Code   RO          739    i.asin              m_ws.l(asin.o)
    0x0800605c   0x00000224   Code   RO          780    i.atan              m_ws.l(atan.o)
    0x08006280   0x00000180   Code   RO          749    i.atan2             m_ws.l(atan2.o)
    0x08006400   0x0000004e   Code   RO          797    i.sqrt              m_ws.l(sqrt.o)
    0x0800644e   0x00000002   PAD
    0x08006450   0x00000062   Code   RO          682    x$fpl$d2f           fz_ws.l(d2f.o)
    0x080064b2   0x00000002   PAD
    0x080064b4   0x00000150   Code   RO          684    x$fpl$dadd          fz_ws.l(daddsub_clz.o)
    0x08006604   0x00000010   Code   RO          830    x$fpl$dcheck1       fz_ws.l(dcheck1.o)
    0x08006614   0x00000018   Code   RO          766    x$fpl$dcmpinf       fz_ws.l(dcmpi.o)
    0x0800662c   0x000002b0   Code   RO          691    x$fpl$ddiv          fz_ws.l(ddiv.o)
    0x080068dc   0x0000005e   Code   RO          694    x$fpl$dfix          fz_ws.l(dfix.o)
    0x0800693a   0x0000002e   Code   RO          699    x$fpl$dflt          fz_ws.l(dflt_clz.o)
    0x08006968   0x00000078   Code   RO          704    x$fpl$dleqf         fz_ws.l(dleqf.o)
    0x080069e0   0x00000154   Code   RO          706    x$fpl$dmul          fz_ws.l(dmul.o)
    0x08006b34   0x0000009c   Code   RO          768    x$fpl$dnaninf       fz_ws.l(dnaninf.o)
    0x08006bd0   0x0000000c   Code   RO          770    x$fpl$dretinf       fz_ws.l(dretinf.o)
    0x08006bdc   0x0000006c   Code   RO          708    x$fpl$drleqf        fz_ws.l(drleqf.o)
    0x08006c48   0x00000016   Code   RO          685    x$fpl$drsb          fz_ws.l(daddsub_clz.o)
    0x08006c5e   0x00000002   PAD
    0x08006c60   0x000001cc   Code   RO          832    x$fpl$dsqrt         fz_ws.l(dsqrt_noumaal.o)
    0x08006e2c   0x000001d4   Code   RO          686    x$fpl$dsub          fz_ws.l(daddsub_clz.o)
    0x08007000   0x00000056   Code   RO          710    x$fpl$f2d           fz_ws.l(f2d.o)
    0x08007056   0x00000002   PAD
    0x08007058   0x000000c4   Code   RO          712    x$fpl$fadd          fz_ws.l(faddsub_clz.o)
    0x0800711c   0x00000184   Code   RO          719    x$fpl$fdiv          fz_ws.l(fdiv.o)
    0x080072a0   0x00000036   Code   RO          722    x$fpl$ffix          fz_ws.l(ffix.o)
    0x080072d6   0x00000002   PAD
    0x080072d8   0x0000003e   Code   RO          726    x$fpl$ffixu         fz_ws.l(ffixu.o)
    0x08007316   0x00000002   PAD
    0x08007318   0x00000030   Code   RO          731    x$fpl$fflt          fz_ws.l(fflt_clz.o)
    0x08007348   0x00000026   Code   RO          730    x$fpl$ffltu         fz_ws.l(fflt_clz.o)
    0x0800736e   0x00000002   PAD
    0x08007370   0x00000102   Code   RO          736    x$fpl$fmul          fz_ws.l(fmul.o)
    0x08007472   0x0000008c   Code   RO          772    x$fpl$fnaninf       fz_ws.l(fnaninf.o)
    0x080074fe   0x0000000a   Code   RO          774    x$fpl$fretinf       fz_ws.l(fretinf.o)
    0x08007508   0x00000014   Code   RO          713    x$fpl$frsb          fz_ws.l(faddsub_clz.o)
    0x0800751c   0x000000ea   Code   RO          714    x$fpl$fsub          fz_ws.l(faddsub_clz.o)
    0x08007606   0x00000064   Code   RO          849    x$fpl$retnan        fz_ws.l(retnan.o)
    0x0800766a   0x0000005c   Code   RO          776    x$fpl$scalbn        fz_ws.l(scalbn.o)
    0x080076c6   0x00000030   Code   RO          896    x$fpl$trapveneer    fz_ws.l(trapv.o)
    0x080076f6   0x00000000   Code   RO          778    x$fpl$usenofp       fz_ws.l(usenofp.o)
    0x080076f6   0x00000878   Data   RO          381    .constdata          dmp.o
    0x08007f6e   0x00000002   PAD
    0x08007f70   0x00000050   Data   RO          740    .constdata          m_ws.l(asin.o)
    0x08007fc0   0x00000098   Data   RO          781    .constdata          m_ws.l(atan.o)
    0x08008058   0x00000008   Data   RO          795    .constdata          m_ws.l(qnan.o)
    0x08008060   0x00000020   Data   RO          970    Region$$Table       anon$$obj.o


    Execution Region ER_RW (Base: 0x20000000, Size: 0x00000088, Max: 0xffffffff, ABSOLUTE)

    Base Addr    Size         Type   Attr      Idx    E Section Name        Object

    0x20000000   0x00000014   Data   RW           18    .data               system_stm32f10x.o
    0x20000014   0x00000004   Data   RW           95    .data               delay.o
    0x20000018   0x00000008   Data   RW          254    .data               tim.o
    0x20000020   0x0000000a   Data   RW          291    .data               nrf24l01.o
    0x2000002a   0x00000002   PAD
    0x2000002c   0x00000005   Data   RW          340    .data               uart1.o
    0x20000031   0x00000003   PAD
    0x20000034   0x00000008   Data   RW          362    .data               battery.o
    0x2000003c   0x00000006   Data   RW          382    .data               dmp.o
    0x20000042   0x00000001   Data   RW          469    .data               sys_fun.o
    0x20000043   0x00000014   Data   RW          511    .data               stm32f10x_rcc.o
    0x20000057   0x00000001   PAD
    0x20000058   0x00000024   Data   RW          586    .data               control.o
    0x2000007c   0x0000000c   Data   RW          619    .data               receivedata.o


    Execution Region ER_ZI (Base: 0x20000088, Size: 0x00000da0, Max: 0xffffffff, ABSOLUTE)

    Base Addr    Size         Type   Attr      Idx    E Section Name        Object

    0x20000088   0x000000b2   Zero   RW          221    .bss                mpu6050.o
    0x2000013a   0x00000040   Zero   RW          290    .bss                nrf24l01.o
    0x2000017a   0x00000400   Zero   RW          324    .bss                stmflash.o
    0x2000057a   0x00000002   PAD
    0x2000057c   0x00000058   Zero   RW          339    .bss                uart1.o
    0x200005d4   0x0000009c   Zero   RW          380    .bss                dmp.o
    0x20000670   0x00000144   Zero   RW          585    .bss                control.o
    0x200007b4   0x00000010   Zero   RW          618    .bss                receivedata.o
    0x200007c4   0x00000060   Zero   RW          835    .bss                c_w.l(libspace.o)
    0x20000824   0x00000004   PAD
    0x20000828   0x00000200   Zero   RW           88    HEAP                startup_stm32f10x_md.o
    0x20000a28   0x00000400   Zero   RW           87    STACK               startup_stm32f10x_md.o


==============================================================================

Image component sizes


      Code (inc. data)   RO Data    RW Data    ZI Data      Debug   Object Name

       636         68          0          8          0       1704   battery.o
       104         36          0          0          0        439   bt.o
      1084        158          0         36        324       4770   control.o
         0          0          0          0          0       4244   core_cm3.o
       216         32          0          4          0     204513   delay.o
      3908       1666       2168          6        156       6970   dmp.o
      1106         46          0          0          0       4525   iic.o
       224         44          0          0          0        474   led.o
       284         90          0          0          0        507   main.o
       220         20          0          0          0       1669   misc.o
       340         38          0          0          0       1030   moto.o
      1616         66          0          0        178      12389   mpu6050.o
       716        100          0         10         64       3618   nrf24l01.o
      1372         64          0         12         16       3047   receivedata.o
       280         34          0          0          0        791   spi.o
        64         26        236          0       1536        768   startup_stm32f10x_md.o
       856         40          0          0          0       5521   stm32f10x_gpio.o
        26          0          0          0          0       1182   stm32f10x_it.o
       924         44          0         20          0       8644   stm32f10x_rcc.o
       780         14          0          0          0       6398   stm32f10x_spi.o
      3610         88          0          0          0      22004   stm32f10x_tim.o
      1032         22          0          0          0       8240   stm32f10x_usart.o
       604         44          0          0       1024       3727   stmflash.o
       976        130          0          1          0       1868   sys_fun.o
       456         36          0         20          0      51879   system_stm32f10x.o
       656         98          0          8          0       2060   tim.o
       644         90          0          5         88       4646   uart1.o

    ----------------------------------------------------------------------
     22740       3094       2438        136       3388     367627   Object Totals
         0          0         32          0          0          0   (incl. Generated)
         6          0          2          6          2          0   (incl. Padding)

    ----------------------------------------------------------------------

      Code (inc. data)   RO Data    RW Data    ZI Data      Debug   Library Member Name

         8          0          0          0          0         68   __main.o
       106          0          0          0          0         84   __printf.o
        52          8          0          0          0          0   __scatter.o
        26          0          0          0          0          0   __scatter_copy.o
        28          0          0          0          0          0   __scatter_zi.o
        48          6          0          0          0         96   _printf_char_common.o
        36          4          0          0          0         80   _printf_char_file.o
         6          0          0          0          0          0   _printf_d.o
       120         18          0          0          0         92   _printf_dec.o
       184          0          0          0          0         88   _printf_intcommon.o
         0          0          0          0          0          0   _printf_percent.o
         4          0          0          0          0          0   _printf_percent_end.o
        22          0          0          0          0        100   _rserrno.o
        12          0          0          0          0         72   exit.o
         8          0          0          0          0         68   ferror.o
         6          0          0          0          0        152   heapauxi.o
         2          0          0          0          0          0   libinit.o
         2          0          0          0          0          0   libinit2.o
         2          0          0          0          0          0   libshutdown.o
         2          0          0          0          0          0   libshutdown2.o
         8          4          0          0         96         68   libspace.o
        24          4          0          0          0         84   noretval__2printf.o
         8          4          0          0          0         68   rt_errno_addr_intlibspace.o
         0          0          0          0          0          0   rtentry.o
        12          0          0          0          0          0   rtentry2.o
         6          0          0          0          0          0   rtentry4.o
         2          0          0          0          0          0   rtexit.o
        10          0          0          0          0          0   rtexit2.o
        74          0          0          0          0         80   sys_stackheap_outer.o
         2          0          0          0          0         68   use_no_semi.o
         2          0          0          0          0         68   use_no_semi_2.o
        98          4          0          0          0         92   d2f.o
       826         16          0          0          0        356   daddsub_clz.o
        16          4          0          0          0         68   dcheck1.o
        24          0          0          0          0         68   dcmpi.o
       688        140          0          0          0        212   ddiv.o
        94          4          0          0          0         92   dfix.o
        46          0          0          0          0         68   dflt_clz.o
       120          4          0          0          0         92   dleqf.o
       340         12          0          0          0        104   dmul.o
       156          4          0          0          0         92   dnaninf.o
        12          0          0          0          0         68   dretinf.o
       108          0          0          0          0         80   drleqf.o
       460         56          0          0          0        120   dsqrt_noumaal.o
        86          4          0          0          0         84   f2d.o
       450          8          0          0          0        236   faddsub_clz.o
       388         76          0          0          0         96   fdiv.o
        54          4          0          0          0         84   ffix.o
        62          4          0          0          0         84   ffixu.o
        86          0          0          0          0        136   fflt_clz.o
       258          4          0          0          0         84   fmul.o
       140          4          0          0          0         84   fnaninf.o
        10          0          0          0          0         68   fretinf.o
       100          0          0          0          0         68   retnan.o
        92          0          0          0          0         68   scalbn.o
        48          0          0          0          0         68   trapv.o
         0          0          0          0          0          0   usenofp.o
       636         52         80          0          0        168   asin.o
       548         70        152          0          0        124   atan.o
       384         38          0          0          0        144   atan2.o
        16          6          0          0          0         68   dunder.o
        40          0          0          0          0         68   fpclassify.o
       170          0          0          0          0         96   poly.o
         0          0          8          0          0          0   qnan.o
        78          0          0          0          0         84   sqrt.o

    ----------------------------------------------------------------------
      7478        562        240          0        100       4760   Library Totals
        22          0          0          0          4          0   (incl. Padding)

    ----------------------------------------------------------------------

      Code (inc. data)   RO Data    RW Data    ZI Data      Debug   Library Name

       822         48          0          0         96       1336   c_w.l
      4762        348          0          0          0       2672   fz_ws.l
      1872        166        240          0          0        752   m_ws.l

    ----------------------------------------------------------------------
      7478        562        240          0        100       4760   Library Totals

    ----------------------------------------------------------------------

==============================================================================


      Code (inc. data)   RO Data    RW Data    ZI Data      Debug   

     30218       3656       2678        136       3488     367499   Grand Totals
     30218       3656       2678        136       3488     367499   ELF Image Totals
     30218       3656       2678        136          0          0   ROM Totals

==============================================================================

    Total RO  Size (Code + RO Data)                32896 (  32.13kB)
    Total RW  Size (RW Data + ZI Data)              3624 (   3.54kB)
    Total ROM Size (Code + RO Data + RW Data)      33032 (  32.26kB)

==============================================================================

