ARM Linker, 5.02 [Build 28] [MDK-ARM Standard]

==============================================================================

Section Cross References

    system_stm32f10x.o(.text) refers to system_stm32f10x.o(.data) for SystemCoreClock
    startup_stm32f10x_md.o(STACK) refers (Special) to heapauxi.o(.text) for __use_two_region_memory
    startup_stm32f10x_md.o(HEAP) refers (Special) to heapauxi.o(.text) for __use_two_region_memory
    startup_stm32f10x_md.o(RESET) refers (Special) to heapauxi.o(.text) for __use_two_region_memory
    startup_stm32f10x_md.o(RESET) refers to startup_stm32f10x_md.o(STACK) for __initial_sp
    startup_stm32f10x_md.o(RESET) refers to startup_stm32f10x_md.o(.text) for Reset_Handler
    startup_stm32f10x_md.o(RESET) refers to stm32f10x_it.o(.text) for NMI_Handler
    startup_stm32f10x_md.o(RESET) refers to uarts.o(.text) for USART1_IRQHandler
    startup_stm32f10x_md.o(RESET) refers to uart2.o(.text) for USART2_IRQHandler
    startup_stm32f10x_md.o(.text) refers (Special) to heapauxi.o(.text) for __use_two_region_memory
    startup_stm32f10x_md.o(.text) refers to system_stm32f10x.o(.text) for SystemInit
    startup_stm32f10x_md.o(.text) refers to __main.o(!!!main) for __main
    startup_stm32f10x_md.o(.text) refers to startup_stm32f10x_md.o(HEAP) for Heap_Mem
    startup_stm32f10x_md.o(.text) refers to startup_stm32f10x_md.o(STACK) for Stack_Mem
    delay.o(.text) refers to delay.o(.data) for fac_us
    ioi2c.o(.text) refers to stm32f10x_rcc.o(.text) for RCC_APB2PeriphClockCmd
    ioi2c.o(.text) refers to stm32f10x_gpio.o(.text) for GPIO_Init
    ioi2c.o(.text) refers to delay.o(.text) for delay_us
    hmc5883l.o(.text) refers to stm32f10x_gpio.o(.text) for GPIO_ReadInputDataBit
    hmc5883l.o(.text) refers to ioi2c.o(.text) for IICreadBytes
    hmc5883l.o(.text) refers to delay.o(.text) for delay_us
    hmc5883l.o(.text) refers to led.o(.text) for LED_Change
    hmc5883l.o(.text) refers to fflt_clz.o(x$fpl$fflt) for __aeabi_i2f
    hmc5883l.o(.text) refers to hmc5883l.o(.bss) for HMC5883_FIFO
    hmc5883l.o(.text) refers to hmc5883l.o(.data) for HMC5883_lastx
    imu.o(.text) refers to stm32f10x_rcc.o(.text) for RCC_APB1PeriphClockCmd
    imu.o(.text) refers to stm32f10x_tim.o(.text) for TIM_TimeBaseStructInit
    imu.o(.text) refers to fmul.o(x$fpl$fmul) for __aeabi_fmul
    imu.o(.text) refers to faddsub_clz.o(x$fpl$frsb) for __aeabi_frsub
    imu.o(.text) refers to mpu6050.o(.text) for MPU6050_initialize
    imu.o(.text) refers to hmc5883l.o(.text) for HMC5883L_SetUp
    imu.o(.text) refers to bmp180.o(.text) for BMP180_init
    imu.o(.text) refers to delay.o(.text) for delay_ms
    imu.o(.text) refers to fflt_clz.o(x$fpl$fflt) for __aeabi_i2f
    imu.o(.text) refers to fdiv.o(x$fpl$fdiv) for __aeabi_fdiv
    imu.o(.text) refers to fflt_clz.o(x$fpl$ffltu) for __aeabi_ui2f
    imu.o(.text) refers to faddsub_clz.o(x$fpl$fadd) for __aeabi_fadd
    imu.o(.text) refers to faddsub_clz.o(x$fpl$fsub) for __aeabi_fsub
    imu.o(.text) refers to imu.o(.data) for q0
    imu.o(.text) refers to f2d.o(x$fpl$f2d) for __aeabi_f2d
    imu.o(.text) refers to sqrt.o(i.sqrt) for sqrt
    imu.o(.text) refers to d2f.o(x$fpl$d2f) for __aeabi_d2f
    imu.o(.text) refers to daddsub_clz.o(x$fpl$drsb) for __aeabi_drsub
    imu.o(.text) refers to daddsub_clz.o(x$fpl$dsub) for __aeabi_dsub
    imu.o(.text) refers to dmul.o(x$fpl$dmul) for __aeabi_dmul
    imu.o(.text) refers to daddsub_clz.o(x$fpl$dadd) for __aeabi_dadd
    imu.o(.text) refers to feqf.o(x$fpl$feqf) for __aeabi_cfcmpeq
    imu.o(.text) refers to atan2.o(i.atan2) for atan2
    imu.o(.text) refers to ddiv.o(x$fpl$ddiv) for __aeabi_ddiv
    imu.o(.text) refers to asin.o(i.asin) for asin
    imu.o(.text) refers to imu.o(.bss) for mygetqval
    led.o(.text) refers to stm32f10x_rcc.o(.text) for RCC_APB2PeriphClockCmd
    led.o(.text) refers to stm32f10x_gpio.o(.text) for GPIO_Init
    led.o(.text) refers to stm32f10x_tim.o(.text) for TIM_TimeBaseInit
    led.o(.text) refers to led.o(.data) for LightLevel
    mpu6050.o(.text) refers to ioi2c.o(.text) for IICwriteBits
    mpu6050.o(.text) refers to stm32f10x_gpio.o(.text) for GPIO_ReadInputDataBit
    mpu6050.o(.text) refers to delay.o(.text) for delay_us
    mpu6050.o(.text) refers to led.o(.text) for LED_Change
    mpu6050.o(.text) refers to mpu6050.o(.bss) for MPU6050_FIFO
    mpu6050.o(.text) refers to mpu6050.o(.data) for MPU6050_Lastax
    uart2.o(.text) refers to misc.o(.text) for NVIC_Init
    uart2.o(.text) refers to stm32f10x_rcc.o(.text) for RCC_APB1PeriphClockCmd
    uart2.o(.text) refers to stm32f10x_gpio.o(.text) for GPIO_Init
    uart2.o(.text) refers to stm32f10x_usart.o(.text) for USART_Init
    uart2.o(.text) refers to uart2.o(.data) for U2count
    uart2.o(.text) refers to uart2.o(.bss) for U2TxBuffer
    uarts.o(.text) refers to misc.o(.text) for NVIC_Init
    uarts.o(.text) refers to stm32f10x_rcc.o(.text) for RCC_APB2PeriphClockCmd
[...]
    .ARM.Collect$$libinit$$00000019          0x080001a2   Section        0  libinit2.o(.ARM.Collect$$libinit$$00000019)
    .ARM.Collect$$libinit$$0000001B          0x080001a2   Section        0  libinit2.o(.ARM.Collect$$libinit$$0000001B)
    .ARM.Collect$$libinit$$0000001D          0x080001a2   Section        0  libinit2.o(.ARM.Collect$$libinit$$0000001D)
    .ARM.Collect$$libinit$$0000001F          0x080001a2   Section        0  libinit2.o(.ARM.Collect$$libinit$$0000001F)
    .ARM.Collect$$libinit$$00000021          0x080001a2   Section        0  libinit2.o(.ARM.Collect$$libinit$$00000021)
    .ARM.Collect$$libinit$$00000023          0x080001a2   Section        0  libinit2.o(.ARM.Collect$$libinit$$00000023)
    .ARM.Collect$$libinit$$0000002A          0x080001a2   Section        0  libinit2.o(.ARM.Collect$$libinit$$0000002A)
    .ARM.Collect$$libinit$$0000002C          0x080001a2   Section        0  libinit2.o(.ARM.Collect$$libinit$$0000002C)
    .ARM.Collect$$libinit$$0000002E          0x080001a2   Section        0  libinit2.o(.ARM.Collect$$libinit$$0000002E)
    .ARM.Collect$$libinit$$00000030          0x080001a2   Section        0  libinit2.o(.ARM.Collect$$libinit$$00000030)
    .ARM.Collect$$libinit$$00000031          0x080001a2   Section        2  libinit2.o(.ARM.Collect$$libinit$$00000031)
    .ARM.Collect$$libshutdown$$00000000      0x080001a4   Section        2  libshutdown.o(.ARM.Collect$$libshutdown$$00000000)
    .ARM.Collect$$libshutdown$$00000003      0x080001a6   Section        0  libshutdown2.o(.ARM.Collect$$libshutdown$$00000003)
    .ARM.Collect$$libshutdown$$00000006      0x080001a6   Section        0  libshutdown2.o(.ARM.Collect$$libshutdown$$00000006)
    .ARM.Collect$$libshutdown$$00000009      0x080001a6   Section        0  libshutdown2.o(.ARM.Collect$$libshutdown$$00000009)
    .ARM.Collect$$libshutdown$$0000000B      0x080001a6   Section        0  libshutdown2.o(.ARM.Collect$$libshutdown$$0000000B)
    .ARM.Collect$$libshutdown$$0000000E      0x080001a6   Section        0  libshutdown2.o(.ARM.Collect$$libshutdown$$0000000E)
    .ARM.Collect$$libshutdown$$0000000F      0x080001a6   Section        2  libshutdown2.o(.ARM.Collect$$libshutdown$$0000000F)
    .ARM.Collect$$rtentry$$00000000          0x080001a8   Section        0  rtentry.o(.ARM.Collect$$rtentry$$00000000)
    .ARM.Collect$$rtentry$$00000002          0x080001a8   Section        0  rtentry2.o(.ARM.Collect$$rtentry$$00000002)
    .ARM.Collect$$rtentry$$00000004          0x080001a8   Section        6  rtentry4.o(.ARM.Collect$$rtentry$$00000004)
    .ARM.Collect$$rtentry$$00000009          0x080001ae   Section        0  rtentry2.o(.ARM.Collect$$rtentry$$00000009)
    .ARM.Collect$$rtentry$$0000000A          0x080001ae   Section        4  rtentry2.o(.ARM.Collect$$rtentry$$0000000A)
    .ARM.Collect$$rtentry$$0000000C          0x080001b2   Section        0  rtentry2.o(.ARM.Collect$$rtentry$$0000000C)
    .ARM.Collect$$rtentry$$0000000D          0x080001b2   Section        8  rtentry2.o(.ARM.Collect$$rtentry$$0000000D)
    .ARM.Collect$$rtexit$$00000000           0x080001ba   Section        2  rtexit.o(.ARM.Collect$$rtexit$$00000000)
    .ARM.Collect$$rtexit$$00000002           0x080001bc   Section        0  rtexit2.o(.ARM.Collect$$rtexit$$00000002)
    .ARM.Collect$$rtexit$$00000003           0x080001bc   Section        4  rtexit2.o(.ARM.Collect$$rtexit$$00000003)
    .ARM.Collect$$rtexit$$00000004           0x080001c0   Section        6  rtexit2.o(.ARM.Collect$$rtexit$$00000004)
    .text                                    0x080001c8   Section        0  system_stm32f10x.o(.text)
    SetSysClockTo72                          0x080001c9   Thumb Code   192  system_stm32f10x.o(.text)
    SetSysClock                              0x08000289   Thumb Code     8  system_stm32f10x.o(.text)
    .text                                    0x08000390   Section       64  startup_stm32f10x_md.o(.text)
    .text                                    0x080003d0   Section        0  delay.o(.text)
    .text                                    0x0800047c   Section        0  ioi2c.o(.text)
    .text                                    0x080008ac   Section        0  hmc5883l.o(.text)
    .text                                    0x08000b3c   Section        0  imu.o(.text)
    .text                                    0x080017e4   Section        0  led.o(.text)
    .text                                    0x08001924   Section        0  mpu6050.o(.text)
    .text                                    0x08001ef8   Section        0  uart2.o(.text)
    .text                                    0x08002570   Section        0  uarts.o(.text)
    .text                                    0x08002aac   Section        0  bmp180.o(.text)
    .text                                    0x08003188   Section        0  main.o(.text)
    .text                                    0x08003380   Section        0  stm32f10x_it.o(.text)
    .text                                    0x0800339c   Section        0  misc.o(.text)
    .text                                    0x08003478   Section        0  stm32f10x_gpio.o(.text)
    .text                                    0x080037d0   Section        0  stm32f10x_rcc.o(.text)
    .text                                    0x08003b6c   Section        0  stm32f10x_tim.o(.text)
    TI4_Config                               0x08004013   Thumb Code   130  stm32f10x_tim.o(.text)
    TI3_Config                               0x080040a7   Thumb Code   122  stm32f10x_tim.o(.text)
    TI2_Config                               0x0800413b   Thumb Code   130  stm32f10x_tim.o(.text)
    TI1_Config                               0x080041cf   Thumb Code   108  stm32f10x_tim.o(.text)
    .text                                    0x08004988   Section        0  stm32f10x_usart.o(.text)
    .text                                    0x08004d90   Section        0  heapauxi.o(.text)
    .text                                    0x08004d96   Section        0  _rserrno.o(.text)
    .text                                    0x08004dac   Section        8  rt_errno_addr_intlibspace.o(.text)
    .text                                    0x08004db4   Section        8  libspace.o(.text)
    .text                                    0x08004dbc   Section       74  sys_stackheap_outer.o(.text)
    .text                                    0x08004e06   Section        0  exit.o(.text)
    .text                                    0x08004e14   Section        0  sys_exit.o(.text)
    .text                                    0x08004e20   Section        2  use_no_semi.o(.text)
    .text                                    0x08004e22   Section        0  indicate_semi.o(.text)
    i.__ARM_fpclassify                       0x08004e22   Section        0  fpclassify.o(i.__ARM_fpclassify)
    i.__kernel_poly                          0x08004e4a   Section        0  poly.o(i.__kernel_poly)
    i.__mathlib_dbl_underflow                0x08004ef4   Section        0  dunder.o(i.__mathlib_dbl_underflow)
    i.asin                                   0x08004f04   Section        0  asin.o(i.asin)
    i.atan                                   0x08005180   Section        0  atan.o(i.atan)
    i.atan2                                  0x080053a4   Section        0  atan2.o(i.atan2)
    i.pow                                    0x08005524   Section        0  pow.o(i.pow)
    i.sqrt                                   0x08005f04   Section        0  sqrt.o(i.sqrt)
    x$fpl$d2f                                0x08005f54   Section       98  d2f.o(x$fpl$d2f)
    x$fpl$dadd                               0x08005fb8   Section      336  daddsub_clz.o(x$fpl$dadd)
    _dadd1                                   0x08005fc9   Thumb Code     0  daddsub_clz.o(x$fpl$dadd)
    x$fpl$dcheck1                            0x08006108   Section       16  dcheck1.o(x$fpl$dcheck1)
    x$fpl$dcmpinf                            0x08006118   Section       24  dcmpi.o(x$fpl$dcmpinf)
    x$fpl$ddiv                               0x08006130   Section      688  ddiv.o(x$fpl$ddiv)
    ddiv_entry                               0x08006137   Thumb Code     0  ddiv.o(x$fpl$ddiv)
    x$fpl$dfix                               0x080063e0   Section       94  dfix.o(x$fpl$dfix)
    x$fpl$dflt                               0x0800643e   Section       46  dflt_clz.o(x$fpl$dflt)
    x$fpl$dleqf                              0x0800646c   Section      120  dleqf.o(x$fpl$dleqf)
    x$fpl$dmul                               0x080064e4   Section      340  dmul.o(x$fpl$dmul)
    x$fpl$dnaninf                            0x08006638   Section      156  dnaninf.o(x$fpl$dnaninf)
    x$fpl$dretinf                            0x080066d4   Section       12  dretinf.o(x$fpl$dretinf)
    x$fpl$drleqf                             0x080066e0   Section      108  drleqf.o(x$fpl$drleqf)
    x$fpl$drsb                               0x0800674c   Section       22  daddsub_clz.o(x$fpl$drsb)
    x$fpl$dsqrt                              0x08006764   Section      460  dsqrt_noumaal.o(x$fpl$dsqrt)
    x$fpl$dsub                               0x08006930   Section      468  daddsub_clz.o(x$fpl$dsub)
    _dsub1                                   0x08006941   Thumb Code     0  daddsub_clz.o(x$fpl$dsub)
    x$fpl$f2d                                0x08006b04   Section       86  f2d.o(x$fpl$f2d)
    x$fpl$fadd                               0x08006b5c   Section      196  faddsub_clz.o(x$fpl$fadd)
    _fadd1                                   0x08006b6b   Thumb Code     0  faddsub_clz.o(x$fpl$fadd)
    x$fpl$fcmpinf                            0x08006c20   Section       24  fcmpi.o(x$fpl$fcmpinf)
    x$fpl$fdiv                               0x08006c38   Section      388  fdiv.o(x$fpl$fdiv)
    _fdiv1                                   0x08006c39   Thumb Code     0  fdiv.o(x$fpl$fdiv)
    x$fpl$feqf                               0x08006dbc   Section      104  feqf.o(x$fpl$feqf)
    x$fpl$ffix                               0x08006e24   Section       54  ffix.o(x$fpl$ffix)
    x$fpl$fflt                               0x08006e5c   Section       48  fflt_clz.o(x$fpl$fflt)
    x$fpl$ffltu                              0x08006e8c   Section       38  fflt_clz.o(x$fpl$ffltu)
    x$fpl$fmul                               0x08006eb4   Section      258  fmul.o(x$fpl$fmul)
    x$fpl$fnaninf                            0x08006fb6   Section      140  fnaninf.o(x$fpl$fnaninf)
    x$fpl$fretinf                            0x08007042   Section       10  fretinf.o(x$fpl$fretinf)
    x$fpl$frsb                               0x0800704c   Section       20  faddsub_clz.o(x$fpl$frsb)
    x$fpl$fsub                               0x08007060   Section      234  faddsub_clz.o(x$fpl$fsub)
    _fsub1                                   0x0800706f   Thumb Code     0  faddsub_clz.o(x$fpl$fsub)
    x$fpl$retnan                             0x0800714a   Section      100  retnan.o(x$fpl$retnan)
    x$fpl$scalbn                             0x080071ae   Section       92  scalbn.o(x$fpl$scalbn)
    x$fpl$trapveneer                         0x0800720a   Section       48  trapv.o(x$fpl$trapveneer)
    x$fpl$usenofp                            0x0800723a   Section        0  usenofp.o(x$fpl$usenofp)
    .constdata                               0x08007240   Section       80  asin.o(.constdata)
    pS                                       0x08007240   Data          48  asin.o(.constdata)
    qS                                       0x08007270   Data          32  asin.o(.constdata)
    .constdata                               0x08007290   Section      136  pow.o(.constdata)
    bp                                       0x08007290   Data          16  pow.o(.constdata)
    dp_h                                     0x080072a0   Data          16  pow.o(.constdata)
    dp_l                                     0x080072b0   Data          16  pow.o(.constdata)
    L                                        0x080072c0   Data          48  pow.o(.constdata)
    P                                        0x080072f0   Data          40  pow.o(.constdata)
    .constdata                               0x08007318   Section      152  atan.o(.constdata)
    atanhi                                   0x08007318   Data          32  atan.o(.constdata)
    atanlo                                   0x08007338   Data          32  atan.o(.constdata)
    aTodd                                    0x08007358   Data          40  atan.o(.constdata)
    aTeven                                   0x08007380   Data          48  atan.o(.constdata)
    .constdata                               0x080073b0   Section        8  qnan.o(.constdata)
    .data                                    0x20000000   Section       20  system_stm32f10x.o(.data)
    .data                                    0x20000014   Section        4  delay.o(.data)
    fac_us                                   0x20000014   Data           1  delay.o(.data)
    fac_ms                                   0x20000016   Data           2  delay.o(.data)
    .data                                    0x20000018   Section       12  hmc5883l.o(.data)
    .data                                    0x20000024   Section       44  imu.o(.data)
    .data                                    0x20000050   Section      161  led.o(.data)
    LightLevel                               0x20000050   Data         160  led.o(.data)
    .data                                    0x200000f2   Section       18  mpu6050.o(.data)
    .data                                    0x20000104   Section        4  uart2.o(.data)
    .data                                    0x20000108   Section        2  uarts.o(.data)
    .data                                    0x2000010c   Section       76  bmp180.o(.data)
    .data                                    0x20000158   Section       42  main.o(.data)
    .data                                    0x20000182   Section       20  stm32f10x_rcc.o(.data)
    APBAHBPrescTable                         0x20000182   Data          16  stm32f10x_rcc.o(.data)
    ADCPrescTable                            0x20000192   Data           4  stm32f10x_rcc.o(.data)
    .bss                                     0x20000198   Section       66  hmc5883l.o(.bss)
    .bss                                     0x200001dc   Section       36  imu.o(.bss)
    .bss                                     0x20000200   Section      146  mpu6050.o(.bss)
    .bss                                     0x20000292   Section      358  uart2.o(.bss)
    .bss                                     0x200003f8   Section      258  uarts.o(.bss)
    .bss                                     0x200004fc   Section      384  bmp180.o(.bss)
    .bss                                     0x2000067c   Section       96  libspace.o(.bss)
    HEAP                                     0x200006e0   Section      512  startup_stm32f10x_md.o(HEAP)
    Heap_Mem                                 0x200006e0   Data         512  startup_stm32f10x_md.o(HEAP)
    STACK                                    0x200008e0   Section     1024  startup_stm32f10x_md.o(STACK)
    Stack_Mem                                0x200008e0   Data        1024  startup_stm32f10x_md.o(STACK)
    __initial_sp                             0x20000ce0   Data           0  startup_stm32f10x_md.o(STACK)

    Global Symbols

    Symbol Name                              Value     Ov Type        Size  Object(Section)

    BuildAttributes$$THM_ISAv4$P$D$K$B$S$PE$A:L22UL41UL21$X:L11$S22US41US21$IEEE1$IW$USESV6$~STKCKD$USESV7$~SHL$OTIME$ROPI$IEEEX$EBA8$UX$STANDARDLIB$REQ8$PRES8$EABIv2 0x00000000   Number         0  anon$$obj.o ABSOLUTE
    __ARM_use_no_argv                        0x00000000   Number         0  main.o ABSOLUTE
    __ARM_exceptions_init                     - Undefined Weak Reference
    __alloca_initialize                       - Undefined Weak Reference
    __cpp_initialize__aeabi_                  - Undefined Weak Reference
    __cxa_finalize                            - Undefined Weak Reference
    __rt_locale                               - Undefined Weak Reference
    __sigvec_lookup                           - Undefined Weak Reference
    _atexit_init                              - Undefined Weak Reference
    _call_atexit_fns                          - Undefined Weak Reference
    _clock_init                               - Undefined Weak Reference
    _fp_trap_init                             - Undefined Weak Reference
    _fp_trap_shutdown                         - Undefined Weak Reference
    _get_lc_collate                           - Undefined Weak Reference
    _get_lc_ctype                             - Undefined Weak Reference
    _get_lc_monetary                          - Undefined Weak Reference
    _get_lc_numeric                           - Undefined Weak Reference
    _get_lc_time                              - Undefined Weak Reference
    _getenv_init                              - Undefined Weak Reference
    _handle_redirection                       - Undefined Weak Reference
    _init_alloc                               - Undefined Weak Reference
    _init_user_alloc                          - Undefined Weak Reference
    _initio                                   - Undefined Weak Reference
    _rand_init                                - Undefined Weak Reference
    _signal_finish                            - Undefined Weak Reference
    _signal_init                              - Undefined Weak Reference
    _terminate_alloc                          - Undefined Weak Reference
    _terminate_user_alloc                     - Undefined Weak Reference
    _terminateio                              - Undefined Weak Reference
    __Vectors_Size                           0x000000ec   Number         0  startup_stm32f10x_md.o ABSOLUTE
    __Vectors                                0x08000000   Data           4  startup_stm32f10x_md.o(RESET)
    __Vectors_End                            0x080000ec   Data           0  startup_stm32f10x_md.o(RESET)
    __main                                   0x080000ed   Thumb Code     8  __main.o(!!!main)
    __scatterload                            0x080000f5   Thumb Code     0  __scatter.o(!!!scatter)
    __scatterload_rt2                        0x080000f5   Thumb Code    44  __scatter.o(!!!scatter)
    __scatterload_rt2_thumb_only             0x080000f5   Thumb Code     0  __scatter.o(!!!scatter)
    __scatterload_null                       0x08000103   Thumb Code     0  __scatter.o(!!!scatter)
    __decompress                             0x08000129   Thumb Code    90  __dczerorl2.o(!!dczerorl2)
    __decompress1                            0x08000129   Thumb Code     0  __dczerorl2.o(!!dczerorl2)
    __scatterload_zeroinit                   0x08000185   Thumb Code    28  __scatter_zi.o(!!handler_zi)
    __rt_lib_init                            0x080001a1   Thumb Code     0  libinit.o(.ARM.Collect$$libinit$$00000000)
    __rt_lib_init_alloca_1                   0x080001a3   Thumb Code     0  libinit2.o(.ARM.Collect$$libinit$$0000002C)
    __rt_lib_init_argv_1                     0x080001a3   Thumb Code     0  libinit2.o(.ARM.Collect$$libinit$$0000002A)
    __rt_lib_init_atexit_1                   0x080001a3   Thumb Code     0  libinit2.o(.ARM.Collect$$libinit$$00000019)
    __rt_lib_init_clock_1                    0x080001a3   Thumb Code     0  libinit2.o(.ARM.Collect$$libinit$$0000001F)
    __rt_lib_init_cpp_1                      0x080001a3   Thumb Code     0  libinit2.o(.ARM.Collect$$libinit$$00000030)
    __rt_lib_init_exceptions_1               0x080001a3   Thumb Code     0  libinit2.o(.ARM.Collect$$libinit$$0000002E)
    __rt_lib_init_fp_1                       0x080001a3   Thumb Code     0  libinit2.o(.ARM.Collect$$libinit$$00000002)
    __rt_lib_init_fp_trap_1                  0x080001a3   Thumb Code     0  libinit2.o(.ARM.Collect$$libinit$$0000001D)
    __rt_lib_init_getenv_1                   0x080001a3   Thumb Code     0  libinit2.o(.ARM.Collect$$libinit$$00000021)
    __rt_lib_init_heap_1                     0x080001a3   Thumb Code     0  libinit2.o(.ARM.Collect$$libinit$$00000008)
    __rt_lib_init_lc_collate_1               0x080001a3   Thumb Code     0  libinit2.o(.ARM.Collect$$libinit$$0000000F)
    __rt_lib_init_lc_ctype_1                 0x080001a3   Thumb Code     0  libinit2.o(.ARM.Collect$$libinit$$00000011)
    __rt_lib_init_lc_monetary_1              0x080001a3   Thumb Code     0  libinit2.o(.ARM.Collect$$libinit$$00000013)
    __rt_lib_init_lc_numeric_1               0x080001a3   Thumb Code     0  libinit2.o(.ARM.Collect$$libinit$$00000015)
    __rt_lib_init_lc_time_1                  0x080001a3   Thumb Code     0  libinit2.o(.ARM.Collect$$libinit$$00000017)
    __rt_lib_init_rand_1                     0x080001a3   Thumb Code     0  libinit2.o(.ARM.Collect$$libinit$$0000000C)
    __rt_lib_init_return                     0x080001a3   Thumb Code     0  libinit2.o(.ARM.Collect$$libinit$$00000031)
    __rt_lib_init_signal_1                   0x080001a3   Thumb Code     0  libinit2.o(.ARM.Collect$$libinit$$0000001B)
    __rt_lib_init_stdio_1                    0x080001a3   Thumb Code     0  libinit2.o(.ARM.Collect$$libinit$$00000023)
    __rt_lib_init_user_alloc_1               0x080001a3   Thumb Code     0  libinit2.o(.ARM.Collect$$libinit$$0000000A)
    __rt_lib_shutdown                        0x080001a5   Thumb Code     0  libshutdown.o(.ARM.Collect$$libshutdown$$00000000)
    __rt_lib_shutdown_fp_trap_1              0x080001a7   Thumb Code     0  libshutdown2.o(.ARM.Collect$$libshutdown$$00000006)
    __rt_lib_shutdown_heap_1                 0x080001a7   Thumb Code     0  libshutdown2.o(.ARM.Collect$$libshutdown$$0000000E)
    __rt_lib_shutdown_return                 0x080001a7   Thumb Code     0  libshutdown2.o(.ARM.Collect$$libshutdown$$0000000F)
    __rt_lib_shutdown_signal_1               0x080001a7   Thumb Code     0  libshutdown2.o(.ARM.Collect$$libshutdown$$00000009)
    __rt_lib_shutdown_stdio_1                0x080001a7   Thumb Code     0  libshutdown2.o(.ARM.Collect$$libshutdown$$00000003)
    __rt_lib_shutdown_user_alloc_1           0x080001a7   Thumb Code     0  libshutdown2.o(.ARM.Collect$$libshutdown$$0000000B)
    __rt_entry                               0x080001a9   Thumb Code     0  rtentry.o(.ARM.Collect$$rtentry$$00000000)
    __rt_entry_presh_1                       0x080001a9   Thumb Code     0  rtentry2.o(.ARM.Collect$$rtentry$$00000002)
    __rt_entry_sh                            0x080001a9   Thumb Code     0  rtentry4.o(.ARM.Collect$$rtentry$$00000004)
    __rt_entry_li                            0x080001af   Thumb Code     0  rtentry2.o(.ARM.Collect$$rtentry$$0000000A)
    __rt_entry_postsh_1                      0x080001af   Thumb Code     0  rtentry2.o(.ARM.Collect$$rtentry$$00000009)
    __rt_entry_main                          0x080001b3   Thumb Code     0  rtentry2.o(.ARM.Collect$$rtentry$$0000000D)
    __rt_entry_postli_1                      0x080001b3   Thumb Code     0  rtentry2.o(.ARM.Collect$$rtentry$$0000000C)
    __rt_exit                                0x080001bb   Thumb Code     0  rtexit.o(.ARM.Collect$$rtexit$$00000000)
    __rt_exit_ls                             0x080001bd   Thumb Code     0  rtexit2.o(.ARM.Collect$$rtexit$$00000003)
    __rt_exit_prels_1                        0x080001bd   Thumb Code     0  rtexit2.o(.ARM.Collect$$rtexit$$00000002)
    __rt_exit_exit                           0x080001c1   Thumb Code     0  rtexit2.o(.ARM.Collect$$rtexit$$00000004)
    SystemInit                               0x08000291   Thumb Code    78  system_stm32f10x.o(.text)
    SystemCoreClockUpdate                    0x080002df   Thumb Code   142  system_stm32f10x.o(.text)
    Reset_Handler                            0x08000391   Thumb Code     8  startup_stm32f10x_md.o(.text)
    ADC1_2_IRQHandler                        0x080003ab   Thumb Code     0  startup_stm32f10x_md.o(.text)
    CAN1_RX1_IRQHandler                      0x080003ab   Thumb Code     0  startup_stm32f10x_md.o(.text)
    CAN1_SCE_IRQHandler                      0x080003ab   Thumb Code     0  startup_stm32f10x_md.o(.text)
    DMA1_Channel1_IRQHandler                 0x080003ab   Thumb Code     0  startup_stm32f10x_md.o(.text)
    DMA1_Channel2_IRQHandler                 0x080003ab   Thumb Code     0  startup_stm32f10x_md.o(.text)
    DMA1_Channel3_IRQHandler                 0x080003ab   Thumb Code     0  startup_stm32f10x_md.o(.text)
    DMA1_Channel4_IRQHandler                 0x080003ab   Thumb Code     0  startup_stm32f10x_md.o(.text)
    DMA1_Channel5_IRQHandler                 0x080003ab   Thumb Code     0  startup_stm32f10x_md.o(.text)
    DMA1_Channel6_IRQHandler                 0x080003ab   Thumb Code     0  startup_stm32f10x_md.o(.text)
    DMA1_Channel7_IRQHandler                 0x080003ab   Thumb Code     0  startup_stm32f10x_md.o(.text)
    EXTI0_IRQHandler                         0x080003ab   Thumb Code     0  startup_stm32f10x_md.o(.text)
    EXTI15_10_IRQHandler                     0x080003ab   Thumb Code     0  startup_stm32f10x_md.o(.text)
    EXTI1_IRQHandler                         0x080003ab   Thumb Code     0  startup_stm32f10x_md.o(.text)
    EXTI2_IRQHandler                         0x080003ab   Thumb Code     0  startup_stm32f10x_md.o(.text)
    EXTI3_IRQHandler                         0x080003ab   Thumb Code     0  startup_stm32f10x_md.o(.text)
    EXTI4_IRQHandler                         0x080003ab   Thumb Code     0  startup_stm32f10x_md.o(.text)
    EXTI9_5_IRQHandler                       0x080003ab   Thumb Code     0  startup_stm32f10x_md.o(.text)
    FLASH_IRQHandler                         0x080003ab   Thumb Code     0  startup_stm32f10x_md.o(.text)
    I2C1_ER_IRQHandler                       0x080003ab   Thumb Code     0  startup_stm32f10x_md.o(.text)
    I2C1_EV_IRQHandler                       0x080003ab   Thumb Code     0  startup_stm32f10x_md.o(.text)
    I2C2_ER_IRQHandler                       0x080003ab   Thumb Code     0  startup_stm32f10x_md.o(.text)
    I2C2_EV_IRQHandler                       0x080003ab   Thumb Code     0  startup_stm32f10x_md.o(.text)
    PVD_IRQHandler                           0x080003ab   Thumb Code     0  startup_stm32f10x_md.o(.text)
    RCC_IRQHandler                           0x080003ab   Thumb Code     0  startup_stm32f10x_md.o(.text)
    RTCAlarm_IRQHandler                      0x080003ab   Thumb Code     0  startup_stm32f10x_md.o(.text)
    RTC_IRQHandler                           0x080003ab   Thumb Code     0  startup_stm32f10x_md.o(.text)
    SPI1_IRQHandler                          0x080003ab   Thumb Code     0  startup_stm32f10x_md.o(.text)
    SPI2_IRQHandler                          0x080003ab   Thumb Code     0  startup_stm32f10x_md.o(.text)
    TAMPER_IRQHandler                        0x080003ab   Thumb Code     0  startup_stm32f10x_md.o(.text)
    TIM1_BRK_IRQHandler                      0x080003ab   Thumb Code     0  startup_stm32f10x_md.o(.text)
    TIM1_CC_IRQHandler                       0x080003ab   Thumb Code     0  startup_stm32f10x_md.o(.text)
    TIM1_TRG_COM_IRQHandler                  0x080003ab   Thumb Code     0  startup_stm32f10x_md.o(.text)
    TIM1_UP_IRQHandler                       0x080003ab   Thumb Code     0  startup_stm32f10x_md.o(.text)
    TIM2_IRQHandler                          0x080003ab   Thumb Code     0  startup_stm32f10x_md.o(.text)
    TIM3_IRQHandler                          0x080003ab   Thumb Code     0  startup_stm32f10x_md.o(.text)
    TIM4_IRQHandler                          0x080003ab   Thumb Code     0  startup_stm32f10x_md.o(.text)
    USART3_IRQHandler                        0x080003ab   Thumb Code     0  startup_stm32f10x_md.o(.text)
    USBWakeUp_IRQHandler                     0x080003ab   Thumb Code     0  startup_stm32f10x_md.o(.text)
    USB_HP_CAN1_TX_IRQHandler                0x080003ab   Thumb Code     0  startup_stm32f10x_md.o(.text)
    USB_LP_CAN1_RX0_IRQHandler               0x080003ab   Thumb Code     0  startup_stm32f10x_md.o(.text)
    WWDG_IRQHandler                          0x080003ab   Thumb Code     0  startup_stm32f10x_md.o(.text)
    __user_initial_stackheap                 0x080003ad   Thumb Code     0  startup_stm32f10x_md.o(.text)
    delay_init                               0x080003d1   Thumb Code    54  delay.o(.text)
    delay_ms                                 0x08000407   Thumb Code    54  delay.o(.text)
    delay_us                                 0x0800043d   Thumb Code    54  delay.o(.text)
    IIC_Init                                 0x0800047d   Thumb Code    38  ioi2c.o(.text)
    IIC_Start                                0x080004a3   Thumb Code    68  ioi2c.o(.text)
    IIC_Stop                                 0x080004e7   Thumb Code    66  ioi2c.o(.text)
    IIC_Wait_Ack                             0x08000529   Thumb Code    88  ioi2c.o(.text)
    IIC_Ack                                  0x08000581   Thumb Code    72  ioi2c.o(.text)
    IIC_NAck                                 0x080005c9   Thumb Code    72  ioi2c.o(.text)
    IIC_Send_Byte                            0x08000611   Thumb Code    96  ioi2c.o(.text)
    IIC_Read_Byte                            0x08000671   Thumb Code    98  ioi2c.o(.text)
    I2C_ReadOneByte                          0x080006d3   Thumb Code    70  ioi2c.o(.text)
    IICreadBytes                             0x08000719   Thumb Code   100  ioi2c.o(.text)
    IICwriteBytes                            0x0800077d   Thumb Code    70  ioi2c.o(.text)
    IICreadByte                              0x080007c3   Thumb Code    22  ioi2c.o(.text)
    IICwriteByte                             0x080007d9   Thumb Code    20  ioi2c.o(.text)
    IICwriteBits                             0x080007ed   Thumb Code   106  ioi2c.o(.text)
    IICwriteBit                              0x08000857   Thumb Code    84  ioi2c.o(.text)
    HMC5883_IS_newdata                       0x080008ad   Thumb Code    20  hmc5883l.o(.text)
    HMC58X3_newValues                        0x080008c1   Thumb Code   186  hmc5883l.o(.text)
    HMC58X3_getRaw                           0x0800097b   Thumb Code   118  hmc5883l.o(.text)
    HMC58X3_FIFO_init                        0x080009f1   Thumb Code    36  hmc5883l.o(.text)
    HMC58X3_writeReg                         0x08000a15   Thumb Code    18  hmc5883l.o(.text)
    HMC58X3_getlastValues                    0x08000a27   Thumb Code    22  hmc5883l.o(.text)
    HMC58X3_mgetValues                       0x08000a3d   Thumb Code    58  hmc5883l.o(.text)
    HMC58X3_setGain                          0x08000a77   Thumb Code    24  hmc5883l.o(.text)
    HMC58X3_setMode                          0x08000a8f   Thumb Code    28  hmc5883l.o(.text)
    HMC58X3_init                             0x08000aab   Thumb Code    38  hmc5883l.o(.text)
    HMC58X3_setDOR                           0x08000ad1   Thumb Code    24  hmc5883l.o(.text)
    HMC58X3_getID                            0x08000ae9   Thumb Code    36  hmc5883l.o(.text)
    HMC5883L_SetUp                           0x08000b0d   Thumb Code    26  hmc5883l.o(.text)
    Initial_Timer3                           0x08000b3d   Thumb Code   192  imu.o(.text)
    invSqrt                                  0x08000bfd   Thumb Code    72  imu.o(.text)
    micros                                   0x08000c45   Thumb Code    20  imu.o(.text)
    IMU_init                                 0x08000c59   Thumb Code    88  imu.o(.text)
    IMU_getValues                            0x08000cb1   Thumb Code    92  imu.o(.text)
    IMU_AHRSupdate                           0x08000d0d   Thumb Code  2134  imu.o(.text)
    IMU_getQ                                 0x08001563   Thumb Code   148  imu.o(.text)
    IMU_getYawPitchRoll                      0x080015f7   Thumb Code   456  imu.o(.text)
    Initial_LED_GPIO                         0x080017e5   Thumb Code    76  led.o(.text)
    Initial_PWMLED                           0x08001831   Thumb Code   150  led.o(.text)
    LED_Change                               0x080018c7   Thumb Code    38  led.o(.text)
    LED_Reverse                              0x080018ed   Thumb Code    38  led.o(.text)
    MPU6050_newValues                        0x08001925   Thumb Code   494  mpu6050.o(.text)
    MPU6050_setClockSource                   0x08001b13   Thumb Code    20  mpu6050.o(.text)
    MPU6050_setFullScaleGyroRange            0x08001b27   Thumb Code    20  mpu6050.o(.text)
    MPU6050_setFullScaleAccelRange           0x08001b3b   Thumb Code    20  mpu6050.o(.text)
    MPU6050_setSleepEnabled                  0x08001b4f   Thumb Code    18  mpu6050.o(.text)
    MPU6050_getDeviceID                      0x08001b61   Thumb Code    20  mpu6050.o(.text)
    MPU6050_testConnection                   0x08001b75   Thumb Code    18  mpu6050.o(.text)
    MPU6050_setI2CMasterModeEnabled          0x08001b87   Thumb Code    18  mpu6050.o(.text)
    MPU6050_setI2CBypassEnabled              0x08001b99   Thumb Code    18  mpu6050.o(.text)
    MPU6050_is_DRY                           0x08001bab   Thumb Code    20  mpu6050.o(.text)
    MPU6050_getMotion6                       0x08001bbf   Thumb Code   340  mpu6050.o(.text)
    MPU6050_InitGyro_Offset                  0x08001d13   Thumb Code   212  mpu6050.o(.text)
    MPU6050_initialize                       0x08001de7   Thumb Code   148  mpu6050.o(.text)
    MPU6050_getlastMotion6                   0x08001e7b   Thumb Code    76  mpu6050.o(.text)
    U2NVIC_Configuration                     0x08001ef9   Thumb Code    34  uart2.o(.text)
    Initial_UART2                            0x08001f1b   Thumb Code   142  uart2.o(.text)
    UART2_Put_Char                           0x08001fa9   Thumb Code    34  uart2.o(.text)
    UART2_Get_Char                           0x08001fcb   Thumb Code    24  uart2.o(.text)
    UART2_Put_String                         0x08001fe3   Thumb Code    46  uart2.o(.text)
    UART2_Putc_Hex                           0x08002011   Thumb Code    80  uart2.o(.text)
    UART2_Putw_Hex                           0x08002061   Thumb Code    18  uart2.o(.text)
    UART2_Putdw_Hex                          0x08002073   Thumb Code    18  uart2.o(.text)
    UART2_Putw_Dec                           0x08002085   Thumb Code    60  uart2.o(.text)
    UART2_Putint_Dec                         0x080020c1   Thumb Code    26  uart2.o(.text)
    UART2_Putintp_Dec                        0x080020db   Thumb Code    54  uart2.o(.text)
    UART2_ReportIMU                          0x08002111   Thumb Code   300  uart2.o(.text)
    UART2_ReportMotion                       0x0800223d   Thumb Code   432  uart2.o(.text)
    USART2_IRQHandler                        0x080023ed   Thumb Code   268  uart2.o(.text)
    Sum_check                                0x080024f9   Thumb Code    52  uart2.o(.text)
    UART2_CommandRoute                       0x0800252d   Thumb Code    40  uart2.o(.text)
    NVIC_Configuration                       0x08002571   Thumb Code    34  uarts.o(.text)
    Initial_UART1                            0x08002593   Thumb Code   136  uarts.o(.text)
    UART1_Put_Char                           0x0800261b   Thumb Code    34  uarts.o(.text)
    UART1_Get_Char                           0x0800263d   Thumb Code    24  uarts.o(.text)
    UART1_Put_String                         0x08002655   Thumb Code    46  uarts.o(.text)
    UART1_Putc_Hex                           0x08002683   Thumb Code    80  uarts.o(.text)
    UART1_Putw_Hex                           0x080026d3   Thumb Code    18  uarts.o(.text)
    UART1_Putdw_Hex                          0x080026e5   Thumb Code    18  uarts.o(.text)
    UART1_Putw_Dec                           0x080026f7   Thumb Code    60  uarts.o(.text)
    UART1_Putint_Dec                         0x08002733   Thumb Code    26  uarts.o(.text)
    UART1_Putintp_Dec                        0x0800274d   Thumb Code    54  uarts.o(.text)
    UART1_ReportIMU                          0x08002783   Thumb Code   300  uarts.o(.text)
    UART1_ReportMotion                       0x080028af   Thumb Code   422  uarts.o(.text)
    USART1_IRQHandler                        0x08002a55   Thumb Code    72  uarts.o(.text)
    MS561101BA_getAvg                        0x08002aad   Thumb Code    64  bmp180.o(.text)
    BMP180_newTemperature                    0x08002aed   Thumb Code    50  bmp180.o(.text)
    BMP180_newPressure                       0x08002b1f   Thumb Code    50  bmp180.o(.text)
    BMP180_newALT                            0x08002b51   Thumb Code    50  bmp180.o(.text)
    BMP180_getAlt                            0x08002b83   Thumb Code     8  bmp180.o(.text)
    BMP180_getPress                          0x08002b8b   Thumb Code     8  bmp180.o(.text)
    BMP180_getTemperat                       0x08002b93   Thumb Code     8  bmp180.o(.text)
    BMP180_readmem                           0x08002b9b   Thumb Code    22  bmp180.o(.text)
    BMP180_writemem                          0x08002bb1   Thumb Code    18  bmp180.o(.text)
    BMP180_calcTruePressure                  0x08002bc3   Thumb Code   280  bmp180.o(.text)
    BMP180_getAltitude                       0x08002cdb   Thumb Code   130  bmp180.o(.text)
    BMP180_calcTrueTemperature               0x08002d5d   Thumb Code    92  bmp180.o(.text)
    BMP180_getTemperature                    0x08002db9   Thumb Code    24  bmp180.o(.text)
    BMP180_Routing                           0x08002dd1   Thumb Code   184  bmp180.o(.text)
    BMP180_getCalData                        0x08002e89   Thumb Code   434  bmp180.o(.text)
    BMP180_setMode                           0x0800303b   Thumb Code     6  bmp180.o(.text)
    BMP180_getPressure                       0x08003041   Thumb Code   120  bmp180.o(.text)
    BMP180_setLocalAbsAlt                    0x080030b9   Thumb Code    24  bmp180.o(.text)
    BMP180_ResetAlt                          0x080030d1   Thumb Code    22  bmp180.o(.text)
    BMP180_setLocalPressure                  0x080030e7   Thumb Code    24  bmp180.o(.text)
    BMP_init                                 0x080030ff   Thumb Code    44  bmp180.o(.text)
    BMP180_init                              0x0800312b   Thumb Code    24  bmp180.o(.text)
    main                                     0x08003189   Thumb Code   442  main.o(.text)
    NMI_Handler                              0x08003381   Thumb Code     2  stm32f10x_it.o(.text)
    HardFault_Handler                        0x08003383   Thumb Code     4  stm32f10x_it.o(.text)
    MemManage_Handler                        0x08003387   Thumb Code     4  stm32f10x_it.o(.text)
    BusFault_Handler                         0x0800338b   Thumb Code     4  stm32f10x_it.o(.text)
    UsageFault_Handler                       0x0800338f   Thumb Code     4  stm32f10x_it.o(.text)
    SVC_Handler                              0x08003393   Thumb Code     2  stm32f10x_it.o(.text)
    DebugMon_Handler                         0x08003395   Thumb Code     2  stm32f10x_it.o(.text)
    PendSV_Handler                           0x08003397   Thumb Code     2  stm32f10x_it.o(.text)
    SysTick_Handler                          0x08003399   Thumb Code     2  stm32f10x_it.o(.text)
    NVIC_PriorityGroupConfig                 0x0800339d   Thumb Code    10  misc.o(.text)
    NVIC_Init                                0x080033a7   Thumb Code   102  misc.o(.text)
    NVIC_SetVectorTable                      0x0800340d   Thumb Code    14  misc.o(.text)
    NVIC_SystemLPConfig                      0x0800341b   Thumb Code    34  misc.o(.text)
    SysTick_CLKSourceConfig                  0x0800343d   Thumb Code    40  misc.o(.text)
    GPIO_DeInit                              0x08003479   Thumb Code   172  stm32f10x_gpio.o(.text)
    GPIO_AFIODeInit                          0x08003525   Thumb Code    20  stm32f10x_gpio.o(.text)
    GPIO_Init                                0x08003539   Thumb Code   274  stm32f10x_gpio.o(.text)
    GPIO_StructInit                          0x0800364b   Thumb Code    16  stm32f10x_gpio.o(.text)
    GPIO_ReadInputDataBit                    0x0800365b   Thumb Code    18  stm32f10x_gpio.o(.text)
    GPIO_ReadInputData                       0x0800366d   Thumb Code     8  stm32f10x_gpio.o(.text)
    GPIO_ReadOutputDataBit                   0x08003675   Thumb Code    18  stm32f10x_gpio.o(.text)
    GPIO_ReadOutputData                      0x08003687   Thumb Code     8  stm32f10x_gpio.o(.text)
    GPIO_SetBits                             0x0800368f   Thumb Code     4  stm32f10x_gpio.o(.text)
    GPIO_ResetBits                           0x08003693   Thumb Code     4  stm32f10x_gpio.o(.text)
    GPIO_WriteBit                            0x08003697   Thumb Code    10  stm32f10x_gpio.o(.text)
    GPIO_Write                               0x080036a1   Thumb Code     4  stm32f10x_gpio.o(.text)
    GPIO_PinLockConfig                       0x080036a5   Thumb Code    18  stm32f10x_gpio.o(.text)
    GPIO_EventOutputConfig                   0x080036b7   Thumb Code    26  stm32f10x_gpio.o(.text)
    GPIO_EventOutputCmd                      0x080036d1   Thumb Code     6  stm32f10x_gpio.o(.text)
    GPIO_PinRemapConfig                      0x080036d7   Thumb Code   138  stm32f10x_gpio.o(.text)
    GPIO_EXTILineConfig                      0x08003761   Thumb Code    66  stm32f10x_gpio.o(.text)
    GPIO_ETH_MediaInterfaceConfig            0x080037a3   Thumb Code     6  stm32f10x_gpio.o(.text)
    RCC_DeInit                               0x080037d1   Thumb Code    64  stm32f10x_rcc.o(.text)
    RCC_HSEConfig                            0x08003811   Thumb Code    70  stm32f10x_rcc.o(.text)
    RCC_GetFlagStatus                        0x08003857   Thumb Code    56  stm32f10x_rcc.o(.text)
    RCC_WaitForHSEStartUp                    0x0800388f   Thumb Code    48  stm32f10x_rcc.o(.text)
    RCC_AdjustHSICalibrationValue            0x080038bf   Thumb Code    20  stm32f10x_rcc.o(.text)
    RCC_HSICmd                               0x080038d3   Thumb Code     6  stm32f10x_rcc.o(.text)
    RCC_PLLConfig                            0x080038d9   Thumb Code    24  stm32f10x_rcc.o(.text)
    RCC_PLLCmd                               0x080038f1   Thumb Code     6  stm32f10x_rcc.o(.text)
    RCC_SYSCLKConfig                         0x080038f7   Thumb Code    18  stm32f10x_rcc.o(.text)
    RCC_GetSYSCLKSource                      0x08003909   Thumb Code    10  stm32f10x_rcc.o(.text)
    RCC_HCLKConfig                           0x08003913   Thumb Code    18  stm32f10x_rcc.o(.text)
    RCC_PCLK1Config                          0x08003925   Thumb Code    18  stm32f10x_rcc.o(.text)
    RCC_PCLK2Config                          0x08003937   Thumb Code    20  stm32f10x_rcc.o(.text)
    RCC_ITConfig                             0x0800394b   Thumb Code    26  stm32f10x_rcc.o(.text)
    RCC_USBCLKConfig                         0x08003965   Thumb Code     6  stm32f10x_rcc.o(.text)
    RCC_ADCCLKConfig                         0x0800396b   Thumb Code    18  stm32f10x_rcc.o(.text)
    RCC_LSEConfig                            0x0800397d   Thumb Code    44  stm32f10x_rcc.o(.text)
    RCC_LSICmd                               0x080039a9   Thumb Code     6  stm32f10x_rcc.o(.text)
    RCC_RTCCLKConfig                         0x080039af   Thumb Code    12  stm32f10x_rcc.o(.text)
    RCC_RTCCLKCmd                            0x080039bb   Thumb Code     8  stm32f10x_rcc.o(.text)
    RCC_GetClocksFreq                        0x080039c3   Thumb Code   192  stm32f10x_rcc.o(.text)
    RCC_AHBPeriphClockCmd                    0x08003a83   Thumb Code    26  stm32f10x_rcc.o(.text)
    RCC_APB2PeriphClockCmd                   0x08003a9d   Thumb Code    26  stm32f10x_rcc.o(.text)
    RCC_APB1PeriphClockCmd                   0x08003ab7   Thumb Code    26  stm32f10x_rcc.o(.text)
    RCC_APB2PeriphResetCmd                   0x08003ad1   Thumb Code    26  stm32f10x_rcc.o(.text)
    RCC_APB1PeriphResetCmd                   0x08003aeb   Thumb Code    26  stm32f10x_rcc.o(.text)
    RCC_BackupResetCmd                       0x08003b05   Thumb Code     8  stm32f10x_rcc.o(.text)
    RCC_ClockSecuritySystemCmd               0x08003b0d   Thumb Code     6  stm32f10x_rcc.o(.text)
    RCC_MCOConfig                            0x08003b13   Thumb Code     6  stm32f10x_rcc.o(.text)
    RCC_ClearFlag                            0x08003b19   Thumb Code    14  stm32f10x_rcc.o(.text)
    RCC_GetITStatus                          0x08003b27   Thumb Code    20  stm32f10x_rcc.o(.text)
    RCC_ClearITPendingBit                    0x08003b3b   Thumb Code     6  stm32f10x_rcc.o(.text)
    TIM_DeInit                               0x08003b6d   Thumb Code   424  stm32f10x_tim.o(.text)
    TIM_TimeBaseInit                         0x08003d15   Thumb Code   122  stm32f10x_tim.o(.text)
    TIM_OC1Init                              0x08003d8f   Thumb Code   132  stm32f10x_tim.o(.text)
    TIM_OC2Init                              0x08003e13   Thumb Code   154  stm32f10x_tim.o(.text)
    TIM_OC3Init                              0x08003ead   Thumb Code   150  stm32f10x_tim.o(.text)
    TIM_OC4Init                              0x08003f43   Thumb Code   182  stm32f10x_tim.o(.text)
    TIM_SetIC4Prescaler                      0x08003ff9   Thumb Code    26  stm32f10x_tim.o(.text)
    TIM_SetIC3Prescaler                      0x08004095   Thumb Code    18  stm32f10x_tim.o(.text)
    TIM_SetIC2Prescaler                      0x08004121   Thumb Code    26  stm32f10x_tim.o(.text)
    TIM_SetIC1Prescaler                      0x080041bd   Thumb Code    18  stm32f10x_tim.o(.text)
    TIM_ICInit                               0x0800423b   Thumb Code   150  stm32f10x_tim.o(.text)
    TIM_PWMIConfig                           0x080042d1   Thumb Code   124  stm32f10x_tim.o(.text)
    TIM_BDTRConfig                           0x0800434d   Thumb Code    32  stm32f10x_tim.o(.text)
    TIM_TimeBaseStructInit                   0x0800436d   Thumb Code    18  stm32f10x_tim.o(.text)
    TIM_OCStructInit                         0x0800437f   Thumb Code    20  stm32f10x_tim.o(.text)
    TIM_ICStructInit                         0x08004393   Thumb Code    18  stm32f10x_tim.o(.text)
    TIM_BDTRStructInit                       0x080043a5   Thumb Code    40  stm32f10x_tim.o(.text)
    TIM_Cmd                                  0x080043cd   Thumb Code    24  stm32f10x_tim.o(.text)
    TIM_CtrlPWMOutputs                       0x080043e5   Thumb Code    30  stm32f10x_tim.o(.text)
    TIM_ITConfig                             0x08004403   Thumb Code    18  stm32f10x_tim.o(.text)
    TIM_GenerateEvent                        0x08004415   Thumb Code     4  stm32f10x_tim.o(.text)
    TIM_DMAConfig                            0x08004419   Thumb Code    10  stm32f10x_tim.o(.text)
    TIM_DMACmd                               0x08004423   Thumb Code    18  stm32f10x_tim.o(.text)
    TIM_InternalClockConfig                  0x08004435   Thumb Code    12  stm32f10x_tim.o(.text)
    TIM_SelectInputTrigger                   0x08004441   Thumb Code    18  stm32f10x_tim.o(.text)
    TIM_ITRxExternalClockConfig              0x08004453   Thumb Code    24  stm32f10x_tim.o(.text)
    TIM_TIxExternalClockConfig               0x0800446b   Thumb Code    62  stm32f10x_tim.o(.text)
    TIM_ETRConfig                            0x080044a9   Thumb Code    28  stm32f10x_tim.o(.text)
    TIM_ETRClockMode1Config                  0x080044c5   Thumb Code    54  stm32f10x_tim.o(.text)
    TIM_ETRClockMode2Config                  0x080044fb   Thumb Code    32  stm32f10x_tim.o(.text)
    TIM_PrescalerConfig                      0x0800451b   Thumb Code     6  stm32f10x_tim.o(.text)
    TIM_CounterModeConfig                    0x08004521   Thumb Code    18  stm32f10x_tim.o(.text)
    TIM_EncoderInterfaceConfig               0x08004533   Thumb Code    66  stm32f10x_tim.o(.text)
    TIM_ForcedOC1Config                      0x08004575   Thumb Code    18  stm32f10x_tim.o(.text)
    TIM_ForcedOC2Config                      0x08004587   Thumb Code    26  stm32f10x_tim.o(.text)
    TIM_ForcedOC3Config                      0x080045a1   Thumb Code    18  stm32f10x_tim.o(.text)
    TIM_ForcedOC4Config                      0x080045b3   Thumb Code    26  stm32f10x_tim.o(.text)
    TIM_ARRPreloadConfig                     0x080045cd   Thumb Code    24  stm32f10x_tim.o(.text)
    TIM_SelectCOM                            0x080045e5   Thumb Code    24  stm32f10x_tim.o(.text)
    TIM_SelectCCDMA                          0x080045fd   Thumb Code    24  stm32f10x_tim.o(.text)
    TIM_CCPreloadControl                     0x08004615   Thumb Code    24  stm32f10x_tim.o(.text)
    TIM_OC1PreloadConfig                     0x0800462d   Thumb Code    18  stm32f10x_tim.o(.text)
    TIM_OC2PreloadConfig                     0x0800463f   Thumb Code    26  stm32f10x_tim.o(.text)
    TIM_OC3PreloadConfig                     0x08004659   Thumb Code    18  stm32f10x_tim.o(.text)
    TIM_OC4PreloadConfig                     0x0800466b   Thumb Code    26  stm32f10x_tim.o(.text)
    TIM_OC1FastConfig                        0x08004685   Thumb Code    18  stm32f10x_tim.o(.text)
    TIM_OC2FastConfig                        0x08004697   Thumb Code    26  stm32f10x_tim.o(.text)
    TIM_OC3FastConfig                        0x080046b1   Thumb Code    18  stm32f10x_tim.o(.text)
    TIM_OC4FastConfig                        0x080046c3   Thumb Code    26  stm32f10x_tim.o(.text)
    TIM_ClearOC1Ref                          0x080046dd   Thumb Code    18  stm32f10x_tim.o(.text)
    TIM_ClearOC2Ref                          0x080046ef   Thumb Code    24  stm32f10x_tim.o(.text)
    TIM_ClearOC3Ref                          0x08004707   Thumb Code    18  stm32f10x_tim.o(.text)
    TIM_ClearOC4Ref                          0x08004719   Thumb Code    24  stm32f10x_tim.o(.text)
    TIM_OC1PolarityConfig                    0x08004731   Thumb Code    18  stm32f10x_tim.o(.text)
    TIM_OC1NPolarityConfig                   0x08004743   Thumb Code    18  stm32f10x_tim.o(.text)
    TIM_OC2PolarityConfig                    0x08004755   Thumb Code    26  stm32f10x_tim.o(.text)
    TIM_OC2NPolarityConfig                   0x0800476f   Thumb Code    26  stm32f10x_tim.o(.text)
    TIM_OC3PolarityConfig                    0x08004789   Thumb Code    26  stm32f10x_tim.o(.text)
    TIM_OC3NPolarityConfig                   0x080047a3   Thumb Code    26  stm32f10x_tim.o(.text)
    TIM_OC4PolarityConfig                    0x080047bd   Thumb Code    26  stm32f10x_tim.o(.text)
    TIM_CCxCmd                               0x080047d7   Thumb Code    30  stm32f10x_tim.o(.text)
    TIM_CCxNCmd                              0x080047f5   Thumb Code    30  stm32f10x_tim.o(.text)
    TIM_SelectOCxM                           0x08004813   Thumb Code    82  stm32f10x_tim.o(.text)
    TIM_UpdateDisableConfig                  0x08004865   Thumb Code    24  stm32f10x_tim.o(.text)
    TIM_UpdateRequestConfig                  0x0800487d   Thumb Code    24  stm32f10x_tim.o(.text)
    TIM_SelectHallSensor                     0x08004895   Thumb Code    24  stm32f10x_tim.o(.text)
    TIM_SelectOnePulseMode                   0x080048ad   Thumb Code    18  stm32f10x_tim.o(.text)
    TIM_SelectOutputTrigger                  0x080048bf   Thumb Code    18  stm32f10x_tim.o(.text)
    TIM_SelectSlaveMode                      0x080048d1   Thumb Code    18  stm32f10x_tim.o(.text)
    TIM_SelectMasterSlaveMode                0x080048e3   Thumb Code    18  stm32f10x_tim.o(.text)
    TIM_SetCounter                           0x080048f5   Thumb Code     4  stm32f10x_tim.o(.text)
    TIM_SetAutoreload                        0x080048f9   Thumb Code     4  stm32f10x_tim.o(.text)
    TIM_SetCompare1                          0x080048fd   Thumb Code     4  stm32f10x_tim.o(.text)
    TIM_SetCompare2                          0x08004901   Thumb Code     4  stm32f10x_tim.o(.text)
    TIM_SetCompare3                          0x08004905   Thumb Code     4  stm32f10x_tim.o(.text)
    TIM_SetCompare4                          0x08004909   Thumb Code     6  stm32f10x_tim.o(.text)
    TIM_SetClockDivision                     0x0800490f   Thumb Code    18  stm32f10x_tim.o(.text)
    TIM_GetCapture1                          0x08004921   Thumb Code     6  stm32f10x_tim.o(.text)
    TIM_GetCapture2                          0x08004927   Thumb Code     6  stm32f10x_tim.o(.text)
    TIM_GetCapture3                          0x0800492d   Thumb Code     6  stm32f10x_tim.o(.text)
    TIM_GetCapture4                          0x08004933   Thumb Code     8  stm32f10x_tim.o(.text)
    TIM_GetCounter                           0x0800493b   Thumb Code     6  stm32f10x_tim.o(.text)
    TIM_GetPrescaler                         0x08004941   Thumb Code     6  stm32f10x_tim.o(.text)
    TIM_GetFlagStatus                        0x08004947   Thumb Code    18  stm32f10x_tim.o(.text)
    TIM_ClearFlag                            0x08004959   Thumb Code     6  stm32f10x_tim.o(.text)
    TIM_GetITStatus                          0x0800495f   Thumb Code    34  stm32f10x_tim.o(.text)
    TIM_ClearITPendingBit                    0x08004981   Thumb Code     6  stm32f10x_tim.o(.text)
    USART_DeInit                             0x08004989   Thumb Code   134  stm32f10x_usart.o(.text)
    USART_Init                               0x08004a0f   Thumb Code   210  stm32f10x_usart.o(.text)
    USART_StructInit                         0x08004ae1   Thumb Code    24  stm32f10x_usart.o(.text)
    USART_ClockInit                          0x08004af9   Thumb Code    34  stm32f10x_usart.o(.text)
    USART_ClockStructInit                    0x08004b1b   Thumb Code    12  stm32f10x_usart.o(.text)
    USART_Cmd                                0x08004b27   Thumb Code    24  stm32f10x_usart.o(.text)
    USART_ITConfig                           0x08004b3f   Thumb Code    74  stm32f10x_usart.o(.text)
    USART_DMACmd                             0x08004b89   Thumb Code    18  stm32f10x_usart.o(.text)
    USART_SetAddress                         0x08004b9b   Thumb Code    18  stm32f10x_usart.o(.text)
    USART_WakeUpConfig                       0x08004bad   Thumb Code    18  stm32f10x_usart.o(.text)
    USART_ReceiverWakeUpCmd                  0x08004bbf   Thumb Code    24  stm32f10x_usart.o(.text)
    USART_LINBreakDetectLengthConfig         0x08004bd7   Thumb Code    18  stm32f10x_usart.o(.text)
    USART_LINCmd                             0x08004be9   Thumb Code    24  stm32f10x_usart.o(.text)
    USART_SendData                           0x08004c01   Thumb Code     8  stm32f10x_usart.o(.text)
    USART_ReceiveData                        0x08004c09   Thumb Code    10  stm32f10x_usart.o(.text)
    USART_SendBreak                          0x08004c13   Thumb Code    10  stm32f10x_usart.o(.text)
    USART_SetGuardTime                       0x08004c1d   Thumb Code    16  stm32f10x_usart.o(.text)
    USART_SetPrescaler                       0x08004c2d   Thumb Code    16  stm32f10x_usart.o(.text)
    USART_SmartCardCmd                       0x08004c3d   Thumb Code    24  stm32f10x_usart.o(.text)
    USART_SmartCardNACKCmd                   0x08004c55   Thumb Code    24  stm32f10x_usart.o(.text)
    USART_HalfDuplexCmd                      0x08004c6d   Thumb Code    24  stm32f10x_usart.o(.text)
    USART_OverSampling8Cmd                   0x08004c85   Thumb Code    22  stm32f10x_usart.o(.text)
    USART_OneBitMethodCmd                    0x08004c9b   Thumb Code    24  stm32f10x_usart.o(.text)
    USART_IrDAConfig                         0x08004cb3   Thumb Code    18  stm32f10x_usart.o(.text)
    USART_IrDACmd                            0x08004cc5   Thumb Code    24  stm32f10x_usart.o(.text)
    USART_GetFlagStatus                      0x08004cdd   Thumb Code    26  stm32f10x_usart.o(.text)
    USART_ClearFlag                          0x08004cf7   Thumb Code    18  stm32f10x_usart.o(.text)
    USART_GetITStatus                        0x08004d09   Thumb Code    84  stm32f10x_usart.o(.text)
    USART_ClearITPendingBit                  0x08004d5d   Thumb Code    52  stm32f10x_usart.o(.text)
    __use_two_region_memory                  0x08004d91   Thumb Code     2  heapauxi.o(.text)
    __rt_heap_escrow$2region                 0x08004d93   Thumb Code     2  heapauxi.o(.text)
    __rt_heap_expand$2region                 0x08004d95   Thumb Code     2  heapauxi.o(.text)
    __read_errno                             0x08004d97   Thumb Code    10  _rserrno.o(.text)
    __set_errno                              0x08004da1   Thumb Code    12  _rserrno.o(.text)
    __aeabi_errno_addr                       0x08004dad   Thumb Code     8  rt_errno_addr_intlibspace.o(.text)
    __errno$intlibspace                      0x08004dad   Thumb Code     0  rt_errno_addr_intlibspace.o(.text)
    __rt_errno_addr$intlibspace              0x08004dad   Thumb Code     0  rt_errno_addr_intlibspace.o(.text)
    __user_libspace                          0x08004db5   Thumb Code     8  libspace.o(.text)
    __user_perproc_libspace                  0x08004db5   Thumb Code     0  libspace.o(.text)
    __user_perthread_libspace                0x08004db5   Thumb Code     0  libspace.o(.text)
    __user_setup_stackheap                   0x08004dbd   Thumb Code    74  sys_stackheap_outer.o(.text)
    exit                                     0x08004e07   Thumb Code    12  exit.o(.text)
    _sys_exit                                0x08004e15   Thumb Code     8  sys_exit.o(.text)
    __I$use$semihosting                      0x08004e21   Thumb Code     0  use_no_semi.o(.text)
    __use_no_semihosting_swi                 0x08004e21   Thumb Code     2  use_no_semi.o(.text)
    __ARM_fpclassify                         0x08004e23   Thumb Code    40  fpclassify.o(i.__ARM_fpclassify)
    __semihosting_library_function           0x08004e23   Thumb Code     0  indicate_semi.o(.text)
    __kernel_poly                            0x08004e4b   Thumb Code   170  poly.o(i.__kernel_poly)
    __mathlib_dbl_underflow                  0x08004ef5   Thumb Code    10  dunder.o(i.__mathlib_dbl_underflow)
    asin                                     0x08004f05   Thumb Code   584  asin.o(i.asin)
    atan                                     0x08005181   Thumb Code   478  atan.o(i.atan)
    atan2                                    0x080053a5   Thumb Code   346  atan2.o(i.atan2)
    pow                                      0x08005525   Thumb Code  2510  pow.o(i.pow)
    sqrt                                     0x08005f05   Thumb Code    78  sqrt.o(i.sqrt)
    __aeabi_d2f                              0x08005f55   Thumb Code     0  d2f.o(x$fpl$d2f)
    _d2f                                     0x08005f55   Thumb Code    98  d2f.o(x$fpl$d2f)
    __aeabi_dadd                             0x08005fb9   Thumb Code     0  daddsub_clz.o(x$fpl$dadd)
    _dadd                                    0x08005fb9   Thumb Code   332  daddsub_clz.o(x$fpl$dadd)
    __fpl_dcheck_NaN1                        0x08006109   Thumb Code    10  dcheck1.o(x$fpl$dcheck1)
    __fpl_dcmp_Inf                           0x08006119   Thumb Code    24  dcmpi.o(x$fpl$dcmpinf)
    __aeabi_ddiv                             0x08006131   Thumb Code     0  ddiv.o(x$fpl$ddiv)
    _ddiv                                    0x08006131   Thumb Code   552  ddiv.o(x$fpl$ddiv)
    __aeabi_d2iz                             0x080063e1   Thumb Code     0  dfix.o(x$fpl$dfix)
    _dfix                                    0x080063e1   Thumb Code    94  dfix.o(x$fpl$dfix)
    __aeabi_i2d                              0x0800643f   Thumb Code     0  dflt_clz.o(x$fpl$dflt)
    _dflt                                    0x0800643f   Thumb Code    46  dflt_clz.o(x$fpl$dflt)
    __aeabi_cdcmple                          0x0800646d   Thumb Code     0  dleqf.o(x$fpl$dleqf)
    _dcmple                                  0x0800646d   Thumb Code   120  dleqf.o(x$fpl$dleqf)
    __fpl_dcmple_InfNaN                      0x080064cf   Thumb Code     0  dleqf.o(x$fpl$dleqf)
    __aeabi_dmul                             0x080064e5   Thumb Code     0  dmul.o(x$fpl$dmul)
    _dmul                                    0x080064e5   Thumb Code   332  dmul.o(x$fpl$dmul)
    __fpl_dnaninf                            0x08006639   Thumb Code   156  dnaninf.o(x$fpl$dnaninf)
    __fpl_dretinf                            0x080066d5   Thumb Code    12  dretinf.o(x$fpl$dretinf)
    __aeabi_cdrcmple                         0x080066e1   Thumb Code     0  drleqf.o(x$fpl$drleqf)
    _drcmple                                 0x080066e1   Thumb Code   108  drleqf.o(x$fpl$drleqf)
    __aeabi_drsub                            0x0800674d   Thumb Code     0  daddsub_clz.o(x$fpl$drsb)
    _drsb                                    0x0800674d   Thumb Code    22  daddsub_clz.o(x$fpl$drsb)
    _dsqrt                                   0x08006765   Thumb Code   456  dsqrt_noumaal.o(x$fpl$dsqrt)
    __aeabi_dsub                             0x08006931   Thumb Code     0  daddsub_clz.o(x$fpl$dsub)
    _dsub                                    0x08006931   Thumb Code   464  daddsub_clz.o(x$fpl$dsub)
    __aeabi_f2d                              0x08006b05   Thumb Code     0  f2d.o(x$fpl$f2d)
    _f2d                                     0x08006b05   Thumb Code    86  f2d.o(x$fpl$f2d)
    __aeabi_fadd                             0x08006b5d   Thumb Code     0  faddsub_clz.o(x$fpl$fadd)
    _fadd                                    0x08006b5d   Thumb Code   196  faddsub_clz.o(x$fpl$fadd)
    __fpl_fcmp_Inf                           0x08006c21   Thumb Code    24  fcmpi.o(x$fpl$fcmpinf)
    __aeabi_fdiv                             0x08006c39   Thumb Code     0  fdiv.o(x$fpl$fdiv)
    _fdiv                                    0x08006c39   Thumb Code   384  fdiv.o(x$fpl$fdiv)
    __aeabi_cfcmpeq                          0x08006dbd   Thumb Code     0  feqf.o(x$fpl$feqf)
    _fcmpeq                                  0x08006dbd   Thumb Code   104  feqf.o(x$fpl$feqf)
    __aeabi_f2iz                             0x08006e25   Thumb Code     0  ffix.o(x$fpl$ffix)
    _ffix                                    0x08006e25   Thumb Code    54  ffix.o(x$fpl$ffix)
    __aeabi_i2f                              0x08006e5d   Thumb Code     0  fflt_clz.o(x$fpl$fflt)
    _fflt                                    0x08006e5d   Thumb Code    48  fflt_clz.o(x$fpl$fflt)
    __aeabi_ui2f                             0x08006e8d   Thumb Code     0  fflt_clz.o(x$fpl$ffltu)
    _ffltu                                   0x08006e8d   Thumb Code    38  fflt_clz.o(x$fpl$ffltu)
    __aeabi_fmul                             0x08006eb5   Thumb Code     0  fmul.o(x$fpl$fmul)
    _fmul                                    0x08006eb5   Thumb Code   258  fmul.o(x$fpl$fmul)
    __fpl_fnaninf                            0x08006fb7   Thumb Code   140  fnaninf.o(x$fpl$fnaninf)
    __fpl_fretinf                            0x08007043   Thumb Code    10  fretinf.o(x$fpl$fretinf)
    __aeabi_frsub                            0x0800704d   Thumb Code     0  faddsub_clz.o(x$fpl$frsb)
    _frsb                                    0x0800704d   Thumb Code    20  faddsub_clz.o(x$fpl$frsb)
    __aeabi_fsub                             0x08007061   Thumb Code     0  faddsub_clz.o(x$fpl$fsub)
    _fsub                                    0x08007061   Thumb Code   234  faddsub_clz.o(x$fpl$fsub)
    __fpl_return_NaN                         0x0800714b   Thumb Code   100  retnan.o(x$fpl$retnan)
    __ARM_scalbn                             0x080071af   Thumb Code    92  scalbn.o(x$fpl$scalbn)
    __fpl_cmpreturn                          0x0800720b   Thumb Code    48  trapv.o(x$fpl$trapveneer)
    __I$use$fp                               0x0800723a   Number         0  usenofp.o(x$fpl$usenofp)
    __mathlib_zero                           0x080073b0   Data           8  qnan.o(.constdata)
    Region$$Table$$Base                      0x080073b8   Number         0  anon$$obj.o(Region$$Table)
    Region$$Table$$Limit                     0x080073d8   Number         0  anon$$obj.o(Region$$Table)
    SystemCoreClock                          0x20000000   Data           4  system_stm32f10x.o(.data)
    AHBPrescTable                            0x20000004   Data          16  system_stm32f10x.o(.data)
    HMC5883_lastx                            0x20000018   Data           4  hmc5883l.o(.data)
    HMC5883_lasty                            0x2000001c   Data           4  hmc5883l.o(.data)
    HMC5883_lastz                            0x20000020   Data           4  hmc5883l.o(.data)
    exInt                                    0x20000024   Data           4  imu.o(.data)
    eyInt                                    0x20000028   Data           4  imu.o(.data)
    ezInt                                    0x2000002c   Data           4  imu.o(.data)
    q0                                       0x20000030   Data           4  imu.o(.data)
    q1                                       0x20000034   Data           4  imu.o(.data)
    q2                                       0x20000038   Data           4  imu.o(.data)
    q3                                       0x2000003c   Data           4  imu.o(.data)
    integralFBhand                           0x20000040   Data           4  imu.o(.data)
    handdiff                                 0x20000044   Data           4  imu.o(.data)
    lastUpdate                               0x20000048   Data           4  imu.o(.data)
    now                                      0x2000004c   Data           4  imu.o(.data)
    lightc                                   0x200000f0   Data           1  led.o(.data)
    Gx_offset                                0x200000f2   Data           2  mpu6050.o(.data)
    Gy_offset                                0x200000f4   Data           2  mpu6050.o(.data)
    Gz_offset                                0x200000f6   Data           2  mpu6050.o(.data)
    MPU6050_Lastax                           0x200000f8   Data           2  mpu6050.o(.data)
    MPU6050_Lastay                           0x200000fa   Data           2  mpu6050.o(.data)
    MPU6050_Lastaz                           0x200000fc   Data           2  mpu6050.o(.data)
    MPU6050_Lastgx                           0x200000fe   Data           2  mpu6050.o(.data)
    MPU6050_Lastgy                           0x20000100   Data           2  mpu6050.o(.data)
    MPU6050_Lastgz                           0x20000102   Data           2  mpu6050.o(.data)
    U2TxCounter                              0x20000104   Data           1  uart2.o(.data)
    U2count                                  0x20000105   Data           1  uart2.o(.data)
    rx_wr_index                              0x20000106   Data           1  uart2.o(.data)
    RC_Flag                                  0x20000107   Data           1  uart2.o(.data)
    TxCounter                                0x20000108   Data           1  uarts.o(.data)
    count                                    0x20000109   Data           1  uarts.o(.data)
    temp_index                               0x2000010c   Data           1  bmp180.o(.data)
    press_index                              0x2000010d   Data           1  bmp180.o(.data)
    alt_index                                0x2000010e   Data           1  bmp180.o(.data)
    ac1                                      0x20000110   Data           2  bmp180.o(.data)
    ac2                                      0x20000112   Data           2  bmp180.o(.data)
    ac3                                      0x20000114   Data           2  bmp180.o(.data)
    b1                                       0x20000116   Data           2  bmp180.o(.data)
    b2                                       0x20000118   Data           2  bmp180.o(.data)
    mb                                       0x2000011a   Data           2  bmp180.o(.data)
    mc                                       0x2000011c   Data           2  bmp180.o(.data)
    md                                       0x2000011e   Data           2  bmp180.o(.data)
    ac4                                      0x20000120   Data           2  bmp180.o(.data)
    ac5                                      0x20000122   Data           2  bmp180.o(.data)
    ac6                                      0x20000124   Data           2  bmp180.o(.data)
    b5                                       0x20000128   Data           4  bmp180.o(.data)
    ConvetTime                               0x2000012c   Data           4  bmp180.o(.data)
    _buff                                    0x20000130   Data           3  bmp180.o(.data)
    _oss                                     0x20000134   Data           2  bmp180.o(.data)
    _cm_Offset                               0x20000138   Data           4  bmp180.o(.data)
    _Pa_Offset                               0x2000013c   Data           4  bmp180.o(.data)
    _param_datum                             0x20000140   Data           4  bmp180.o(.data)
    _param_centimeters                       0x20000144   Data           4  bmp180.o(.data)
    BPM085_ST                                0x20000148   Data           1  bmp180.o(.data)
    last_Temperature                         0x2000014c   Data           4  bmp180.o(.data)
    last_Pressure                            0x20000150   Data           4  bmp180.o(.data)
    last_Alt                                 0x20000154   Data           4  bmp180.o(.data)
    Temperature                              0x20000158   Data           4  main.o(.data)
    Pressure                                 0x2000015c   Data           4  main.o(.data)
    Altitude                                 0x20000160   Data           4  main.o(.data)
    state                                    0x20000164   Data           1  main.o(.data)
    ax                                       0x20000166   Data           2  main.o(.data)
    ay                                       0x20000168   Data           2  main.o(.data)
    az                                       0x2000016a   Data           2  main.o(.data)
    gx                                       0x2000016c   Data           2  main.o(.data)
    gy                                       0x2000016e   Data           2  main.o(.data)
    gz                                       0x20000170   Data           2  main.o(.data)
    hx                                       0x20000172   Data           2  main.o(.data)
    hy                                       0x20000174   Data           2  main.o(.data)
    hz                                       0x20000176   Data           2  main.o(.data)
    system_micrsecond                        0x20000178   Data           4  main.o(.data)
    hmcvalue                                 0x2000017c   Data           6  main.o(.data)
    HMC5883_FIFO                             0x20000198   Data          66  hmc5883l.o(.bss)
    mygetqval                                0x200001dc   Data          36  imu.o(.bss)
    buffer                                   0x20000200   Data          14  mpu6050.o(.bss)
    MPU6050_FIFO                             0x2000020e   Data         132  mpu6050.o(.bss)
    U2TxBuffer                               0x20000292   Data         258  uart2.o(.bss)
    rx_buffer                                0x20000394   Data         100  uart2.o(.bss)
    TxBuffer                                 0x200003f8   Data         258  uarts.o(.bss)
    Temp_buffer                              0x200004fc   Data         128  bmp180.o(.bss)
    Press_buffer                             0x2000057c   Data         128  bmp180.o(.bss)
    Alt_buffer                               0x200005fc   Data         128  bmp180.o(.bss)
    __libspace_start                         0x2000067c   Data          96  libspace.o(.bss)
    __temporary_stack_top$libspace           0x200006dc   Data           0  libspace.o(.bss)



==============================================================================

Memory Map of the image

  Image Entry point : 0x08000391

  Load Region LR_1 (Base: 0x08000000, Size: 0x00007570, Max: 0xffffffff, ABSOLUTE, COMPRESSED[0x00007434])

    Execution Region ER_RO (Base: 0x08000000, Size: 0x000073d8, Max: 0xffffffff, ABSOLUTE)

    Base Addr    Size         Type   Attr      Idx    E Section Name        Object

    0x08000000   0x000000ec   Data   RO           89    RESET               startup_stm32f10x_md.o
    0x080000ec   0x00000008   Code   RO          426  * !!!main             c_w.l(__main.o)
    0x080000f4   0x00000034   Code   RO          719    !!!scatter          c_w.l(__scatter.o)
    0x08000128   0x0000005a   Code   RO          717    !!dczerorl2         c_w.l(__dczerorl2.o)
    0x08000182   0x00000002   PAD
    0x08000184   0x0000001c   Code   RO          721    !!handler_zi        c_w.l(__scatter_zi.o)
    0x080001a0   0x00000002   Code   RO          589    .ARM.Collect$$libinit$$00000000  c_w.l(libinit.o)
    0x080001a2   0x00000000   Code   RO          595    .ARM.Collect$$libinit$$00000002  c_w.l(libinit2.o)
    0x080001a2   0x00000000   Code   RO          598    .ARM.Collect$$libinit$$00000008  c_w.l(libinit2.o)
    0x080001a2   0x00000000   Code   RO          600    .ARM.Collect$$libinit$$0000000A  c_w.l(libinit2.o)
    0x080001a2   0x00000000   Code   RO          602    .ARM.Collect$$libinit$$0000000C  c_w.l(libinit2.o)
    0x080001a2   0x00000000   Code   RO          605    .ARM.Collect$$libinit$$0000000F  c_w.l(libinit2.o)
    0x080001a2   0x00000000   Code   RO          607    .ARM.Collect$$libinit$$00000011  c_w.l(libinit2.o)
    0x080001a2   0x00000000   Code   RO          609    .ARM.Collect$$libinit$$00000013  c_w.l(libinit2.o)
    0x080001a2   0x00000000   Code   RO          611    .ARM.Collect$$libinit$$00000015  c_w.l(libinit2.o)
    0x080001a2   0x00000000   Code   RO          613    .ARM.Collect$$libinit$$00000017  c_w.l(libinit2.o)
    0x080001a2   0x00000000   Code   RO          615    .ARM.Collect$$libinit$$00000019  c_w.l(libinit2.o)
    0x080001a2   0x00000000   Code   RO          617    .ARM.Collect$$libinit$$0000001B  c_w.l(libinit2.o)
    0x080001a2   0x00000000   Code   RO          619    .ARM.Collect$$libinit$$0000001D  c_w.l(libinit2.o)
    0x080001a2   0x00000000   Code   RO          621    .ARM.Collect$$libinit$$0000001F  c_w.l(libinit2.o)
    0x080001a2   0x00000000   Code   RO          623    .ARM.Collect$$libinit$$00000021  c_w.l(libinit2.o)
    0x080001a2   0x00000000   Code   RO          625    .ARM.Collect$$libinit$$00000023  c_w.l(libinit2.o)
    0x080001a2   0x00000000   Code   RO          629    .ARM.Collect$$libinit$$0000002A  c_w.l(libinit2.o)
    0x080001a2   0x00000000   Code   RO          631    .ARM.Collect$$libinit$$0000002C  c_w.l(libinit2.o)
    0x080001a2   0x00000000   Code   RO          633    .ARM.Collect$$libinit$$0000002E  c_w.l(libinit2.o)
    0x080001a2   0x00000000   Code   RO          635    .ARM.Collect$$libinit$$00000030  c_w.l(libinit2.o)
    0x080001a2   0x00000002   Code   RO          636    .ARM.Collect$$libinit$$00000031  c_w.l(libinit2.o)
    0x080001a4   0x00000002   Code   RO          658    .ARM.Collect$$libshutdown$$00000000  c_w.l(libshutdown.o)
    0x080001a6   0x00000000   Code   RO          672    .ARM.Collect$$libshutdown$$00000003  c_w.l(libshutdown2.o)
    0x080001a6   0x00000000   Code   RO          675    .ARM.Collect$$libshutdown$$00000006  c_w.l(libshutdown2.o)
    0x080001a6   0x00000000   Code   RO          678    .ARM.Collect$$libshutdown$$00000009  c_w.l(libshutdown2.o)
    0x080001a6   0x00000000   Code   RO          680    .ARM.Collect$$libshutdown$$0000000B  c_w.l(libshutdown2.o)
    0x080001a6   0x00000000   Code   RO          683    .ARM.Collect$$libshutdown$$0000000E  c_w.l(libshutdown2.o)
    0x080001a6   0x00000002   Code   RO          684    .ARM.Collect$$libshutdown$$0000000F  c_w.l(libshutdown2.o)
    0x080001a8   0x00000000   Code   RO          514    .ARM.Collect$$rtentry$$00000000  c_w.l(rtentry.o)
    0x080001a8   0x00000000   Code   RO          554    .ARM.Collect$$rtentry$$00000002  c_w.l(rtentry2.o)
    0x080001a8   0x00000006   Code   RO          566    .ARM.Collect$$rtentry$$00000004  c_w.l(rtentry4.o)
    0x080001ae   0x00000000   Code   RO          556    .ARM.Collect$$rtentry$$00000009  c_w.l(rtentry2.o)
    0x080001ae   0x00000004   Code   RO          557    .ARM.Collect$$rtentry$$0000000A  c_w.l(rtentry2.o)
    0x080001b2   0x00000000   Code   RO          559    .ARM.Collect$$rtentry$$0000000C  c_w.l(rtentry2.o)
    0x080001b2   0x00000008   Code   RO          560    .ARM.Collect$$rtentry$$0000000D  c_w.l(rtentry2.o)
    0x080001ba   0x00000002   Code   RO          592    .ARM.Collect$$rtexit$$00000000  c_w.l(rtexit.o)
    0x080001bc   0x00000000   Code   RO          640    .ARM.Collect$$rtexit$$00000002  c_w.l(rtexit2.o)
    0x080001bc   0x00000004   Code   RO          641    .ARM.Collect$$rtexit$$00000003  c_w.l(rtexit2.o)
    0x080001c0   0x00000006   Code   RO          642    .ARM.Collect$$rtexit$$00000004  c_w.l(rtexit2.o)
    0x080001c6   0x00000002   PAD
    0x080001c8   0x000001c8   Code   RO           17    .text               system_stm32f10x.o
    0x08000390   0x00000040   Code   RO           90  * .text               startup_stm32f10x_md.o
    0x080003d0   0x000000ac   Code   RO           94    .text               delay.o
    0x0800047c   0x0000042e   Code   RO          134    .text               ioi2c.o
    0x080008aa   0x00000002   PAD
    0x080008ac   0x00000290   Code   RO          149    .text               hmc5883l.o
    0x08000b3c   0x00000ca8   Code   RO          177    .text               imu.o
    0x080017e4   0x00000140   Code   RO          223    .text               led.o
    0x08001924   0x000005d4   Code   RO          241    .text               mpu6050.o
    0x08001ef8   0x00000678   Code   RO          264    .text               uart2.o
    0x08002570   0x0000053c   Code   RO          283    .text               uarts.o
    0x08002aac   0x000006dc   Code   RO          299    .text               bmp180.o
    0x08003188   0x000001f8   Code   RO          318    .text               main.o
    0x08003380   0x0000001a   Code   RO          333    .text               stm32f10x_it.o
    0x0800339a   0x00000002   PAD
    0x0800339c   0x000000dc   Code   RO          348    .text               misc.o
    0x08003478   0x00000358   Code   RO          360    .text               stm32f10x_gpio.o
    0x080037d0   0x0000039c   Code   RO          372    .text               stm32f10x_rcc.o
    0x08003b6c   0x00000e1a   Code   RO          386    .text               stm32f10x_tim.o
    0x08004986   0x00000002   PAD
    0x08004988   0x00000408   Code   RO          398    .text               stm32f10x_usart.o
    0x08004d90   0x00000006   Code   RO          424    .text               c_w.l(heapauxi.o)
    0x08004d96   0x00000016   Code   RO          515    .text               c_w.l(_rserrno.o)
    0x08004dac   0x00000008   Code   RO          571    .text               c_w.l(rt_errno_addr_intlibspace.o)
    0x08004db4   0x00000008   Code   RO          577    .text               c_w.l(libspace.o)
    0x08004dbc   0x0000004a   Code   RO          580    .text               c_w.l(sys_stackheap_outer.o)
    0x08004e06   0x0000000c   Code   RO          582    .text               c_w.l(exit.o)
    0x08004e12   0x00000002   PAD
    0x08004e14   0x0000000c   Code   RO          650    .text               c_w.l(sys_exit.o)
    0x08004e20   0x00000002   Code   RO          661    .text               c_w.l(use_no_semi.o)
    0x08004e22   0x00000000   Code   RO          663    .text               c_w.l(indicate_semi.o)
    0x08004e22   0x00000028   Code   RO          548    i.__ARM_fpclassify  m_ws.l(fpclassify.o)
    0x08004e4a   0x000000aa   Code   RO          550    i.__kernel_poly     m_ws.l(poly.o)
    0x08004ef4   0x00000010   Code   RO          546    i.__mathlib_dbl_underflow  m_ws.l(dunder.o)
    0x08004f04   0x0000027c   Code   RO          479    i.asin              m_ws.l(asin.o)
    0x08005180   0x00000224   Code   RO          537    i.atan              m_ws.l(atan.o)
    0x080053a4   0x00000180   Code   RO          489    i.atan2             m_ws.l(atan2.o)
    0x08005524   0x000009e0   Code   RO          497    i.pow               m_ws.l(pow.o)
    0x08005f04   0x0000004e   Code   RO          507    i.sqrt              m_ws.l(sqrt.o)
    0x08005f52   0x00000002   PAD
    0x08005f54   0x00000062   Code   RO          428    x$fpl$d2f           fz_ws.l(d2f.o)
    0x08005fb6   0x00000002   PAD
    0x08005fb8   0x00000150   Code   RO          430    x$fpl$dadd          fz_ws.l(daddsub_clz.o)
    0x08006108   0x00000010   Code   RO          573    x$fpl$dcheck1       fz_ws.l(dcheck1.o)
    0x08006118   0x00000018   Code   RO          575    x$fpl$dcmpinf       fz_ws.l(dcmpi.o)
    0x08006130   0x000002b0   Code   RO          437    x$fpl$ddiv          fz_ws.l(ddiv.o)
    0x080063e0   0x0000005e   Code   RO          440    x$fpl$dfix          fz_ws.l(dfix.o)
    0x0800643e   0x0000002e   Code   RO          445    x$fpl$dflt          fz_ws.l(dflt_clz.o)
    0x0800646c   0x00000078   Code   RO          517    x$fpl$dleqf         fz_ws.l(dleqf.o)
    0x080064e4   0x00000154   Code   RO          450    x$fpl$dmul          fz_ws.l(dmul.o)
    0x08006638   0x0000009c   Code   RO          519    x$fpl$dnaninf       fz_ws.l(dnaninf.o)
    0x080066d4   0x0000000c   Code   RO          521    x$fpl$dretinf       fz_ws.l(dretinf.o)
    0x080066e0   0x0000006c   Code   RO          523    x$fpl$drleqf        fz_ws.l(drleqf.o)
    0x0800674c   0x00000016   Code   RO          431    x$fpl$drsb          fz_ws.l(daddsub_clz.o)
    0x08006762   0x00000002   PAD
    0x08006764   0x000001cc   Code   RO          525    x$fpl$dsqrt         fz_ws.l(dsqrt_noumaal.o)
    0x08006930   0x000001d4   Code   RO          432    x$fpl$dsub          fz_ws.l(daddsub_clz.o)
    0x08006b04   0x00000056   Code   RO          452    x$fpl$f2d           fz_ws.l(f2d.o)
    0x08006b5a   0x00000002   PAD
    0x08006b5c   0x000000c4   Code   RO          454    x$fpl$fadd          fz_ws.l(faddsub_clz.o)
    0x08006c20   0x00000018   Code   RO          527    x$fpl$fcmpinf       fz_ws.l(fcmpi.o)
    0x08006c38   0x00000184   Code   RO          461    x$fpl$fdiv          fz_ws.l(fdiv.o)
    0x08006dbc   0x00000068   Code   RO          464    x$fpl$feqf          fz_ws.l(feqf.o)
    0x08006e24   0x00000036   Code   RO          466    x$fpl$ffix          fz_ws.l(ffix.o)
    0x08006e5a   0x00000002   PAD
    0x08006e5c   0x00000030   Code   RO          471    x$fpl$fflt          fz_ws.l(fflt_clz.o)
    0x08006e8c   0x00000026   Code   RO          470    x$fpl$ffltu         fz_ws.l(fflt_clz.o)
    0x08006eb2   0x00000002   PAD
    0x08006eb4   0x00000102   Code   RO          476    x$fpl$fmul          fz_ws.l(fmul.o)
    0x08006fb6   0x0000008c   Code   RO          529    x$fpl$fnaninf       fz_ws.l(fnaninf.o)
    0x08007042   0x0000000a   Code   RO          531    x$fpl$fretinf       fz_ws.l(fretinf.o)
    0x0800704c   0x00000014   Code   RO          455    x$fpl$frsb          fz_ws.l(faddsub_clz.o)
    0x08007060   0x000000ea   Code   RO          456    x$fpl$fsub          fz_ws.l(faddsub_clz.o)
    0x0800714a   0x00000064   Code   RO          590    x$fpl$retnan        fz_ws.l(retnan.o)
    0x080071ae   0x0000005c   Code   RO          533    x$fpl$scalbn        fz_ws.l(scalbn.o)
    0x0800720a   0x00000030   Code   RO          637    x$fpl$trapveneer    fz_ws.l(trapv.o)
    0x0800723a   0x00000000   Code   RO          535    x$fpl$usenofp       fz_ws.l(usenofp.o)
    0x0800723a   0x00000006   PAD
    0x08007240   0x00000050   Data   RO          480    .constdata          m_ws.l(asin.o)
    0x08007290   0x00000088   Data   RO          498    .constdata          m_ws.l(pow.o)
    0x08007318   0x00000098   Data   RO          538    .constdata          m_ws.l(atan.o)
    0x080073b0   0x00000008   Data   RO          552    .constdata          m_ws.l(qnan.o)
    0x080073b8   0x00000020   Data   RO          715    Region$$Table       anon$$obj.o


    Execution Region ER_RW (Base: 0x20000000, Size: 0x00000198, Max: 0xffffffff, ABSOLUTE, COMPRESSED[0x0000005c])

    Base Addr    Size         Type   Attr      Idx    E Section Name        Object

    0x20000000   0x00000014   Data   RW           18    .data               system_stm32f10x.o
    0x20000014   0x00000004   Data   RW           95    .data               delay.o
    0x20000018   0x0000000c   Data   RW          151    .data               hmc5883l.o
    0x20000024   0x0000002c   Data   RW          179    .data               imu.o
    0x20000050   0x000000a1   Data   RW          224    .data               led.o
    0x200000f1   0x00000001   PAD
    0x200000f2   0x00000012   Data   RW          243    .data               mpu6050.o
    0x20000104   0x00000004   Data   RW          266    .data               uart2.o
    0x20000108   0x00000002   Data   RW          285    .data               uarts.o
    0x2000010a   0x00000002   PAD
    0x2000010c   0x0000004c   Data   RW          301    .data               bmp180.o
    0x20000158   0x0000002a   Data   RW          319    .data               main.o
    0x20000182   0x00000014   Data   RW          373    .data               stm32f10x_rcc.o


    Execution Region ER_ZI (Base: 0x20000198, Size: 0x00000b48, Max: 0xffffffff, ABSOLUTE)

    Base Addr    Size         Type   Attr      Idx    E Section Name        Object

    0x20000198   0x00000042   Zero   RW          150    .bss                hmc5883l.o
    0x200001da   0x00000002   PAD
    0x200001dc   0x00000024   Zero   RW          178    .bss                imu.o
    0x20000200   0x00000092   Zero   RW          242    .bss                mpu6050.o
    0x20000292   0x00000166   Zero   RW          265    .bss                uart2.o
    0x200003f8   0x00000102   Zero   RW          284    .bss                uarts.o
    0x200004fa   0x00000002   PAD
    0x200004fc   0x00000180   Zero   RW          300    .bss                bmp180.o
    0x2000067c   0x00000060   Zero   RW          578    .bss                c_w.l(libspace.o)
    0x200006dc   0x00000004   PAD
    0x200006e0   0x00000200   Zero   RW           88    HEAP                startup_stm32f10x_md.o
    0x200008e0   0x00000400   Zero   RW           87    STACK               startup_stm32f10x_md.o


==============================================================================

Image component sizes


      Code (inc. data)   RO Data    RW Data    ZI Data      Debug   Object Name

      1756        196          0         76        384       7236   bmp180.o
         0          0          0          0          0       4244   core_cm3.o
       172         10          0          4          0     204323   delay.o
       656         22          0         12         66       3788   hmc5883l.o
      3240        126          0         44         36       3912   imu.o
      1070         20          0          0          0       4461   ioi2c.o
       320         18          0        161          0       1670   led.o
       504         62          0         42          0       1695   main.o
       220         20          0          0          0       1701   misc.o
      1492         50          0         18        146       5281   mpu6050.o
        64         26        236          0       1536        776   startup_stm32f10x_md.o
       856         40          0          0          0       5549   stm32f10x_gpio.o
        26          0          0          0          0       1198   stm32f10x_it.o
       924         44          0         20          0       8684   stm32f10x_rcc.o
      3610         88          0          0          0      22032   stm32f10x_tim.o
      1032         22          0          0          0       8272   stm32f10x_usart.o
       456         36          0         20          0      45115   system_stm32f10x.o
      1656         58          0          4        358       5549   uart2.o
      1340         36          0          2        258       4750   uarts.o

    ----------------------------------------------------------------------
     19400        874        268        408       2788     340236   Object Totals
         0          0         32          0          0          0   (incl. Generated)
         6          0          0          5          4          0   (incl. Padding)

    ----------------------------------------------------------------------

      Code (inc. data)   RO Data    RW Data    ZI Data      Debug   Library Member Name

        90          0          0          0          0          0   __dczerorl2.o
         8          0          0          0          0         68   __main.o
        52          8          0          0          0          0   __scatter.o
        28          0          0          0          0          0   __scatter_zi.o
        22          0          0          0          0        100   _rserrno.o
        12          0          0          0          0         72   exit.o
         6          0          0          0          0        152   heapauxi.o
         0          0          0          0          0          0   indicate_semi.o
         2          0          0          0          0          0   libinit.o
         2          0          0          0          0          0   libinit2.o
         2          0          0          0          0          0   libshutdown.o
         2          0          0          0          0          0   libshutdown2.o
         8          4          0          0         96         68   libspace.o
         8          4          0          0          0         68   rt_errno_addr_intlibspace.o
         0          0          0          0          0          0   rtentry.o
        12          0          0          0          0          0   rtentry2.o
         6          0          0          0          0          0   rtentry4.o
         2          0          0          0          0          0   rtexit.o
        10          0          0          0          0          0   rtexit2.o
        12          4          0          0          0         68   sys_exit.o
        74          0          0          0          0         80   sys_stackheap_outer.o
         2          0          0          0          0         68   use_no_semi.o
        98          4          0          0          0         92   d2f.o
       826         16          0          0          0        356   daddsub_clz.o
        16          4          0          0          0         68   dcheck1.o
        24          0          0          0          0         68   dcmpi.o
       688        140          0          0          0        212   ddiv.o
        94          4          0          0          0         92   dfix.o
        46          0          0          0          0         68   dflt_clz.o
       120          4          0          0          0         92   dleqf.o
       340         12          0          0          0        104   dmul.o
       156          4          0          0          0         92   dnaninf.o
        12          0          0          0          0         68   dretinf.o
       108          0          0          0          0         80   drleqf.o
       460         56          0          0          0        120   dsqrt_noumaal.o
        86          4          0          0          0         84   f2d.o
       450          8          0          0          0        236   faddsub_clz.o
        24          0          0          0          0         68   fcmpi.o
       388         76          0          0          0         96   fdiv.o
       104          4          0          0          0         84   feqf.o
        54          4          0          0          0         84   ffix.o
        86          0          0          0          0        136   fflt_clz.o
       258          4          0          0          0         84   fmul.o
       140          4          0          0          0         84   fnaninf.o
        10          0          0          0          0         68   fretinf.o
       100          0          0          0          0         68   retnan.o
        92          0          0          0          0         68   scalbn.o
        48          0          0          0          0         68   trapv.o
         0          0          0          0          0          0   usenofp.o
       636         52         80          0          0        168   asin.o
       548         70        152          0          0        124   atan.o
       384         38          0          0          0        144   atan2.o
        16          6          0          0          0         68   dunder.o
        40          0          0          0          0         68   fpclassify.o
       170          0          0          0          0         96   poly.o
      2528        190        136          0          0        316   pow.o
         0          0          8          0          0          0   qnan.o
        78          0          0          0          0         84   sqrt.o

    ----------------------------------------------------------------------
      9612        724        376          0        100       4552   Library Totals
        24          0          0          0          4          0   (incl. Padding)

    ----------------------------------------------------------------------

      Code (inc. data)   RO Data    RW Data    ZI Data      Debug   Library Name

       360         20          0          0         96        744   c_w.l
      4828        348          0          0          0       2740   fz_ws.l
      4400        356        376          0          0       1068   m_ws.l

    ----------------------------------------------------------------------
      9612        724        376          0        100       4552   Library Totals

    ----------------------------------------------------------------------

==============================================================================


      Code (inc. data)   RO Data    RW Data    ZI Data      Debug   

     29012       1598        644        408       2888     340992   Grand Totals
     29012       1598        644         92       2888     340992   ELF Image Totals (compressed)
     29012       1598        644         92          0          0   ROM Totals

==============================================================================

    Total RO  Size (Code + RO Data)                29656 (  28.96kB)
    Total RW  Size (RW Data + ZI Data)              3296 (   3.22kB)
    Total ROM Size (Code + RO Data + RW Data)      29748 (  29.05kB)

==============================================================================

